Component: ARM Compiler 5.06 update 6 (build 750) Tool: armlink [4d35ed]

==============================================================================

Section Cross References

    startup_stm32f103xb.o(STACK) refers (Special) to heapauxi.o(.text) for __use_two_region_memory
    startup_stm32f103xb.o(HEAP) refers (Special) to heapauxi.o(.text) for __use_two_region_memory
    startup_stm32f103xb.o(RESET) refers (Special) to heapauxi.o(.text) for __use_two_region_memory
    startup_stm32f103xb.o(RESET) refers to startup_stm32f103xb.o(STACK) for __initial_sp
    startup_stm32f103xb.o(RESET) refers to startup_stm32f103xb.o(.text) for Reset_Handler
    startup_stm32f103xb.o(RESET) refers to stm32f1xx_it.o(i.NMI_Handler) for NMI_Handler
    startup_stm32f103xb.o(RESET) refers to stm32f1xx_it.o(i.HardFault_Handler) for HardFault_Handler
    startup_stm32f103xb.o(RESET) refers to stm32f1xx_it.o(i.MemManage_Handler) for MemManage_Handler
    startup_stm32f103xb.o(RESET) refers to stm32f1xx_it.o(i.BusFault_Handler) for BusFault_Handler
    startup_stm32f103xb.o(RESET) refers to stm32f1xx_it.o(i.UsageFault_Handler) for UsageFault_Handler
    startup_stm32f103xb.o(RESET) refers to stm32f1xx_it.o(i.SVC_Handler) for SVC_Handler
    startup_stm32f103xb.o(RESET) refers to stm32f1xx_it.o(i.DebugMon_Handler) for DebugMon_Handler
    startup_stm32f103xb.o(RESET) refers to stm32f1xx_it.o(i.PendSV_Handler) for PendSV_Handler
    startup_stm32f103xb.o(RESET) refers to stm32f1xx_it.o(i.SysTick_Handler) for SysTick_Handler
    startup_stm32f103xb.o(RESET) refers to stm32f1xx_it.o(i.DMA1_Channel4_IRQHandler) for DMA1_Channel4_IRQHandler
    startup_stm32f103xb.o(RESET) refers to stm32f1xx_it.o(i.DMA1_Channel5_IRQHandler) for DMA1_Channel5_IRQHandler
    startup_stm32f103xb.o(RESET) refers to stm32f1xx_it.o(i.TIM3_IRQHandler) for TIM3_IRQHandler
    startup_stm32f103xb.o(RESET) refers to stm32f1xx_it.o(i.USART1_IRQHandler) for USART1_IRQHandler
    startup_stm32f103xb.o(.text) refers (Special) to heapauxi.o(.text) for __use_two_region_memory
    startup_stm32f103xb.o(.text) refers to system_stm32f1xx.o(i.SystemInit) for SystemInit
    startup_stm32f103xb.o(.text) refers to __main.o(!!!main) for __main
    startup_stm32f103xb.o(.text) refers to startup_stm32f103xb.o(HEAP) for Heap_Mem
    startup_stm32f103xb.o(.text) refers to startup_stm32f103xb.o(STACK) for Stack_Mem
    main.o(i.HAL_TIM_PeriodElapsedCallback) refers to encoder.o(i.read_from_encoder) for read_from_encoder
    main.o(i.HAL_TIM_PeriodElapsedCallback) refers to motor.o(i.calculate_motor) for calculate_motor
    main.o(i.HAL_TIM_PeriodElapsedCallback) refers to pid.o(i.pid_compute_position) for pid_compute_position
    main.o(i.HAL_TIM_PeriodElapsedCallback) refers to motor.o(i.motor_set_PWM) for motor_set_PWM
    main.o(i.HAL_TIM_PeriodElapsedCallback) refers to pid.o(i.pid_compute_velocity) for pid_compute_velocity
    main.o(i.HAL_TIM_PeriodElapsedCallback) refers to send_data_to_qt.o(i.send_data_to_Qt) for send_data_to_Qt
    main.o(i.HAL_TIM_PeriodElapsedCallback) refers to main.o(.bss) for htim2
    main.o(i.HAL_TIM_PeriodElapsedCallback) refers to main.o(.data) for foo_encoder
    main.o(i.HAL_UARTEx_RxEventCallback) refers to stm32f1xx_hal_uart.o(i.HAL_UARTEx_ReceiveToIdle_DMA) for HAL_UARTEx_ReceiveToIdle_DMA
    main.o(i.HAL_UARTEx_RxEventCallback) refers to main.o(.bss) for frame_data_rx
    main.o(i.HAL_UARTEx_RxEventCallback) refers to main.o(.data) for length_frame_rx
    main.o(i.MX_DMA_Init) refers to stm32f1xx_hal_cortex.o(i.HAL_NVIC_SetPriority) for HAL_NVIC_SetPriority
    main.o(i.MX_DMA_Init) refers to stm32f1xx_hal_cortex.o(i.HAL_NVIC_EnableIRQ) for HAL_NVIC_EnableIRQ
    main.o(i.MX_GPIO_Init) refers to stm32f1xx_hal_gpio.o(i.HAL_GPIO_WritePin) for HAL_GPIO_WritePin
    main.o(i.MX_GPIO_Init) refers to stm32f1xx_hal_gpio.o(i.HAL_GPIO_Init) for HAL_GPIO_Init
    main.o(i.MX_TIM1_Init) refers to rt_memclr_w.o(.text) for __aeabi_memclr4
    main.o(i.MX_TIM1_Init) refers to stm32f1xx_hal_tim.o(i.HAL_TIM_PWM_Init) for HAL_TIM_PWM_Init
    main.o(i.MX_TIM1_Init) refers to main.o(i.Error_Handler) for Error_Handler
    main.o(i.MX_TIM1_Init) refers to stm32f1xx_hal_tim_ex.o(i.HAL_TIMEx_MasterConfigSynchronization) for HAL_TIMEx_MasterConfigSynchronization
    main.o(i.MX_TIM1_Init) refers to stm32f1xx_hal_tim.o(i.HAL_TIM_PWM_ConfigChannel) for HAL_TIM_PWM_ConfigChannel
    main.o(i.MX_TIM1_Init) refers to stm32f1xx_hal_tim_ex.o(i.HAL_TIMEx_ConfigBreakDeadTime) for HAL_TIMEx_ConfigBreakDeadTime
    main.o(i.MX_TIM1_Init) refers to stm32f1xx_hal_msp.o(i.HAL_TIM_MspPostInit) for HAL_TIM_MspPostInit
    main.o(i.MX_TIM1_Init) refers to main.o(.bss) for htim1
    main.o(i.MX_TIM2_Init) refers to rt_memclr_w.o(.text) for __aeabi_memclr4
    main.o(i.MX_TIM2_Init) refers to stm32f1xx_hal_tim.o(i.HAL_TIM_Encoder_Init) for HAL_TIM_Encoder_Init
    main.o(i.MX_TIM2_Init) refers to main.o(i.Error_Handler) for Error_Handler
[...]
    .emb_text                                0x08000190   Section        0  maybetermalloc1.o(.emb_text)
    .text                                    0x08000190   Section       64  startup_stm32f103xb.o(.text)
    .text                                    0x080001d0   Section        0  h1_alloc.o(.text)
    .text                                    0x0800022e   Section        0  h1_free.o(.text)
    .text                                    0x0800027c   Section       78  rt_memclr_w.o(.text)
    .text                                    0x080002ca   Section        0  heapauxi.o(.text)
    .text                                    0x080002d0   Section        8  rt_heap_descriptor_intlibspace.o(.text)
    .text                                    0x080002d8   Section        0  hguard.o(.text)
    .text                                    0x080002dc   Section        0  init_alloc.o(.text)
    .text                                    0x08000366   Section        0  h1_init.o(.text)
    .text                                    0x08000374   Section        8  libspace.o(.text)
    .text                                    0x0800037c   Section        0  h1_extend.o(.text)
    .text                                    0x080003b0   Section        0  defsig_rtmem_outer.o(.text)
    .text                                    0x080003be   Section        2  use_no_semi.o(.text)
    .text                                    0x080003c0   Section       74  sys_stackheap_outer.o(.text)
    .text                                    0x080003c0   Section        0  indicate_semi.o(.text)
    .text                                    0x0800040a   Section        0  exit.o(.text)
    .text                                    0x0800041c   Section        0  defsig_exit.o(.text)
    .text                                    0x08000428   Section        0  defsig_rtmem_inner.o(.text)
    .text                                    0x08000478   Section        0  sys_exit.o(.text)
    .text                                    0x08000484   Section        0  defsig_general.o(.text)
    .text                                    0x080004b6   Section        0  sys_wrch.o(.text)
    i.BusFault_Handler                       0x080004c4   Section        0  stm32f1xx_it.o(i.BusFault_Handler)
    i.DMA1_Channel4_IRQHandler               0x080004c8   Section        0  stm32f1xx_it.o(i.DMA1_Channel4_IRQHandler)
    i.DMA1_Channel5_IRQHandler               0x080004d8   Section        0  stm32f1xx_it.o(i.DMA1_Channel5_IRQHandler)
    i.DMA_SetConfig                          0x080004e8   Section        0  stm32f1xx_hal_dma.o(i.DMA_SetConfig)
    DMA_SetConfig                            0x080004e9   Thumb Code    44  stm32f1xx_hal_dma.o(i.DMA_SetConfig)
    i.DebugMon_Handler                       0x08000514   Section        0  stm32f1xx_it.o(i.DebugMon_Handler)
    i.Error_Handler                          0x08000516   Section        0  main.o(i.Error_Handler)
    i.HAL_DMA_Abort                          0x0800051c   Section        0  stm32f1xx_hal_dma.o(i.HAL_DMA_Abort)
    i.HAL_DMA_Abort_IT                       0x08000574   Section        0  stm32f1xx_hal_dma.o(i.HAL_DMA_Abort_IT)
    i.HAL_DMA_IRQHandler                     0x08000624   Section        0  stm32f1xx_hal_dma.o(i.HAL_DMA_IRQHandler)
    i.HAL_DMA_Init                           0x080007c0   Section        0  stm32f1xx_hal_dma.o(i.HAL_DMA_Init)
    i.HAL_DMA_Start_IT                       0x08000828   Section        0  stm32f1xx_hal_dma.o(i.HAL_DMA_Start_IT)
    i.HAL_GPIO_Init                          0x080008c4   Section        0  stm32f1xx_hal_gpio.o(i.HAL_GPIO_Init)
    i.HAL_GPIO_WritePin                      0x08000be4   Section        0  stm32f1xx_hal_gpio.o(i.HAL_GPIO_WritePin)
    i.HAL_GetTick                            0x08000bf0   Section        0  stm32f1xx_hal.o(i.HAL_GetTick)
    i.HAL_IncTick                            0x08000bfc   Section        0  stm32f1xx_hal.o(i.HAL_IncTick)
    i.HAL_Init                               0x08000c14   Section        0  stm32f1xx_hal.o(i.HAL_Init)
    i.HAL_InitTick                           0x08000c3c   Section        0  stm32f1xx_hal.o(i.HAL_InitTick)
    i.HAL_MspInit                            0x08000c88   Section        0  stm32f1xx_hal_msp.o(i.HAL_MspInit)
    i.HAL_NVIC_EnableIRQ                     0x08000cdc   Section        0  stm32f1xx_hal_cortex.o(i.HAL_NVIC_EnableIRQ)
    i.HAL_NVIC_SetPriority                   0x08000cfc   Section        0  stm32f1xx_hal_cortex.o(i.HAL_NVIC_SetPriority)
    i.HAL_NVIC_SetPriorityGrouping           0x08000d78   Section        0  stm32f1xx_hal_cortex.o(i.HAL_NVIC_SetPriorityGrouping)
    i.HAL_RCC_ClockConfig                    0x08000da0   Section        0  stm32f1xx_hal_rcc.o(i.HAL_RCC_ClockConfig)
    i.HAL_RCC_GetHCLKFreq                    0x08000f2c   Section        0  stm32f1xx_hal_rcc.o(i.HAL_RCC_GetHCLKFreq)
    i.HAL_RCC_GetPCLK1Freq                   0x08000f38   Section        0  stm32f1xx_hal_rcc.o(i.HAL_RCC_GetPCLK1Freq)
    i.HAL_RCC_GetPCLK2Freq                   0x08000f58   Section        0  stm32f1xx_hal_rcc.o(i.HAL_RCC_GetPCLK2Freq)
    i.HAL_RCC_GetSysClockFreq                0x08000f78   Section        0  stm32f1xx_hal_rcc.o(i.HAL_RCC_GetSysClockFreq)
    i.HAL_RCC_OscConfig                      0x08000fe8   Section        0  stm32f1xx_hal_rcc.o(i.HAL_RCC_OscConfig)
    i.HAL_SYSTICK_Config                     0x0800144c   Section        0  stm32f1xx_hal_cortex.o(i.HAL_SYSTICK_Config)
    i.HAL_TIMEx_BreakCallback                0x08001480   Section        0  stm32f1xx_hal_tim_ex.o(i.HAL_TIMEx_BreakCallback)
    i.HAL_TIMEx_CommutCallback               0x08001482   Section        0  stm32f1xx_hal_tim_ex.o(i.HAL_TIMEx_CommutCallback)
    i.HAL_TIMEx_ConfigBreakDeadTime          0x08001484   Section        0  stm32f1xx_hal_tim_ex.o(i.HAL_TIMEx_ConfigBreakDeadTime)
    i.HAL_TIMEx_MasterConfigSynchronization  0x080014f8   Section        0  stm32f1xx_hal_tim_ex.o(i.HAL_TIMEx_MasterConfigSynchronization)
    i.HAL_TIM_Base_Init                      0x0800157c   Section        0  stm32f1xx_hal_tim.o(i.HAL_TIM_Base_Init)
    i.HAL_TIM_Base_MspInit                   0x080015e4   Section        0  stm32f1xx_hal_msp.o(i.HAL_TIM_Base_MspInit)
    i.HAL_TIM_Base_Start_IT                  0x08001628   Section        0  stm32f1xx_hal_tim.o(i.HAL_TIM_Base_Start_IT)
    i.HAL_TIM_Base_Stop_IT                   0x080016a0   Section        0  stm32f1xx_hal_tim.o(i.HAL_TIM_Base_Stop_IT)
    i.HAL_TIM_ConfigClockSource              0x080016de   Section        0  stm32f1xx_hal_tim.o(i.HAL_TIM_ConfigClockSource)
    i.HAL_TIM_Encoder_Init                   0x080017ea   Section        0  stm32f1xx_hal_tim.o(i.HAL_TIM_Encoder_Init)
    i.HAL_TIM_Encoder_MspInit                0x080018b0   Section        0  stm32f1xx_hal_msp.o(i.HAL_TIM_Encoder_MspInit)
    i.HAL_TIM_Encoder_Start                  0x0800191c   Section        0  stm32f1xx_hal_tim.o(i.HAL_TIM_Encoder_Start)
    i.HAL_TIM_IC_CaptureCallback             0x080019e8   Section        0  stm32f1xx_hal_tim.o(i.HAL_TIM_IC_CaptureCallback)
    i.HAL_TIM_IRQHandler                     0x080019ea   Section        0  stm32f1xx_hal_tim.o(i.HAL_TIM_IRQHandler)
    i.HAL_TIM_MspPostInit                    0x08001b80   Section        0  stm32f1xx_hal_msp.o(i.HAL_TIM_MspPostInit)
    i.HAL_TIM_OC_DelayElapsedCallback        0x08001bd8   Section        0  stm32f1xx_hal_tim.o(i.HAL_TIM_OC_DelayElapsedCallback)
    i.HAL_TIM_PWM_ConfigChannel              0x08001bda   Section        0  stm32f1xx_hal_tim.o(i.HAL_TIM_PWM_ConfigChannel)
    i.HAL_TIM_PWM_Init                       0x08001cde   Section        0  stm32f1xx_hal_tim.o(i.HAL_TIM_PWM_Init)
    i.HAL_TIM_PWM_MspInit                    0x08001d44   Section        0  stm32f1xx_hal_msp.o(i.HAL_TIM_PWM_MspInit)
    i.HAL_TIM_PWM_PulseFinishedCallback      0x08001d74   Section        0  stm32f1xx_hal_tim.o(i.HAL_TIM_PWM_PulseFinishedCallback)
    i.HAL_TIM_PWM_Start                      0x08001d78   Section        0  stm32f1xx_hal_tim.o(i.HAL_TIM_PWM_Start)
    i.HAL_TIM_PWM_Stop                       0x08001e4c   Section        0  stm32f1xx_hal_tim.o(i.HAL_TIM_PWM_Stop)
    i.HAL_TIM_PeriodElapsedCallback          0x08001ee8   Section        0  main.o(i.HAL_TIM_PeriodElapsedCallback)
    i.HAL_TIM_TriggerCallback                0x08001fa0   Section        0  stm32f1xx_hal_tim.o(i.HAL_TIM_TriggerCallback)
    i.HAL_UARTEx_ReceiveToIdle_DMA           0x08001fa2   Section        0  stm32f1xx_hal_uart.o(i.HAL_UARTEx_ReceiveToIdle_DMA)
    i.HAL_UARTEx_RxEventCallback             0x08002014   Section        0  main.o(i.HAL_UARTEx_RxEventCallback)
    i.HAL_UART_ErrorCallback                 0x08002054   Section        0  stm32f1xx_hal_uart.o(i.HAL_UART_ErrorCallback)
    i.HAL_UART_IRQHandler                    0x08002058   Section        0  stm32f1xx_hal_uart.o(i.HAL_UART_IRQHandler)
    i.HAL_UART_Init                          0x0800233c   Section        0  stm32f1xx_hal_uart.o(i.HAL_UART_Init)
    i.HAL_UART_MspInit                       0x080023b4   Section        0  stm32f1xx_hal_msp.o(i.HAL_UART_MspInit)
    i.HAL_UART_RxCpltCallback                0x080024d0   Section        0  stm32f1xx_hal_uart.o(i.HAL_UART_RxCpltCallback)
    i.HAL_UART_RxHalfCpltCallback            0x080024d2   Section        0  stm32f1xx_hal_uart.o(i.HAL_UART_RxHalfCpltCallback)
    i.HAL_UART_Transmit_DMA                  0x080024d4   Section        0  stm32f1xx_hal_uart.o(i.HAL_UART_Transmit_DMA)
    i.HAL_UART_TxCpltCallback                0x08002560   Section        0  stm32f1xx_hal_uart.o(i.HAL_UART_TxCpltCallback)
    i.HAL_UART_TxHalfCpltCallback            0x08002562   Section        0  stm32f1xx_hal_uart.o(i.HAL_UART_TxHalfCpltCallback)
    i.HardFault_Handler                      0x08002564   Section        0  stm32f1xx_it.o(i.HardFault_Handler)
    i.MX_DMA_Init                            0x08002568   Section        0  main.o(i.MX_DMA_Init)
    MX_DMA_Init                              0x08002569   Thumb Code    64  main.o(i.MX_DMA_Init)
    i.MX_GPIO_Init                           0x080025ac   Section        0  main.o(i.MX_GPIO_Init)
    MX_GPIO_Init                             0x080025ad   Thumb Code   162  main.o(i.MX_GPIO_Init)
    i.MX_TIM1_Init                           0x08002658   Section        0  main.o(i.MX_TIM1_Init)
    MX_TIM1_Init                             0x08002659   Thumb Code   182  main.o(i.MX_TIM1_Init)
    i.MX_TIM2_Init                           0x08002718   Section        0  main.o(i.MX_TIM2_Init)
    MX_TIM2_Init                             0x08002719   Thumb Code   122  main.o(i.MX_TIM2_Init)
    i.MX_TIM3_Init                           0x08002798   Section        0  main.o(i.MX_TIM3_Init)
    MX_TIM3_Init                             0x08002799   Thumb Code   102  main.o(i.MX_TIM3_Init)
    i.MX_USART1_UART_Init                    0x08002808   Section        0  main.o(i.MX_USART1_UART_Init)
    MX_USART1_UART_Init                      0x08002809   Thumb Code    46  main.o(i.MX_USART1_UART_Init)
    i.MemManage_Handler                      0x08002840   Section        0  stm32f1xx_it.o(i.MemManage_Handler)
    i.NMI_Handler                            0x08002844   Section        0  stm32f1xx_it.o(i.NMI_Handler)
    i.PendSV_Handler                         0x08002848   Section        0  stm32f1xx_it.o(i.PendSV_Handler)
    i.RCC_Delay                              0x0800284c   Section        0  stm32f1xx_hal_rcc.o(i.RCC_Delay)
    RCC_Delay                                0x0800284d   Thumb Code    36  stm32f1xx_hal_rcc.o(i.RCC_Delay)
    i.SVC_Handler                            0x08002874   Section        0  stm32f1xx_it.o(i.SVC_Handler)
    i.SysTick_Handler                        0x08002876   Section        0  stm32f1xx_it.o(i.SysTick_Handler)
    i.SystemClock_Config                     0x0800287e   Section        0  main.o(i.SystemClock_Config)
    i.SystemInit                             0x080028e0   Section        0  system_stm32f1xx.o(i.SystemInit)
    i.TIM3_IRQHandler                        0x080028e4   Section        0  stm32f1xx_it.o(i.TIM3_IRQHandler)
    i.TIM_Base_SetConfig                     0x080028f4   Section        0  stm32f1xx_hal_tim.o(i.TIM_Base_SetConfig)
    i.TIM_CCxChannelCmd                      0x08002968   Section        0  stm32f1xx_hal_tim.o(i.TIM_CCxChannelCmd)
    i.TIM_ETR_SetConfig                      0x0800298a   Section        0  stm32f1xx_hal_tim.o(i.TIM_ETR_SetConfig)
    i.TIM_ITRx_SetConfig                     0x080029a0   Section        0  stm32f1xx_hal_tim.o(i.TIM_ITRx_SetConfig)
    TIM_ITRx_SetConfig                       0x080029a1   Thumb Code    18  stm32f1xx_hal_tim.o(i.TIM_ITRx_SetConfig)
    i.TIM_OC1_SetConfig                      0x080029b4   Section        0  stm32f1xx_hal_tim.o(i.TIM_OC1_SetConfig)
    TIM_OC1_SetConfig                        0x080029b5   Thumb Code    90  stm32f1xx_hal_tim.o(i.TIM_OC1_SetConfig)
    i.TIM_OC2_SetConfig                      0x08002a14   Section        0  stm32f1xx_hal_tim.o(i.TIM_OC2_SetConfig)
    i.TIM_OC3_SetConfig                      0x08002a7c   Section        0  stm32f1xx_hal_tim.o(i.TIM_OC3_SetConfig)
    TIM_OC3_SetConfig                        0x08002a7d   Thumb Code    98  stm32f1xx_hal_tim.o(i.TIM_OC3_SetConfig)
    i.TIM_OC4_SetConfig                      0x08002ae4   Section        0  stm32f1xx_hal_tim.o(i.TIM_OC4_SetConfig)
    TIM_OC4_SetConfig                        0x08002ae5   Thumb Code    68  stm32f1xx_hal_tim.o(i.TIM_OC4_SetConfig)
    i.TIM_TI1_ConfigInputStage               0x08002b2c   Section        0  stm32f1xx_hal_tim.o(i.TIM_TI1_ConfigInputStage)
    TIM_TI1_ConfigInputStage                 0x08002b2d   Thumb Code    38  stm32f1xx_hal_tim.o(i.TIM_TI1_ConfigInputStage)
    i.TIM_TI2_ConfigInputStage               0x08002b52   Section        0  stm32f1xx_hal_tim.o(i.TIM_TI2_ConfigInputStage)
    TIM_TI2_ConfigInputStage                 0x08002b53   Thumb Code    40  stm32f1xx_hal_tim.o(i.TIM_TI2_ConfigInputStage)
    i.UART_DMAAbortOnError                   0x08002b7a   Section        0  stm32f1xx_hal_uart.o(i.UART_DMAAbortOnError)
    UART_DMAAbortOnError                     0x08002b7b   Thumb Code    20  stm32f1xx_hal_uart.o(i.UART_DMAAbortOnError)
    i.UART_DMAError                          0x08002b8e   Section        0  stm32f1xx_hal_uart.o(i.UART_DMAError)
    UART_DMAError                            0x08002b8f   Thumb Code    80  stm32f1xx_hal_uart.o(i.UART_DMAError)
    i.UART_DMAReceiveCplt                    0x08002bde   Section        0  stm32f1xx_hal_uart.o(i.UART_DMAReceiveCplt)
    UART_DMAReceiveCplt                      0x08002bdf   Thumb Code   180  stm32f1xx_hal_uart.o(i.UART_DMAReceiveCplt)
    i.UART_DMARxHalfCplt                     0x08002c92   Section        0  stm32f1xx_hal_uart.o(i.UART_DMARxHalfCplt)
    UART_DMARxHalfCplt                       0x08002c93   Thumb Code    36  stm32f1xx_hal_uart.o(i.UART_DMARxHalfCplt)
    i.UART_DMATransmitCplt                   0x08002cb6   Section        0  stm32f1xx_hal_uart.o(i.UART_DMATransmitCplt)
    UART_DMATransmitCplt                     0x08002cb7   Thumb Code    88  stm32f1xx_hal_uart.o(i.UART_DMATransmitCplt)
    i.UART_DMATxHalfCplt                     0x08002d0e   Section        0  stm32f1xx_hal_uart.o(i.UART_DMATxHalfCplt)
    UART_DMATxHalfCplt                       0x08002d0f   Thumb Code    14  stm32f1xx_hal_uart.o(i.UART_DMATxHalfCplt)
    i.UART_EndRxTransfer                     0x08002d1c   Section        0  stm32f1xx_hal_uart.o(i.UART_EndRxTransfer)
    UART_EndRxTransfer                       0x08002d1d   Thumb Code   108  stm32f1xx_hal_uart.o(i.UART_EndRxTransfer)
    i.UART_EndTransmit_IT                    0x08002d88   Section        0  stm32f1xx_hal_uart.o(i.UART_EndTransmit_IT)
    UART_EndTransmit_IT                      0x08002d89   Thumb Code    32  stm32f1xx_hal_uart.o(i.UART_EndTransmit_IT)
    i.UART_EndTxTransfer                     0x08002da8   Section        0  stm32f1xx_hal_uart.o(i.UART_EndTxTransfer)
    UART_EndTxTransfer                       0x08002da9   Thumb Code    38  stm32f1xx_hal_uart.o(i.UART_EndTxTransfer)
    i.UART_Receive_IT                        0x08002dce   Section        0  stm32f1xx_hal_uart.o(i.UART_Receive_IT)
    UART_Receive_IT                          0x08002dcf   Thumb Code   252  stm32f1xx_hal_uart.o(i.UART_Receive_IT)
    i.UART_SetConfig                         0x08002ecc   Section        0  stm32f1xx_hal_uart.o(i.UART_SetConfig)
    UART_SetConfig                           0x08002ecd   Thumb Code   248  stm32f1xx_hal_uart.o(i.UART_SetConfig)
    i.UART_Start_Receive_DMA                 0x08002fc8   Section        0  stm32f1xx_hal_uart.o(i.UART_Start_Receive_DMA)
    i.UART_Transmit_IT                       0x08003090   Section        0  stm32f1xx_hal_uart.o(i.UART_Transmit_IT)
    UART_Transmit_IT                         0x08003091   Thumb Code    96  stm32f1xx_hal_uart.o(i.UART_Transmit_IT)
    i.USART1_IRQHandler                      0x080030f0   Section        0  stm32f1xx_it.o(i.USART1_IRQHandler)
    i.UsageFault_Handler                     0x08003100   Section        0  stm32f1xx_it.o(i.UsageFault_Handler)
    i.__NVIC_GetPriorityGrouping             0x08003104   Section        0  stm32f1xx_hal_cortex.o(i.__NVIC_GetPriorityGrouping)
    __NVIC_GetPriorityGrouping               0x08003105   Thumb Code    10  stm32f1xx_hal_cortex.o(i.__NVIC_GetPriorityGrouping)
    i.__NVIC_SetPriority                     0x08003114   Section        0  stm32f1xx_hal_cortex.o(i.__NVIC_SetPriority)
    __NVIC_SetPriority                       0x08003115   Thumb Code    32  stm32f1xx_hal_cortex.o(i.__NVIC_SetPriority)
    i.calculate_motor                        0x0800313c   Section        0  motor.o(i.calculate_motor)
    i.crc16_floating                         0x080031ac   Section        0  crc16.o(i.crc16_floating)
    i.create_frame_uart_tx_data              0x080031c8   Section        0  data_transfer_level.o(i.create_frame_uart_tx_data)
    i.decode_received_frame_data             0x08003258   Section        0  data_transfer_level.o(i.decode_received_frame_data)
    i.ema_filter_init                        0x0800336a   Section        0  ema_filter.o(i.ema_filter_init)
    i.ema_filter_setalpha                    0x08003374   Section        0  ema_filter.o(i.ema_filter_setalpha)
    i.encoder_init                           0x0800339c   Section        0  encoder.o(i.encoder_init)
    i.main                                   0x080033bc   Section        0  main.o(i.main)
    i.motor_init                             0x08003498   Section        0  motor.o(i.motor_init)
    i.motor_set_PWM                          0x080034a4   Section        0  motor.o(i.motor_set_PWM)
    i.pid_compute_position                   0x08003544   Section        0  pid.o(i.pid_compute_position)
    i.pid_compute_velocity                   0x08003664   Section        0  pid.o(i.pid_compute_velocity)
    i.pid_init                               0x0800374c   Section        0  pid.o(i.pid_init)
    i.read_from_encoder                      0x0800375c   Section        0  encoder.o(i.read_from_encoder)
    i.send_data_to_Qt                        0x0800377c   Section        0  send_data_to_qt.o(i.send_data_to_Qt)
    i.send_error_signal_t                    0x08003840   Section        0  cmd_handle.o(i.send_error_signal_t)
    i.test_cmd_handler                       0x0800388c   Section        0  cmd_handle.o(i.test_cmd_handler)
    x$fpl$d2f                                0x080039d0   Section       98  d2f.o(x$fpl$d2f)
    x$fpl$dadd                               0x08003a34   Section      336  daddsub_clz.o(x$fpl$dadd)
    _dadd1                                   0x08003a45   Thumb Code     0  daddsub_clz.o(x$fpl$dadd)
    x$fpl$dcmpinf                            0x08003b84   Section       24  dcmpi.o(x$fpl$dcmpinf)
    x$fpl$ddiv                               0x08003b9c   Section      688  ddiv.o(x$fpl$ddiv)
    ddiv_entry                               0x08003ba3   Thumb Code     0  ddiv.o(x$fpl$ddiv)
    x$fpl$dleqf                              0x08003e4c   Section      120  dleqf.o(x$fpl$dleqf)
    x$fpl$dmul                               0x08003ec4   Section      340  dmul.o(x$fpl$dmul)
    x$fpl$dnaninf                            0x08004018   Section      156  dnaninf.o(x$fpl$dnaninf)
    x$fpl$dretinf                            0x080040b4   Section       12  dretinf.o(x$fpl$dretinf)
    x$fpl$dsub                               0x080040c0   Section      468  daddsub_clz.o(x$fpl$dsub)
    _dsub1                                   0x080040d1   Thumb Code     0  daddsub_clz.o(x$fpl$dsub)
    x$fpl$f2d                                0x08004294   Section       86  f2d.o(x$fpl$f2d)
    x$fpl$fadd                               0x080042ec   Section      196  faddsub_clz.o(x$fpl$fadd)
    _fadd1                                   0x080042fb   Thumb Code     0  faddsub_clz.o(x$fpl$fadd)
    x$fpl$fcmpinf                            0x080043b0   Section       24  fcmpi.o(x$fpl$fcmpinf)
    x$fpl$fdiv                               0x080043c8   Section      388  fdiv.o(x$fpl$fdiv)
    _fdiv1                                   0x080043c9   Thumb Code     0  fdiv.o(x$fpl$fdiv)
    x$fpl$feqf                               0x0800454c   Section      104  feqf.o(x$fpl$feqf)
    x$fpl$ffixu                              0x080045b4   Section       62  ffixu.o(x$fpl$ffixu)
    x$fpl$fflt                               0x080045f4   Section       48  fflt_clz.o(x$fpl$fflt)
    x$fpl$ffltu                              0x08004624   Section       38  fflt_clz.o(x$fpl$ffltu)
    x$fpl$fleqf                              0x0800464c   Section      104  fleqf.o(x$fpl$fleqf)
    x$fpl$fmul                               0x080046b4   Section      258  fmul.o(x$fpl$fmul)
    x$fpl$fnaninf                            0x080047b6   Section      140  fnaninf.o(x$fpl$fnaninf)
    x$fpl$fretinf                            0x08004842   Section       10  fretinf.o(x$fpl$fretinf)
    x$fpl$frleqf                             0x0800484c   Section       98  frleqf.o(x$fpl$frleqf)
    x$fpl$fsub                               0x080048b0   Section      234  faddsub_clz.o(x$fpl$fsub)
    _fsub1                                   0x080048bf   Thumb Code     0  faddsub_clz.o(x$fpl$fsub)
    .constdata                               0x0800499a   Section       18  stm32f1xx_hal_rcc.o(.constdata)
    x$fpl$usenofp                            0x0800499a   Section        0  usenofp.o(x$fpl$usenofp)
    aPLLMULFactorTable                       0x0800499a   Data          16  stm32f1xx_hal_rcc.o(.constdata)
    aPredivFactorTable                       0x080049aa   Data           2  stm32f1xx_hal_rcc.o(.constdata)
    .constdata                               0x080049ac   Section       24  system_stm32f1xx.o(.constdata)
    .constdata                               0x080049c4   Section      512  crc16.o(.constdata)
    crc16tab                                 0x080049c4   Data         512  crc16.o(.constdata)
    .data                                    0x20000000   Section       32  main.o(.data)
    .data                                    0x20000020   Section        9  stm32f1xx_hal.o(.data)
    .data                                    0x2000002c   Section        4  system_stm32f1xx.o(.data)
    .data                                    0x20000030   Section        4  send_data_to_qt.o(.data)
    .bss                                     0x20000034   Section      565  main.o(.bss)
    .bss                                     0x2000026c   Section       96  libspace.o(.bss)
    HEAP                                     0x200002d0   Section      512  startup_stm32f103xb.o(HEAP)
    Heap_Mem                                 0x200002d0   Data         512  startup_stm32f103xb.o(HEAP)
    STACK                                    0x200004d0   Section     1024  startup_stm32f103xb.o(STACK)
    Stack_Mem                                0x200004d0   Data        1024  startup_stm32f103xb.o(STACK)
    __initial_sp                             0x200008d0   Data           0  startup_stm32f103xb.o(STACK)

    Global Symbols

    Symbol Name                              Value     Ov Type        Size  Object(Section)

    BuildAttributes$$THM_ISAv4$P$D$K$B$S$PE$A:L22UL41UL21$X:L11$S22US41US21$IEEE1$IW$USESV6$~STKCKD$USESV7$~SHL$OTIME$ROPI$EBA8$UX$STANDARDLIB$REQ8$PRES8$EABIv2 0x00000000   Number         0  anon$$obj.o ABSOLUTE
    __ARM_use_no_argv                        0x00000000   Number         0  main.o ABSOLUTE
    __ARM_exceptions_init                     - Undefined Weak Reference
    __alloca_initialize                       - Undefined Weak Reference
    __arm_preinit_                            - Undefined Weak Reference
    __cpp_initialize__aeabi_                  - Undefined Weak Reference
    __cxa_finalize                            - Undefined Weak Reference
    __rt_locale                               - Undefined Weak Reference
    __sigvec_lookup                           - Undefined Weak Reference
    __user_heap_extent                        - Undefined Weak Reference
    _atexit_init                              - Undefined Weak Reference
    _call_atexit_fns                          - Undefined Weak Reference
    _clock_init                               - Undefined Weak Reference
    _fp_trap_init                             - Undefined Weak Reference
    _fp_trap_shutdown                         - Undefined Weak Reference
    _get_lc_collate                           - Undefined Weak Reference
    _get_lc_ctype                             - Undefined Weak Reference
    _get_lc_monetary                          - Undefined Weak Reference
    _get_lc_numeric                           - Undefined Weak Reference
    _get_lc_time                              - Undefined Weak Reference
    _getenv_init                              - Undefined Weak Reference
    _handle_redirection                       - Undefined Weak Reference
    _initio                                   - Undefined Weak Reference
    _mutex_acquire                            - Undefined Weak Reference
    _mutex_free                               - Undefined Weak Reference
    _mutex_release                            - Undefined Weak Reference
    _rand_init                                - Undefined Weak Reference
    _signal_finish                            - Undefined Weak Reference
    _signal_init                              - Undefined Weak Reference
    _terminateio                              - Undefined Weak Reference
    __Vectors_Size                           0x000000ec   Number         0  startup_stm32f103xb.o ABSOLUTE
    __Vectors                                0x08000000   Data           4  startup_stm32f103xb.o(RESET)
    __Vectors_End                            0x080000ec   Data           0  startup_stm32f103xb.o(RESET)
    __main                                   0x080000ed   Thumb Code     8  __main.o(!!!main)
    __scatterload                            0x080000f5   Thumb Code     0  __scatter.o(!!!scatter)
    __scatterload_rt2                        0x080000f5   Thumb Code    44  __scatter.o(!!!scatter)
    __scatterload_rt2_thumb_only             0x080000f5   Thumb Code     0  __scatter.o(!!!scatter)
    __scatterload_null                       0x08000103   Thumb Code     0  __scatter.o(!!!scatter)
    __scatterload_copy                       0x08000129   Thumb Code    26  __scatter_copy.o(!!handler_copy)
    __scatterload_zeroinit                   0x08000145   Thumb Code    28  __scatter_zi.o(!!handler_zi)
    __rt_lib_init                            0x08000161   Thumb Code     0  libinit.o(.ARM.Collect$$libinit$$00000000)
    __rt_lib_init_fp_1                       0x08000163   Thumb Code     0  libinit2.o(.ARM.Collect$$libinit$$00000002)
    __rt_lib_init_heap_2                     0x08000163   Thumb Code     0  libinit2.o(.ARM.Collect$$libinit$$00000005)
    __rt_lib_init_preinit_1                  0x08000163   Thumb Code     0  libinit2.o(.ARM.Collect$$libinit$$00000004)
    __rt_lib_init_alloca_1                   0x0800016b   Thumb Code     0  libinit2.o(.ARM.Collect$$libinit$$0000002E)
    __rt_lib_init_argv_1                     0x0800016b   Thumb Code     0  libinit2.o(.ARM.Collect$$libinit$$0000002C)
    __rt_lib_init_atexit_1                   0x0800016b   Thumb Code     0  libinit2.o(.ARM.Collect$$libinit$$0000001B)
    __rt_lib_init_clock_1                    0x0800016b   Thumb Code     0  libinit2.o(.ARM.Collect$$libinit$$00000021)
    __rt_lib_init_cpp_1                      0x0800016b   Thumb Code     0  libinit2.o(.ARM.Collect$$libinit$$00000032)
    __rt_lib_init_exceptions_1               0x0800016b   Thumb Code     0  libinit2.o(.ARM.Collect$$libinit$$00000030)
    __rt_lib_init_fp_trap_1                  0x0800016b   Thumb Code     0  libinit2.o(.ARM.Collect$$libinit$$0000001F)
    __rt_lib_init_getenv_1                   0x0800016b   Thumb Code     0  libinit2.o(.ARM.Collect$$libinit$$00000023)
    __rt_lib_init_heap_1                     0x0800016b   Thumb Code     0  libinit2.o(.ARM.Collect$$libinit$$0000000A)
    __rt_lib_init_lc_collate_1               0x0800016b   Thumb Code     0  libinit2.o(.ARM.Collect$$libinit$$00000011)
    __rt_lib_init_lc_ctype_1                 0x0800016b   Thumb Code     0  libinit2.o(.ARM.Collect$$libinit$$00000013)
    __rt_lib_init_lc_monetary_1              0x0800016b   Thumb Code     0  libinit2.o(.ARM.Collect$$libinit$$00000015)
    __rt_lib_init_lc_numeric_1               0x0800016b   Thumb Code     0  libinit2.o(.ARM.Collect$$libinit$$00000017)
    __rt_lib_init_lc_time_1                  0x0800016b   Thumb Code     0  libinit2.o(.ARM.Collect$$libinit$$00000019)
    __rt_lib_init_rand_1                     0x0800016b   Thumb Code     0  libinit2.o(.ARM.Collect$$libinit$$0000000E)
    __rt_lib_init_return                     0x0800016b   Thumb Code     0  libinit2.o(.ARM.Collect$$libinit$$00000033)
    __rt_lib_init_signal_1                   0x0800016b   Thumb Code     0  libinit2.o(.ARM.Collect$$libinit$$0000001D)
    __rt_lib_init_stdio_1                    0x0800016b   Thumb Code     0  libinit2.o(.ARM.Collect$$libinit$$00000025)
    __rt_lib_init_user_alloc_1               0x0800016b   Thumb Code     0  libinit2.o(.ARM.Collect$$libinit$$0000000C)
    __rt_lib_shutdown                        0x0800016d   Thumb Code     0  libshutdown.o(.ARM.Collect$$libshutdown$$00000000)
    __rt_lib_shutdown_cpp_1                  0x0800016f   Thumb Code     0  libshutdown2.o(.ARM.Collect$$libshutdown$$00000002)
    __rt_lib_shutdown_fp_trap_1              0x0800016f   Thumb Code     0  libshutdown2.o(.ARM.Collect$$libshutdown$$00000007)
    __rt_lib_shutdown_heap_1                 0x0800016f   Thumb Code     0  libshutdown2.o(.ARM.Collect$$libshutdown$$0000000F)
    __rt_lib_shutdown_return                 0x0800016f   Thumb Code     0  libshutdown2.o(.ARM.Collect$$libshutdown$$00000010)
    __rt_lib_shutdown_signal_1               0x0800016f   Thumb Code     0  libshutdown2.o(.ARM.Collect$$libshutdown$$0000000A)
    __rt_lib_shutdown_stdio_1                0x0800016f   Thumb Code     0  libshutdown2.o(.ARM.Collect$$libshutdown$$00000004)
    __rt_lib_shutdown_user_alloc_1           0x0800016f   Thumb Code     0  libshutdown2.o(.ARM.Collect$$libshutdown$$0000000C)
    __rt_entry                               0x08000171   Thumb Code     0  __rtentry.o(.ARM.Collect$$rtentry$$00000000)
    __rt_entry_presh_1                       0x08000171   Thumb Code     0  __rtentry2.o(.ARM.Collect$$rtentry$$00000002)
    __rt_entry_sh                            0x08000171   Thumb Code     0  __rtentry4.o(.ARM.Collect$$rtentry$$00000004)
    __rt_entry_li                            0x08000177   Thumb Code     0  __rtentry2.o(.ARM.Collect$$rtentry$$0000000A)
    __rt_entry_postsh_1                      0x08000177   Thumb Code     0  __rtentry2.o(.ARM.Collect$$rtentry$$00000009)
    __rt_entry_main                          0x0800017b   Thumb Code     0  __rtentry2.o(.ARM.Collect$$rtentry$$0000000D)
    __rt_entry_postli_1                      0x0800017b   Thumb Code     0  __rtentry2.o(.ARM.Collect$$rtentry$$0000000C)
    __rt_exit                                0x08000183   Thumb Code     0  rtexit.o(.ARM.Collect$$rtexit$$00000000)
    __rt_exit_ls                             0x08000185   Thumb Code     0  rtexit2.o(.ARM.Collect$$rtexit$$00000003)
    __rt_exit_prels_1                        0x08000185   Thumb Code     0  rtexit2.o(.ARM.Collect$$rtexit$$00000002)
    __rt_exit_exit                           0x08000189   Thumb Code     0  rtexit2.o(.ARM.Collect$$rtexit$$00000004)
    Reset_Handler                            0x08000191   Thumb Code     8  startup_stm32f103xb.o(.text)
    _maybe_terminate_alloc                   0x08000191   Thumb Code     0  maybetermalloc1.o(.emb_text)
    ADC1_2_IRQHandler                        0x080001ab   Thumb Code     0  startup_stm32f103xb.o(.text)
    CAN1_RX1_IRQHandler                      0x080001ab   Thumb Code     0  startup_stm32f103xb.o(.text)
    CAN1_SCE_IRQHandler                      0x080001ab   Thumb Code     0  startup_stm32f103xb.o(.text)
    DMA1_Channel1_IRQHandler                 0x080001ab   Thumb Code     0  startup_stm32f103xb.o(.text)
    DMA1_Channel2_IRQHandler                 0x080001ab   Thumb Code     0  startup_stm32f103xb.o(.text)
    DMA1_Channel3_IRQHandler                 0x080001ab   Thumb Code     0  startup_stm32f103xb.o(.text)
    DMA1_Channel6_IRQHandler                 0x080001ab   Thumb Code     0  startup_stm32f103xb.o(.text)
    DMA1_Channel7_IRQHandler                 0x080001ab   Thumb Code     0  startup_stm32f103xb.o(.text)
    EXTI0_IRQHandler                         0x080001ab   Thumb Code     0  startup_stm32f103xb.o(.text)
    EXTI15_10_IRQHandler                     0x080001ab   Thumb Code     0  startup_stm32f103xb.o(.text)
    EXTI1_IRQHandler                         0x080001ab   Thumb Code     0  startup_stm32f103xb.o(.text)
    EXTI2_IRQHandler                         0x080001ab   Thumb Code     0  startup_stm32f103xb.o(.text)
    EXTI3_IRQHandler                         0x080001ab   Thumb Code     0  startup_stm32f103xb.o(.text)
    EXTI4_IRQHandler                         0x080001ab   Thumb Code     0  startup_stm32f103xb.o(.text)
    EXTI9_5_IRQHandler                       0x080001ab   Thumb Code     0  startup_stm32f103xb.o(.text)
    FLASH_IRQHandler                         0x080001ab   Thumb Code     0  startup_stm32f103xb.o(.text)
    I2C1_ER_IRQHandler                       0x080001ab   Thumb Code     0  startup_stm32f103xb.o(.text)
    I2C1_EV_IRQHandler                       0x080001ab   Thumb Code     0  startup_stm32f103xb.o(.text)
    I2C2_ER_IRQHandler                       0x080001ab   Thumb Code     0  startup_stm32f103xb.o(.text)
    I2C2_EV_IRQHandler                       0x080001ab   Thumb Code     0  startup_stm32f103xb.o(.text)
    PVD_IRQHandler                           0x080001ab   Thumb Code     0  startup_stm32f103xb.o(.text)
    RCC_IRQHandler                           0x080001ab   Thumb Code     0  startup_stm32f103xb.o(.text)
    RTC_Alarm_IRQHandler                     0x080001ab   Thumb Code     0  startup_stm32f103xb.o(.text)
    RTC_IRQHandler                           0x080001ab   Thumb Code     0  startup_stm32f103xb.o(.text)
    SPI1_IRQHandler                          0x080001ab   Thumb Code     0  startup_stm32f103xb.o(.text)
    SPI2_IRQHandler                          0x080001ab   Thumb Code     0  startup_stm32f103xb.o(.text)
    TAMPER_IRQHandler                        0x080001ab   Thumb Code     0  startup_stm32f103xb.o(.text)
    TIM1_BRK_IRQHandler                      0x080001ab   Thumb Code     0  startup_stm32f103xb.o(.text)
    TIM1_CC_IRQHandler                       0x080001ab   Thumb Code     0  startup_stm32f103xb.o(.text)
    TIM1_TRG_COM_IRQHandler                  0x080001ab   Thumb Code     0  startup_stm32f103xb.o(.text)
    TIM1_UP_IRQHandler                       0x080001ab   Thumb Code     0  startup_stm32f103xb.o(.text)
    TIM2_IRQHandler                          0x080001ab   Thumb Code     0  startup_stm32f103xb.o(.text)
    TIM4_IRQHandler                          0x080001ab   Thumb Code     0  startup_stm32f103xb.o(.text)
    USART2_IRQHandler                        0x080001ab   Thumb Code     0  startup_stm32f103xb.o(.text)
    USART3_IRQHandler                        0x080001ab   Thumb Code     0  startup_stm32f103xb.o(.text)
    USBWakeUp_IRQHandler                     0x080001ab   Thumb Code     0  startup_stm32f103xb.o(.text)
    USB_HP_CAN1_TX_IRQHandler                0x080001ab   Thumb Code     0  startup_stm32f103xb.o(.text)
    USB_LP_CAN1_RX0_IRQHandler               0x080001ab   Thumb Code     0  startup_stm32f103xb.o(.text)
    WWDG_IRQHandler                          0x080001ab   Thumb Code     0  startup_stm32f103xb.o(.text)
    __user_initial_stackheap                 0x080001ad   Thumb Code     0  startup_stm32f103xb.o(.text)
    malloc                                   0x080001d1   Thumb Code    94  h1_alloc.o(.text)
    free                                     0x0800022f   Thumb Code    78  h1_free.o(.text)
    __aeabi_memclr4                          0x0800027d   Thumb Code     0  rt_memclr_w.o(.text)
    __aeabi_memclr8                          0x0800027d   Thumb Code     0  rt_memclr_w.o(.text)
    __rt_memclr_w                            0x0800027d   Thumb Code    78  rt_memclr_w.o(.text)
    _memset_w                                0x08000281   Thumb Code     0  rt_memclr_w.o(.text)
    __use_two_region_memory                  0x080002cb   Thumb Code     2  heapauxi.o(.text)
    __rt_heap_escrow                         0x080002cd   Thumb Code     2  heapauxi.o(.text)
    __rt_heap_expand                         0x080002cf   Thumb Code     2  heapauxi.o(.text)
    __rt_heap_descriptor                     0x080002d1   Thumb Code     8  rt_heap_descriptor_intlibspace.o(.text)
    __use_no_heap                            0x080002d9   Thumb Code     2  hguard.o(.text)
    __heap$guard                             0x080002db   Thumb Code     2  hguard.o(.text)
    _terminate_user_alloc                    0x080002dd   Thumb Code     2  init_alloc.o(.text)
    _init_user_alloc                         0x080002df   Thumb Code     2  init_alloc.o(.text)
    __Heap_Full                              0x080002e1   Thumb Code    34  init_alloc.o(.text)
    __Heap_Broken                            0x08000303   Thumb Code     6  init_alloc.o(.text)
    _init_alloc                              0x08000309   Thumb Code    94  init_alloc.o(.text)
    __Heap_Initialize                        0x08000367   Thumb Code    10  h1_init.o(.text)
    __Heap_DescSize                          0x08000371   Thumb Code     4  h1_init.o(.text)
    __user_libspace                          0x08000375   Thumb Code     8  libspace.o(.text)
    __user_perproc_libspace                  0x08000375   Thumb Code     0  libspace.o(.text)
    __user_perthread_libspace                0x08000375   Thumb Code     0  libspace.o(.text)
    __Heap_ProvideMemory                     0x0800037d   Thumb Code    52  h1_extend.o(.text)
    __rt_SIGRTMEM                            0x080003b1   Thumb Code    14  defsig_rtmem_outer.o(.text)
    __I$use$semihosting                      0x080003bf   Thumb Code     0  use_no_semi.o(.text)
    __use_no_semihosting_swi                 0x080003bf   Thumb Code     2  use_no_semi.o(.text)
    __semihosting_library_function           0x080003c1   Thumb Code     0  indicate_semi.o(.text)
    __user_setup_stackheap                   0x080003c1   Thumb Code    74  sys_stackheap_outer.o(.text)
    exit                                     0x0800040b   Thumb Code    18  exit.o(.text)
    __sig_exit                               0x0800041d   Thumb Code    10  defsig_exit.o(.text)
    __rt_SIGRTMEM_inner                      0x08000429   Thumb Code    22  defsig_rtmem_inner.o(.text)
    _sys_exit                                0x08000479   Thumb Code     8  sys_exit.o(.text)
    __default_signal_display                 0x08000485   Thumb Code    50  defsig_general.o(.text)
    _ttywrch                                 0x080004b7   Thumb Code    14  sys_wrch.o(.text)
    BusFault_Handler                         0x080004c5   Thumb Code     4  stm32f1xx_it.o(i.BusFault_Handler)
    DMA1_Channel4_IRQHandler                 0x080004c9   Thumb Code    10  stm32f1xx_it.o(i.DMA1_Channel4_IRQHandler)
    DMA1_Channel5_IRQHandler                 0x080004d9   Thumb Code    10  stm32f1xx_it.o(i.DMA1_Channel5_IRQHandler)
    DebugMon_Handler                         0x08000515   Thumb Code     2  stm32f1xx_it.o(i.DebugMon_Handler)
    Error_Handler                            0x08000517   Thumb Code     6  main.o(i.Error_Handler)
    HAL_DMA_Abort                            0x0800051d   Thumb Code    86  stm32f1xx_hal_dma.o(i.HAL_DMA_Abort)
    HAL_DMA_Abort_IT                         0x08000575   Thumb Code   172  stm32f1xx_hal_dma.o(i.HAL_DMA_Abort_IT)
    HAL_DMA_IRQHandler                       0x08000625   Thumb Code   408  stm32f1xx_hal_dma.o(i.HAL_DMA_IRQHandler)
    HAL_DMA_Init                             0x080007c1   Thumb Code   100  stm32f1xx_hal_dma.o(i.HAL_DMA_Init)
    HAL_DMA_Start_IT                         0x08000829   Thumb Code   156  stm32f1xx_hal_dma.o(i.HAL_DMA_Start_IT)
    HAL_GPIO_Init                            0x080008c5   Thumb Code   766  stm32f1xx_hal_gpio.o(i.HAL_GPIO_Init)
    HAL_GPIO_WritePin                        0x08000be5   Thumb Code    12  stm32f1xx_hal_gpio.o(i.HAL_GPIO_WritePin)
    HAL_GetTick                              0x08000bf1   Thumb Code     6  stm32f1xx_hal.o(i.HAL_GetTick)
    HAL_IncTick                              0x08000bfd   Thumb Code    16  stm32f1xx_hal.o(i.HAL_IncTick)
    HAL_Init                                 0x08000c15   Thumb Code    34  stm32f1xx_hal.o(i.HAL_Init)
    HAL_InitTick                             0x08000c3d   Thumb Code    64  stm32f1xx_hal.o(i.HAL_InitTick)
    HAL_MspInit                              0x08000c89   Thumb Code    76  stm32f1xx_hal_msp.o(i.HAL_MspInit)
    HAL_NVIC_EnableIRQ                       0x08000cdd   Thumb Code    32  stm32f1xx_hal_cortex.o(i.HAL_NVIC_EnableIRQ)
    HAL_NVIC_SetPriority                     0x08000cfd   Thumb Code   124  stm32f1xx_hal_cortex.o(i.HAL_NVIC_SetPriority)
    HAL_NVIC_SetPriorityGrouping             0x08000d79   Thumb Code    32  stm32f1xx_hal_cortex.o(i.HAL_NVIC_SetPriorityGrouping)
    HAL_RCC_ClockConfig                      0x08000da1   Thumb Code   376  stm32f1xx_hal_rcc.o(i.HAL_RCC_ClockConfig)
    HAL_RCC_GetHCLKFreq                      0x08000f2d   Thumb Code     6  stm32f1xx_hal_rcc.o(i.HAL_RCC_GetHCLKFreq)
    HAL_RCC_GetPCLK1Freq                     0x08000f39   Thumb Code    22  stm32f1xx_hal_rcc.o(i.HAL_RCC_GetPCLK1Freq)
    HAL_RCC_GetPCLK2Freq                     0x08000f59   Thumb Code    22  stm32f1xx_hal_rcc.o(i.HAL_RCC_GetPCLK2Freq)
    HAL_RCC_GetSysClockFreq                  0x08000f79   Thumb Code    92  stm32f1xx_hal_rcc.o(i.HAL_RCC_GetSysClockFreq)
    HAL_RCC_OscConfig                        0x08000fe9   Thumb Code  1114  stm32f1xx_hal_rcc.o(i.HAL_RCC_OscConfig)
    HAL_SYSTICK_Config                       0x0800144d   Thumb Code    52  stm32f1xx_hal_cortex.o(i.HAL_SYSTICK_Config)
    HAL_TIMEx_BreakCallback                  0x08001481   Thumb Code     2  stm32f1xx_hal_tim_ex.o(i.HAL_TIMEx_BreakCallback)
    HAL_TIMEx_CommutCallback                 0x08001483   Thumb Code     2  stm32f1xx_hal_tim_ex.o(i.HAL_TIMEx_CommutCallback)
    HAL_TIMEx_ConfigBreakDeadTime            0x08001485   Thumb Code   116  stm32f1xx_hal_tim_ex.o(i.HAL_TIMEx_ConfigBreakDeadTime)
    HAL_TIMEx_MasterConfigSynchronization    0x080014f9   Thumb Code   118  stm32f1xx_hal_tim_ex.o(i.HAL_TIMEx_MasterConfigSynchronization)
    HAL_TIM_Base_Init                        0x0800157d   Thumb Code   102  stm32f1xx_hal_tim.o(i.HAL_TIM_Base_Init)
    HAL_TIM_Base_MspInit                     0x080015e5   Thumb Code    58  stm32f1xx_hal_msp.o(i.HAL_TIM_Base_MspInit)
    HAL_TIM_Base_Start_IT                    0x08001629   Thumb Code   106  stm32f1xx_hal_tim.o(i.HAL_TIM_Base_Start_IT)
    HAL_TIM_Base_Stop_IT                     0x080016a1   Thumb Code    62  stm32f1xx_hal_tim.o(i.HAL_TIM_Base_Stop_IT)
    HAL_TIM_ConfigClockSource                0x080016df   Thumb Code   268  stm32f1xx_hal_tim.o(i.HAL_TIM_ConfigClockSource)
    HAL_TIM_Encoder_Init                     0x080017eb   Thumb Code   196  stm32f1xx_hal_tim.o(i.HAL_TIM_Encoder_Init)
    HAL_TIM_Encoder_MspInit                  0x080018b1   Thumb Code   100  stm32f1xx_hal_msp.o(i.HAL_TIM_Encoder_MspInit)
    HAL_TIM_Encoder_Start                    0x0800191d   Thumb Code   204  stm32f1xx_hal_tim.o(i.HAL_TIM_Encoder_Start)
    HAL_TIM_IC_CaptureCallback               0x080019e9   Thumb Code     2  stm32f1xx_hal_tim.o(i.HAL_TIM_IC_CaptureCallback)
    HAL_TIM_IRQHandler                       0x080019eb   Thumb Code   406  stm32f1xx_hal_tim.o(i.HAL_TIM_IRQHandler)
    HAL_TIM_MspPostInit                      0x08001b81   Thumb Code    76  stm32f1xx_hal_msp.o(i.HAL_TIM_MspPostInit)
    HAL_TIM_OC_DelayElapsedCallback          0x08001bd9   Thumb Code     2  stm32f1xx_hal_tim.o(i.HAL_TIM_OC_DelayElapsedCallback)
    HAL_TIM_PWM_ConfigChannel                0x08001bdb   Thumb Code   260  stm32f1xx_hal_tim.o(i.HAL_TIM_PWM_ConfigChannel)
    HAL_TIM_PWM_Init                         0x08001cdf   Thumb Code   102  stm32f1xx_hal_tim.o(i.HAL_TIM_PWM_Init)
    HAL_TIM_PWM_MspInit                      0x08001d45   Thumb Code    40  stm32f1xx_hal_msp.o(i.HAL_TIM_PWM_MspInit)
    HAL_TIM_PWM_PulseFinishedCallback        0x08001d75   Thumb Code     2  stm32f1xx_hal_tim.o(i.HAL_TIM_PWM_PulseFinishedCallback)
    HAL_TIM_PWM_Start                        0x08001d79   Thumb Code   198  stm32f1xx_hal_tim.o(i.HAL_TIM_PWM_Start)
    HAL_TIM_PWM_Stop                         0x08001e4d   Thumb Code   152  stm32f1xx_hal_tim.o(i.HAL_TIM_PWM_Stop)
    HAL_TIM_PeriodElapsedCallback            0x08001ee9   Thumb Code   132  main.o(i.HAL_TIM_PeriodElapsedCallback)
    HAL_TIM_TriggerCallback                  0x08001fa1   Thumb Code     2  stm32f1xx_hal_tim.o(i.HAL_TIM_TriggerCallback)
    HAL_UARTEx_ReceiveToIdle_DMA             0x08001fa3   Thumb Code   114  stm32f1xx_hal_uart.o(i.HAL_UARTEx_ReceiveToIdle_DMA)
    HAL_UARTEx_RxEventCallback               0x08002015   Thumb Code    44  main.o(i.HAL_UARTEx_RxEventCallback)
    HAL_UART_ErrorCallback                   0x08002055   Thumb Code     2  stm32f1xx_hal_uart.o(i.HAL_UART_ErrorCallback)
    HAL_UART_IRQHandler                      0x08002059   Thumb Code   736  stm32f1xx_hal_uart.o(i.HAL_UART_IRQHandler)
    HAL_UART_Init                            0x0800233d   Thumb Code   118  stm32f1xx_hal_uart.o(i.HAL_UART_Init)
    HAL_UART_MspInit                         0x080023b5   Thumb Code   256  stm32f1xx_hal_msp.o(i.HAL_UART_MspInit)
    HAL_UART_RxCpltCallback                  0x080024d1   Thumb Code     2  stm32f1xx_hal_uart.o(i.HAL_UART_RxCpltCallback)
    HAL_UART_RxHalfCpltCallback              0x080024d3   Thumb Code     2  stm32f1xx_hal_uart.o(i.HAL_UART_RxHalfCpltCallback)
    HAL_UART_Transmit_DMA                    0x080024d5   Thumb Code   128  stm32f1xx_hal_uart.o(i.HAL_UART_Transmit_DMA)
    HAL_UART_TxCpltCallback                  0x08002561   Thumb Code     2  stm32f1xx_hal_uart.o(i.HAL_UART_TxCpltCallback)
    HAL_UART_TxHalfCpltCallback              0x08002563   Thumb Code     2  stm32f1xx_hal_uart.o(i.HAL_UART_TxHalfCpltCallback)
    HardFault_Handler                        0x08002565   Thumb Code     4  stm32f1xx_it.o(i.HardFault_Handler)
    MemManage_Handler                        0x08002841   Thumb Code     4  stm32f1xx_it.o(i.MemManage_Handler)
    NMI_Handler                              0x08002845   Thumb Code     4  stm32f1xx_it.o(i.NMI_Handler)
    PendSV_Handler                           0x08002849   Thumb Code     2  stm32f1xx_it.o(i.PendSV_Handler)
    SVC_Handler                              0x08002875   Thumb Code     2  stm32f1xx_it.o(i.SVC_Handler)
    SysTick_Handler                          0x08002877   Thumb Code     8  stm32f1xx_it.o(i.SysTick_Handler)
    SystemClock_Config                       0x0800287f   Thumb Code    98  main.o(i.SystemClock_Config)
    SystemInit                               0x080028e1   Thumb Code     2  system_stm32f1xx.o(i.SystemInit)
    TIM3_IRQHandler                          0x080028e5   Thumb Code    10  stm32f1xx_it.o(i.TIM3_IRQHandler)
    TIM_Base_SetConfig                       0x080028f5   Thumb Code   104  stm32f1xx_hal_tim.o(i.TIM_Base_SetConfig)
    TIM_CCxChannelCmd                        0x08002969   Thumb Code    34  stm32f1xx_hal_tim.o(i.TIM_CCxChannelCmd)
    TIM_ETR_SetConfig                        0x0800298b   Thumb Code    22  stm32f1xx_hal_tim.o(i.TIM_ETR_SetConfig)
    TIM_OC2_SetConfig                        0x08002a15   Thumb Code   100  stm32f1xx_hal_tim.o(i.TIM_OC2_SetConfig)
    UART_Start_Receive_DMA                   0x08002fc9   Thumb Code   186  stm32f1xx_hal_uart.o(i.UART_Start_Receive_DMA)
    USART1_IRQHandler                        0x080030f1   Thumb Code    10  stm32f1xx_it.o(i.USART1_IRQHandler)
    UsageFault_Handler                       0x08003101   Thumb Code     4  stm32f1xx_it.o(i.UsageFault_Handler)
    calculate_motor                          0x0800313d   Thumb Code    90  motor.o(i.calculate_motor)
    crc16_floating                           0x080031ad   Thumb Code    22  crc16.o(i.crc16_floating)
    create_frame_uart_tx_data                0x080031c9   Thumb Code   144  data_transfer_level.o(i.create_frame_uart_tx_data)
    decode_received_frame_data               0x08003259   Thumb Code   274  data_transfer_level.o(i.decode_received_frame_data)
    ema_filter_init                          0x0800336b   Thumb Code    10  ema_filter.o(i.ema_filter_init)
    ema_filter_setalpha                      0x08003375   Thumb Code    40  ema_filter.o(i.ema_filter_setalpha)
    encoder_init                             0x0800339d   Thumb Code    30  encoder.o(i.encoder_init)
    main                                     0x080033bd   Thumb Code   146  main.o(i.main)
    motor_init                               0x08003499   Thumb Code    12  motor.o(i.motor_init)
    motor_set_PWM                            0x080034a5   Thumb Code   150  motor.o(i.motor_set_PWM)
    pid_compute_position                     0x08003545   Thumb Code   262  pid.o(i.pid_compute_position)
    pid_compute_velocity                     0x08003665   Thumb Code   216  pid.o(i.pid_compute_velocity)
    pid_init                                 0x0800374d   Thumb Code    16  pid.o(i.pid_init)
    read_from_encoder                        0x0800375d   Thumb Code    32  encoder.o(i.read_from_encoder)
    send_data_to_Qt                          0x0800377d   Thumb Code   186  send_data_to_qt.o(i.send_data_to_Qt)
    send_error_signal_t                      0x08003841   Thumb Code    62  cmd_handle.o(i.send_error_signal_t)
    test_cmd_handler                         0x0800388d   Thumb Code   312  cmd_handle.o(i.test_cmd_handler)
    __aeabi_d2f                              0x080039d1   Thumb Code     0  d2f.o(x$fpl$d2f)
    _d2f                                     0x080039d1   Thumb Code    98  d2f.o(x$fpl$d2f)
    __aeabi_dadd                             0x08003a35   Thumb Code     0  daddsub_clz.o(x$fpl$dadd)
    _dadd                                    0x08003a35   Thumb Code   332  daddsub_clz.o(x$fpl$dadd)
    __fpl_dcmp_Inf                           0x08003b85   Thumb Code    24  dcmpi.o(x$fpl$dcmpinf)
    __aeabi_ddiv                             0x08003b9d   Thumb Code     0  ddiv.o(x$fpl$ddiv)
    _ddiv                                    0x08003b9d   Thumb Code   552  ddiv.o(x$fpl$ddiv)
    __aeabi_cdcmple                          0x08003e4d   Thumb Code     0  dleqf.o(x$fpl$dleqf)
    _dcmple                                  0x08003e4d   Thumb Code   120  dleqf.o(x$fpl$dleqf)
    __fpl_dcmple_InfNaN                      0x08003eaf   Thumb Code     0  dleqf.o(x$fpl$dleqf)
    __aeabi_dmul                             0x08003ec5   Thumb Code     0  dmul.o(x$fpl$dmul)
    _dmul                                    0x08003ec5   Thumb Code   332  dmul.o(x$fpl$dmul)
    __fpl_dnaninf                            0x08004019   Thumb Code   156  dnaninf.o(x$fpl$dnaninf)
    __fpl_dretinf                            0x080040b5   Thumb Code    12  dretinf.o(x$fpl$dretinf)
    __aeabi_dsub                             0x080040c1   Thumb Code     0  daddsub_clz.o(x$fpl$dsub)
    _dsub                                    0x080040c1   Thumb Code   464  daddsub_clz.o(x$fpl$dsub)
    __aeabi_f2d                              0x08004295   Thumb Code     0  f2d.o(x$fpl$f2d)
    _f2d                                     0x08004295   Thumb Code    86  f2d.o(x$fpl$f2d)
    __aeabi_fadd                             0x080042ed   Thumb Code     0  faddsub_clz.o(x$fpl$fadd)
    _fadd                                    0x080042ed   Thumb Code   196  faddsub_clz.o(x$fpl$fadd)
    __fpl_fcmp_Inf                           0x080043b1   Thumb Code    24  fcmpi.o(x$fpl$fcmpinf)
    __aeabi_fdiv                             0x080043c9   Thumb Code     0  fdiv.o(x$fpl$fdiv)
    _fdiv                                    0x080043c9   Thumb Code   384  fdiv.o(x$fpl$fdiv)
    __aeabi_cfcmpeq                          0x0800454d   Thumb Code     0  feqf.o(x$fpl$feqf)
    _fcmpeq                                  0x0800454d   Thumb Code   104  feqf.o(x$fpl$feqf)
    __aeabi_f2uiz                            0x080045b5   Thumb Code     0  ffixu.o(x$fpl$ffixu)
    _ffixu                                   0x080045b5   Thumb Code    62  ffixu.o(x$fpl$ffixu)
    __aeabi_i2f                              0x080045f5   Thumb Code     0  fflt_clz.o(x$fpl$fflt)
    _fflt                                    0x080045f5   Thumb Code    48  fflt_clz.o(x$fpl$fflt)
    __aeabi_ui2f                             0x08004625   Thumb Code     0  fflt_clz.o(x$fpl$ffltu)
    _ffltu                                   0x08004625   Thumb Code    38  fflt_clz.o(x$fpl$ffltu)
    __aeabi_cfcmple                          0x0800464d   Thumb Code     0  fleqf.o(x$fpl$fleqf)
    _fcmple                                  0x0800464d   Thumb Code   104  fleqf.o(x$fpl$fleqf)
    __fpl_fcmple_InfNaN                      0x0800469f   Thumb Code     0  fleqf.o(x$fpl$fleqf)
    __aeabi_fmul                             0x080046b5   Thumb Code     0  fmul.o(x$fpl$fmul)
    _fmul                                    0x080046b5   Thumb Code   258  fmul.o(x$fpl$fmul)
    __fpl_fnaninf                            0x080047b7   Thumb Code   140  fnaninf.o(x$fpl$fnaninf)
    __fpl_fretinf                            0x08004843   Thumb Code    10  fretinf.o(x$fpl$fretinf)
    __aeabi_cfrcmple                         0x0800484d   Thumb Code     0  frleqf.o(x$fpl$frleqf)
    _frcmple                                 0x0800484d   Thumb Code    98  frleqf.o(x$fpl$frleqf)
    __aeabi_fsub                             0x080048b1   Thumb Code     0  faddsub_clz.o(x$fpl$fsub)
    _fsub                                    0x080048b1   Thumb Code   234  faddsub_clz.o(x$fpl$fsub)
    __I$use$fp                               0x0800499a   Number         0  usenofp.o(x$fpl$usenofp)
    AHBPrescTable                            0x080049ac   Data          16  system_stm32f1xx.o(.constdata)
    APBPrescTable                            0x080049bc   Data           8  system_stm32f1xx.o(.constdata)
    Region$$Table$$Base                      0x08004bc4   Number         0  anon$$obj.o(Region$$Table)
    Region$$Table$$Limit                     0x08004be4   Number         0  anon$$obj.o(Region$$Table)
    foo_encoder                              0x20000000   Data           8  main.o(.data)
    control_mode                             0x20000008   Data           1  main.o(.data)
    control_motor                            0x20000009   Data           1  main.o(.data)
    control_mode_test                        0x2000000a   Data           1  main.o(.data)
    control_motor_test                       0x2000000b   Data           1  main.o(.data)
    motor_data                               0x2000000c   Data           5  main.o(.data)
    length_motor_data                        0x20000011   Data           1  main.o(.data)
    length_frame_tx                          0x20000012   Data           1  main.o(.data)
    length_frame_rx                          0x20000013   Data           1  main.o(.data)
    length_decoded_data                      0x20000014   Data           2  main.o(.data)
    new_incoming_data                        0x20000016   Data           1  main.o(.data)
    check_frame                              0x20000017   Data           1  main.o(.data)
    motor_duty_test                          0x20000018   Data           4  main.o(.data)
    test                                     0x2000001c   Data           4  main.o(.data)
    uwTick                                   0x20000020   Data           4  stm32f1xx_hal.o(.data)
    uwTickPrio                               0x20000024   Data           4  stm32f1xx_hal.o(.data)
    uwTickFreq                               0x20000028   Data           1  stm32f1xx_hal.o(.data)
    SystemCoreClock                          0x2000002c   Data           4  system_stm32f1xx.o(.data)
    send_Qt                                  0x20000030   Data           4  send_data_to_qt.o(.data)
    htim1                                    0x20000034   Data          72  main.o(.bss)
    htim2                                    0x2000007c   Data          72  main.o(.bss)
    htim3                                    0x200000c4   Data          72  main.o(.bss)
    huart1                                   0x2000010c   Data          72  main.o(.bss)
    hdma_usart1_rx                           0x20000154   Data          68  main.o(.bss)
    hdma_usart1_tx                           0x20000198   Data          68  main.o(.bss)
    gear_motor                               0x200001dc   Data          16  main.o(.bss)
    velocity_pid                             0x200001ec   Data          20  main.o(.bss)
    position_pid                             0x20000200   Data          20  main.o(.bss)
    foo_ema_filter                           0x20000214   Data          12  main.o(.bss)
    gear_motor_test                          0x20000220   Data          16  main.o(.bss)
    frame_data_tx                            0x20000230   Data          14  main.o(.bss)
    frame_data_rx                            0x2000023e   Data          30  main.o(.bss)
    decoded_data                             0x2000025c   Data          13  main.o(.bss)
    __libspace_start                         0x2000026c   Data          96  libspace.o(.bss)
    __temporary_stack_top$libspace           0x200002cc   Data           0  libspace.o(.bss)



==============================================================================

Memory Map of the image

  Image Entry point : 0x080000ed

  Load Region LR_IROM1 (Base: 0x08000000, Size: 0x00004c18, Max: 0x00010000, ABSOLUTE)

    Execution Region ER_IROM1 (Exec base: 0x08000000, Load base: 0x08000000, Size: 0x00004be4, Max: 0x00010000, ABSOLUTE)

    Exec Addr    Load Addr    Size         Type   Attr      Idx    E Section Name        Object

    0x08000000   0x08000000   0x000000ec   Data   RO            3    RESET               startup_stm32f103xb.o
    0x080000ec   0x080000ec   0x00000008   Code   RO         3166  * !!!main             c_w.l(__main.o)
    0x080000f4   0x080000f4   0x00000034   Code   RO         3428    !!!scatter          c_w.l(__scatter.o)
    0x08000128   0x08000128   0x0000001a   Code   RO         3430    !!handler_copy      c_w.l(__scatter_copy.o)
    0x08000142   0x08000142   0x00000002   PAD
    0x08000144   0x08000144   0x0000001c   Code   RO         3432    !!handler_zi        c_w.l(__scatter_zi.o)
    0x08000160   0x08000160   0x00000002   Code   RO         3367    .ARM.Collect$$libinit$$00000000  c_w.l(libinit.o)
    0x08000162   0x08000162   0x00000000   Code   RO         3247    .ARM.Collect$$libinit$$00000002  c_w.l(libinit2.o)
    0x08000162   0x08000162   0x00000000   Code   RO         3249    .ARM.Collect$$libinit$$00000004  c_w.l(libinit2.o)
    0x08000162   0x08000162   0x00000008   Code   RO         3250    .ARM.Collect$$libinit$$00000005  c_w.l(libinit2.o)
    0x0800016a   0x0800016a   0x00000000   Code   RO         3252    .ARM.Collect$$libinit$$0000000A  c_w.l(libinit2.o)
    0x0800016a   0x0800016a   0x00000000   Code   RO         3254    .ARM.Collect$$libinit$$0000000C  c_w.l(libinit2.o)
    0x0800016a   0x0800016a   0x00000000   Code   RO         3256    .ARM.Collect$$libinit$$0000000E  c_w.l(libinit2.o)
    0x0800016a   0x0800016a   0x00000000   Code   RO         3259    .ARM.Collect$$libinit$$00000011  c_w.l(libinit2.o)
    0x0800016a   0x0800016a   0x00000000   Code   RO         3261    .ARM.Collect$$libinit$$00000013  c_w.l(libinit2.o)
    0x0800016a   0x0800016a   0x00000000   Code   RO         3263    .ARM.Collect$$libinit$$00000015  c_w.l(libinit2.o)
    0x0800016a   0x0800016a   0x00000000   Code   RO         3265    .ARM.Collect$$libinit$$00000017  c_w.l(libinit2.o)
    0x0800016a   0x0800016a   0x00000000   Code   RO         3267    .ARM.Collect$$libinit$$00000019  c_w.l(libinit2.o)
    0x0800016a   0x0800016a   0x00000000   Code   RO         3269    .ARM.Collect$$libinit$$0000001B  c_w.l(libinit2.o)
    0x0800016a   0x0800016a   0x00000000   Code   RO         3271    .ARM.Collect$$libinit$$0000001D  c_w.l(libinit2.o)
    0x0800016a   0x0800016a   0x00000000   Code   RO         3273    .ARM.Collect$$libinit$$0000001F  c_w.l(libinit2.o)
    0x0800016a   0x0800016a   0x00000000   Code   RO         3275    .ARM.Collect$$libinit$$00000021  c_w.l(libinit2.o)
    0x0800016a   0x0800016a   0x00000000   Code   RO         3277    .ARM.Collect$$libinit$$00000023  c_w.l(libinit2.o)
    0x0800016a   0x0800016a   0x00000000   Code   RO         3279    .ARM.Collect$$libinit$$00000025  c_w.l(libinit2.o)
    0x0800016a   0x0800016a   0x00000000   Code   RO         3283    .ARM.Collect$$libinit$$0000002C  c_w.l(libinit2.o)
    0x0800016a   0x0800016a   0x00000000   Code   RO         3285    .ARM.Collect$$libinit$$0000002E  c_w.l(libinit2.o)
    0x0800016a   0x0800016a   0x00000000   Code   RO         3287    .ARM.Collect$$libinit$$00000030  c_w.l(libinit2.o)
    0x0800016a   0x0800016a   0x00000000   Code   RO         3289    .ARM.Collect$$libinit$$00000032  c_w.l(libinit2.o)
    0x0800016a   0x0800016a   0x00000002   Code   RO         3290    .ARM.Collect$$libinit$$00000033  c_w.l(libinit2.o)
    0x0800016c   0x0800016c   0x00000002   Code   RO         3425    .ARM.Collect$$libshutdown$$00000000  c_w.l(libshutdown.o)
    0x0800016e   0x0800016e   0x00000000   Code   RO         3381    .ARM.Collect$$libshutdown$$00000002  c_w.l(libshutdown2.o)
    0x0800016e   0x0800016e   0x00000000   Code   RO         3383    .ARM.Collect$$libshutdown$$00000004  c_w.l(libshutdown2.o)
    0x0800016e   0x0800016e   0x00000000   Code   RO         3386    .ARM.Collect$$libshutdown$$00000007  c_w.l(libshutdown2.o)
    0x0800016e   0x0800016e   0x00000000   Code   RO         3389    .ARM.Collect$$libshutdown$$0000000A  c_w.l(libshutdown2.o)
    0x0800016e   0x0800016e   0x00000000   Code   RO         3391    .ARM.Collect$$libshutdown$$0000000C  c_w.l(libshutdown2.o)
    0x0800016e   0x0800016e   0x00000000   Code   RO         3394    .ARM.Collect$$libshutdown$$0000000F  c_w.l(libshutdown2.o)
    0x0800016e   0x0800016e   0x00000002   Code   RO         3395    .ARM.Collect$$libshutdown$$00000010  c_w.l(libshutdown2.o)
    0x08000170   0x08000170   0x00000000   Code   RO         3216    .ARM.Collect$$rtentry$$00000000  c_w.l(__rtentry.o)
    0x08000170   0x08000170   0x00000000   Code   RO         3310    .ARM.Collect$$rtentry$$00000002  c_w.l(__rtentry2.o)
    0x08000170   0x08000170   0x00000006   Code   RO         3322    .ARM.Collect$$rtentry$$00000004  c_w.l(__rtentry4.o)
    0x08000176   0x08000176   0x00000000   Code   RO         3312    .ARM.Collect$$rtentry$$00000009  c_w.l(__rtentry2.o)
    0x08000176   0x08000176   0x00000004   Code   RO         3313    .ARM.Collect$$rtentry$$0000000A  c_w.l(__rtentry2.o)
    0x0800017a   0x0800017a   0x00000000   Code   RO         3315    .ARM.Collect$$rtentry$$0000000C  c_w.l(__rtentry2.o)
    0x0800017a   0x0800017a   0x00000008   Code   RO         3316    .ARM.Collect$$rtentry$$0000000D  c_w.l(__rtentry2.o)
    0x08000182   0x08000182   0x00000002   Code   RO         3370    .ARM.Collect$$rtexit$$00000000  c_w.l(rtexit.o)
    0x08000184   0x08000184   0x00000000   Code   RO         3399    .ARM.Collect$$rtexit$$00000002  c_w.l(rtexit2.o)
    0x08000184   0x08000184   0x00000004   Code   RO         3400    .ARM.Collect$$rtexit$$00000003  c_w.l(rtexit2.o)
    0x08000188   0x08000188   0x00000006   Code   RO         3401    .ARM.Collect$$rtexit$$00000004  c_w.l(rtexit2.o)
    0x0800018e   0x0800018e   0x00000002   PAD
    0x08000190   0x08000190   0x00000000   Code   RO         3326    .emb_text           c_w.l(maybetermalloc1.o)
    0x08000190   0x08000190   0x00000040   Code   RO            4    .text               startup_stm32f103xb.o
    0x080001d0   0x080001d0   0x0000005e   Code   RO         3102    .text               c_w.l(h1_alloc.o)
    0x0800022e   0x0800022e   0x0000004e   Code   RO         3104    .text               c_w.l(h1_free.o)
    0x0800027c   0x0800027c   0x0000004e   Code   RO         3162    .text               c_w.l(rt_memclr_w.o)
    0x080002ca   0x080002ca   0x00000006   Code   RO         3164    .text               c_w.l(heapauxi.o)
    0x080002d0   0x080002d0   0x00000008   Code   RO         3220    .text               c_w.l(rt_heap_descriptor_intlibspace.o)
    0x080002d8   0x080002d8   0x00000004   Code   RO         3222    .text               c_w.l(hguard.o)
    0x080002dc   0x080002dc   0x0000008a   Code   RO         3224    .text               c_w.l(init_alloc.o)
    0x08000366   0x08000366   0x0000000e   Code   RO         3228    .text               c_w.l(h1_init.o)
    0x08000374   0x08000374   0x00000008   Code   RO         3306    .text               c_w.l(libspace.o)
    0x0800037c   0x0800037c   0x00000034   Code   RO         3328    .text               c_w.l(h1_extend.o)
    0x080003b0   0x080003b0   0x0000000e   Code   RO         3332    .text               c_w.l(defsig_rtmem_outer.o)
    0x080003be   0x080003be   0x00000002   Code   RO         3343    .text               c_w.l(use_no_semi.o)
    0x080003c0   0x080003c0   0x00000000   Code   RO         3345    .text               c_w.l(indicate_semi.o)
    0x080003c0   0x080003c0   0x0000004a   Code   RO         3346    .text               c_w.l(sys_stackheap_outer.o)
    0x0800040a   0x0800040a   0x00000012   Code   RO         3352    .text               c_w.l(exit.o)
    0x0800041c   0x0800041c   0x0000000a   Code   RO         3354    .text               c_w.l(defsig_exit.o)
    0x08000426   0x08000426   0x00000002   PAD
    0x08000428   0x08000428   0x00000050   Code   RO         3356    .text               c_w.l(defsig_rtmem_inner.o)
    0x08000478   0x08000478   0x0000000c   Code   RO         3368    .text               c_w.l(sys_exit.o)
    0x08000484   0x08000484   0x00000032   Code   RO         3378    .text               c_w.l(defsig_general.o)
    0x080004b6   0x080004b6   0x0000000e   Code   RO         3396    .text               c_w.l(sys_wrch.o)
    0x080004c4   0x080004c4   0x00000004   Code   RO          210    i.BusFault_Handler  stm32f1xx_it.o
    0x080004c8   0x080004c8   0x00000010   Code   RO          211    i.DMA1_Channel4_IRQHandler  stm32f1xx_it.o
    0x080004d8   0x080004d8   0x00000010   Code   RO          212    i.DMA1_Channel5_IRQHandler  stm32f1xx_it.o
    0x080004e8   0x080004e8   0x0000002c   Code   RO         1794    i.DMA_SetConfig     stm32f1xx_hal_dma.o
    0x08000514   0x08000514   0x00000002   Code   RO          213    i.DebugMon_Handler  stm32f1xx_it.o
    0x08000516   0x08000516   0x00000006   Code   RO           13    i.Error_Handler     main.o
    0x0800051c   0x0800051c   0x00000056   Code   RO         1795    i.HAL_DMA_Abort     stm32f1xx_hal_dma.o
    0x08000572   0x08000572   0x00000002   PAD
    0x08000574   0x08000574   0x000000b0   Code   RO         1796    i.HAL_DMA_Abort_IT  stm32f1xx_hal_dma.o
    0x08000624   0x08000624   0x0000019c   Code   RO         1800    i.HAL_DMA_IRQHandler  stm32f1xx_hal_dma.o
    0x080007c0   0x080007c0   0x00000068   Code   RO         1801    i.HAL_DMA_Init      stm32f1xx_hal_dma.o
    0x08000828   0x08000828   0x0000009c   Code   RO         1805    i.HAL_DMA_Start_IT  stm32f1xx_hal_dma.o
    0x080008c4   0x080008c4   0x00000320   Code   RO         1731    i.HAL_GPIO_Init     stm32f1xx_hal_gpio.o
    0x08000be4   0x08000be4   0x0000000c   Code   RO         1735    i.HAL_GPIO_WritePin  stm32f1xx_hal_gpio.o
    0x08000bf0   0x08000bf0   0x0000000c   Code   RO         1420    i.HAL_GetTick       stm32f1xx_hal.o
    0x08000bfc   0x08000bfc   0x00000018   Code   RO         1426    i.HAL_IncTick       stm32f1xx_hal.o
    0x08000c14   0x08000c14   0x00000028   Code   RO         1427    i.HAL_Init          stm32f1xx_hal.o
    0x08000c3c   0x08000c3c   0x0000004c   Code   RO         1428    i.HAL_InitTick      stm32f1xx_hal.o
    0x08000c88   0x08000c88   0x00000054   Code   RO          310    i.HAL_MspInit       stm32f1xx_hal_msp.o
    0x08000cdc   0x08000cdc   0x00000020   Code   RO         1891    i.HAL_NVIC_EnableIRQ  stm32f1xx_hal_cortex.o
    0x08000cfc   0x08000cfc   0x0000007c   Code   RO         1897    i.HAL_NVIC_SetPriority  stm32f1xx_hal_cortex.o
    0x08000d78   0x08000d78   0x00000028   Code   RO         1898    i.HAL_NVIC_SetPriorityGrouping  stm32f1xx_hal_cortex.o
    0x08000da0   0x08000da0   0x0000018c   Code   RO         1584    i.HAL_RCC_ClockConfig  stm32f1xx_hal_rcc.o
    0x08000f2c   0x08000f2c   0x0000000c   Code   RO         1589    i.HAL_RCC_GetHCLKFreq  stm32f1xx_hal_rcc.o
    0x08000f38   0x08000f38   0x00000020   Code   RO         1591    i.HAL_RCC_GetPCLK1Freq  stm32f1xx_hal_rcc.o
    0x08000f58   0x08000f58   0x00000020   Code   RO         1592    i.HAL_RCC_GetPCLK2Freq  stm32f1xx_hal_rcc.o
    0x08000f78   0x08000f78   0x00000070   Code   RO         1593    i.HAL_RCC_GetSysClockFreq  stm32f1xx_hal_rcc.o
    0x08000fe8   0x08000fe8   0x00000464   Code   RO         1596    i.HAL_RCC_OscConfig  stm32f1xx_hal_rcc.o
    0x0800144c   0x0800144c   0x00000034   Code   RO         1902    i.HAL_SYSTICK_Config  stm32f1xx_hal_cortex.o
    0x08001480   0x08001480   0x00000002   Code   RO         1142    i.HAL_TIMEx_BreakCallback  stm32f1xx_hal_tim_ex.o
    0x08001482   0x08001482   0x00000002   Code   RO         1143    i.HAL_TIMEx_CommutCallback  stm32f1xx_hal_tim_ex.o
    0x08001484   0x08001484   0x00000074   Code   RO         1145    i.HAL_TIMEx_ConfigBreakDeadTime  stm32f1xx_hal_tim_ex.o
    0x080014f8   0x080014f8   0x00000084   Code   RO         1161    i.HAL_TIMEx_MasterConfigSynchronization  stm32f1xx_hal_tim_ex.o
    0x0800157c   0x0800157c   0x00000066   Code   RO          427    i.HAL_TIM_Base_Init  stm32f1xx_hal_tim.o
    0x080015e2   0x080015e2   0x00000002   PAD
    0x080015e4   0x080015e4   0x00000044   Code   RO          312    i.HAL_TIM_Base_MspInit  stm32f1xx_hal_msp.o
    0x08001628   0x08001628   0x00000078   Code   RO          432    i.HAL_TIM_Base_Start_IT  stm32f1xx_hal_tim.o
    0x080016a0   0x080016a0   0x0000003e   Code   RO          435    i.HAL_TIM_Base_Stop_IT  stm32f1xx_hal_tim.o
    0x080016de   0x080016de   0x0000010c   Code   RO          436    i.HAL_TIM_ConfigClockSource  stm32f1xx_hal_tim.o
    0x080017ea   0x080017ea   0x000000c4   Code   RO          448    i.HAL_TIM_Encoder_Init  stm32f1xx_hal_tim.o
    0x080018ae   0x080018ae   0x00000002   PAD
    0x080018b0   0x080018b0   0x0000006c   Code   RO          314    i.HAL_TIM_Encoder_MspInit  stm32f1xx_hal_msp.o
    0x0800191c   0x0800191c   0x000000cc   Code   RO          451    i.HAL_TIM_Encoder_Start  stm32f1xx_hal_tim.o
    0x080019e8   0x080019e8   0x00000002   Code   RO          461    i.HAL_TIM_IC_CaptureCallback  stm32f1xx_hal_tim.o
    0x080019ea   0x080019ea   0x00000196   Code   RO          475    i.HAL_TIM_IRQHandler  stm32f1xx_hal_tim.o
    0x08001b80   0x08001b80   0x00000058   Code   RO          315    i.HAL_TIM_MspPostInit  stm32f1xx_hal_msp.o
    0x08001bd8   0x08001bd8   0x00000002   Code   RO          478    i.HAL_TIM_OC_DelayElapsedCallback  stm32f1xx_hal_tim.o
    0x08001bda   0x08001bda   0x00000104   Code   RO          499    i.HAL_TIM_PWM_ConfigChannel  stm32f1xx_hal_tim.o
    0x08001cde   0x08001cde   0x00000066   Code   RO          502    i.HAL_TIM_PWM_Init  stm32f1xx_hal_tim.o
    0x08001d44   0x08001d44   0x00000030   Code   RO          317    i.HAL_TIM_PWM_MspInit  stm32f1xx_hal_msp.o
    0x08001d74   0x08001d74   0x00000002   Code   RO          505    i.HAL_TIM_PWM_PulseFinishedCallback  stm32f1xx_hal_tim.o
    0x08001d76   0x08001d76   0x00000002   PAD
    0x08001d78   0x08001d78   0x000000d4   Code   RO          507    i.HAL_TIM_PWM_Start  stm32f1xx_hal_tim.o
    0x08001e4c   0x08001e4c   0x0000009c   Code   RO          510    i.HAL_TIM_PWM_Stop  stm32f1xx_hal_tim.o
    0x08001ee8   0x08001ee8   0x000000b8   Code   RO           14    i.HAL_TIM_PeriodElapsedCallback  main.o
    0x08001fa0   0x08001fa0   0x00000002   Code   RO          518    i.HAL_TIM_TriggerCallback  stm32f1xx_hal_tim.o
    0x08001fa2   0x08001fa2   0x00000072   Code   RO         2427    i.HAL_UARTEx_ReceiveToIdle_DMA  stm32f1xx_hal_uart.o
    0x08002014   0x08002014   0x00000040   Code   RO           15    i.HAL_UARTEx_RxEventCallback  main.o
    0x08002054   0x08002054   0x00000002   Code   RO         2443    i.HAL_UART_ErrorCallback  stm32f1xx_hal_uart.o
    0x08002056   0x08002056   0x00000002   PAD
    0x08002058   0x08002058   0x000002e4   Code   RO         2446    i.HAL_UART_IRQHandler  stm32f1xx_hal_uart.o
    0x0800233c   0x0800233c   0x00000076   Code   RO         2447    i.HAL_UART_Init     stm32f1xx_hal_uart.o
    0x080023b2   0x080023b2   0x00000002   PAD
    0x080023b4   0x080023b4   0x0000011c   Code   RO          319    i.HAL_UART_MspInit  stm32f1xx_hal_msp.o
    0x080024d0   0x080024d0   0x00000002   Code   RO         2453    i.HAL_UART_RxCpltCallback  stm32f1xx_hal_uart.o
    0x080024d2   0x080024d2   0x00000002   Code   RO         2454    i.HAL_UART_RxHalfCpltCallback  stm32f1xx_hal_uart.o
    0x080024d4   0x080024d4   0x0000008c   Code   RO         2456    i.HAL_UART_Transmit_DMA  stm32f1xx_hal_uart.o
    0x08002560   0x08002560   0x00000002   Code   RO         2458    i.HAL_UART_TxCpltCallback  stm32f1xx_hal_uart.o
    0x08002562   0x08002562   0x00000002   Code   RO         2459    i.HAL_UART_TxHalfCpltCallback  stm32f1xx_hal_uart.o
    0x08002564   0x08002564   0x00000004   Code   RO          214    i.HardFault_Handler  stm32f1xx_it.o
    0x08002568   0x08002568   0x00000044   Code   RO           16    i.MX_DMA_Init       main.o
    0x080025ac   0x080025ac   0x000000ac   Code   RO           17    i.MX_GPIO_Init      main.o
    0x08002658   0x08002658   0x000000c0   Code   RO           18    i.MX_TIM1_Init      main.o
    0x08002718   0x08002718   0x00000080   Code   RO           19    i.MX_TIM2_Init      main.o
    0x08002798   0x08002798   0x00000070   Code   RO           20    i.MX_TIM3_Init      main.o
    0x08002808   0x08002808   0x00000038   Code   RO           21    i.MX_USART1_UART_Init  main.o
    0x08002840   0x08002840   0x00000004   Code   RO          215    i.MemManage_Handler  stm32f1xx_it.o
    0x08002844   0x08002844   0x00000004   Code   RO          216    i.NMI_Handler       stm32f1xx_it.o
    0x08002848   0x08002848   0x00000002   Code   RO          217    i.PendSV_Handler    stm32f1xx_it.o
    0x0800284a   0x0800284a   0x00000002   PAD
    0x0800284c   0x0800284c   0x00000028   Code   RO         1597    i.RCC_Delay         stm32f1xx_hal_rcc.o
    0x08002874   0x08002874   0x00000002   Code   RO          218    i.SVC_Handler       stm32f1xx_it.o
    0x08002876   0x08002876   0x00000008   Code   RO          219    i.SysTick_Handler   stm32f1xx_it.o
    0x0800287e   0x0800287e   0x00000062   Code   RO           22    i.SystemClock_Config  main.o
    0x080028e0   0x080028e0   0x00000002   Code   RO         2791    i.SystemInit        system_stm32f1xx.o
    0x080028e2   0x080028e2   0x00000002   PAD
    0x080028e4   0x080028e4   0x00000010   Code   RO          220    i.TIM3_IRQHandler   stm32f1xx_it.o
    0x080028f4   0x080028f4   0x00000074   Code   RO          520    i.TIM_Base_SetConfig  stm32f1xx_hal_tim.o
    0x08002968   0x08002968   0x00000022   Code   RO          521    i.TIM_CCxChannelCmd  stm32f1xx_hal_tim.o
    0x0800298a   0x0800298a   0x00000016   Code   RO          531    i.TIM_ETR_SetConfig  stm32f1xx_hal_tim.o
    0x080029a0   0x080029a0   0x00000012   Code   RO          532    i.TIM_ITRx_SetConfig  stm32f1xx_hal_tim.o
    0x080029b2   0x080029b2   0x00000002   PAD
    0x080029b4   0x080029b4   0x00000060   Code   RO          533    i.TIM_OC1_SetConfig  stm32f1xx_hal_tim.o
    0x08002a14   0x08002a14   0x00000068   Code   RO          534    i.TIM_OC2_SetConfig  stm32f1xx_hal_tim.o
    0x08002a7c   0x08002a7c   0x00000068   Code   RO          535    i.TIM_OC3_SetConfig  stm32f1xx_hal_tim.o
    0x08002ae4   0x08002ae4   0x00000048   Code   RO          536    i.TIM_OC4_SetConfig  stm32f1xx_hal_tim.o
    0x08002b2c   0x08002b2c   0x00000026   Code   RO          538    i.TIM_TI1_ConfigInputStage  stm32f1xx_hal_tim.o
    0x08002b52   0x08002b52   0x00000028   Code   RO          540    i.TIM_TI2_ConfigInputStage  stm32f1xx_hal_tim.o
    0x08002b7a   0x08002b7a   0x00000014   Code   RO         2460    i.UART_DMAAbortOnError  stm32f1xx_hal_uart.o
    0x08002b8e   0x08002b8e   0x00000050   Code   RO         2461    i.UART_DMAError     stm32f1xx_hal_uart.o
    0x08002bde   0x08002bde   0x000000b4   Code   RO         2462    i.UART_DMAReceiveCplt  stm32f1xx_hal_uart.o
    0x08002c92   0x08002c92   0x00000024   Code   RO         2464    i.UART_DMARxHalfCplt  stm32f1xx_hal_uart.o
    0x08002cb6   0x08002cb6   0x00000058   Code   RO         2466    i.UART_DMATransmitCplt  stm32f1xx_hal_uart.o
    0x08002d0e   0x08002d0e   0x0000000e   Code   RO         2468    i.UART_DMATxHalfCplt  stm32f1xx_hal_uart.o
    0x08002d1c   0x08002d1c   0x0000006c   Code   RO         2470    i.UART_EndRxTransfer  stm32f1xx_hal_uart.o
    0x08002d88   0x08002d88   0x00000020   Code   RO         2471    i.UART_EndTransmit_IT  stm32f1xx_hal_uart.o
    0x08002da8   0x08002da8   0x00000026   Code   RO         2472    i.UART_EndTxTransfer  stm32f1xx_hal_uart.o
    0x08002dce   0x08002dce   0x000000fc   Code   RO         2473    i.UART_Receive_IT   stm32f1xx_hal_uart.o
    0x08002eca   0x08002eca   0x00000002   PAD
    0x08002ecc   0x08002ecc   0x000000fc   Code   RO         2474    i.UART_SetConfig    stm32f1xx_hal_uart.o
    0x08002fc8   0x08002fc8   0x000000c8   Code   RO         2475    i.UART_Start_Receive_DMA  stm32f1xx_hal_uart.o
    0x08003090   0x08003090   0x00000060   Code   RO         2477    i.UART_Transmit_IT  stm32f1xx_hal_uart.o
    0x080030f0   0x080030f0   0x00000010   Code   RO          221    i.USART1_IRQHandler  stm32f1xx_it.o
    0x08003100   0x08003100   0x00000004   Code   RO          222    i.UsageFault_Handler  stm32f1xx_it.o
    0x08003104   0x08003104   0x00000010   Code   RO         1904    i.__NVIC_GetPriorityGrouping  stm32f1xx_hal_cortex.o
    0x08003114   0x08003114   0x00000028   Code   RO         1905    i.__NVIC_SetPriority  stm32f1xx_hal_cortex.o
    0x0800313c   0x0800313c   0x00000070   Code   RO         2860    i.calculate_motor   motor.o
    0x080031ac   0x080031ac   0x0000001c   Code   RO         3046    i.crc16_floating    crc16.o
    0x080031c8   0x080031c8   0x00000090   Code   RO         3012    i.create_frame_uart_tx_data  data_transfer_level.o
    0x08003258   0x08003258   0x00000112   Code   RO         3014    i.decode_received_frame_data  data_transfer_level.o
    0x0800336a   0x0800336a   0x0000000a   Code   RO         2951    i.ema_filter_init   ema_filter.o
    0x08003374   0x08003374   0x00000028   Code   RO         2952    i.ema_filter_setalpha  ema_filter.o
    0x0800339c   0x0800339c   0x0000001e   Code   RO         2827    i.encoder_init      encoder.o
    0x080033ba   0x080033ba   0x00000002   PAD
    0x080033bc   0x080033bc   0x000000dc   Code   RO           23    i.main              main.o
    0x08003498   0x08003498   0x0000000c   Code   RO         2861    i.motor_init        motor.o
    0x080034a4   0x080034a4   0x000000a0   Code   RO         2862    i.motor_set_PWM     motor.o
    0x08003544   0x08003544   0x00000120   Code   RO         2912    i.pid_compute_position  pid.o
    0x08003664   0x08003664   0x000000e8   Code   RO         2913    i.pid_compute_velocity  pid.o
    0x0800374c   0x0800374c   0x00000010   Code   RO         2914    i.pid_init          pid.o
    0x0800375c   0x0800375c   0x00000020   Code   RO         2828    i.read_from_encoder  encoder.o
    0x0800377c   0x0800377c   0x000000c4   Code   RO         3068    i.send_data_to_Qt   send_data_to_qt.o
    0x08003840   0x08003840   0x0000004c   Code   RO         2978    i.send_error_signal_t  cmd_handle.o
    0x0800388c   0x0800388c   0x00000144   Code   RO         2979    i.test_cmd_handler  cmd_handle.o
    0x080039d0   0x080039d0   0x00000062   Code   RO         3168    x$fpl$d2f           fz_ws.l(d2f.o)
    0x08003a32   0x08003a32   0x00000002   PAD
    0x08003a34   0x08003a34   0x00000150   Code   RO         3170    x$fpl$dadd          fz_ws.l(daddsub_clz.o)
    0x08003b84   0x08003b84   0x00000018   Code   RO         3291    x$fpl$dcmpinf       fz_ws.l(dcmpi.o)
    0x08003b9c   0x08003b9c   0x000002b0   Code   RO         3177    x$fpl$ddiv          fz_ws.l(ddiv.o)
    0x08003e4c   0x08003e4c   0x00000078   Code   RO         3180    x$fpl$dleqf         fz_ws.l(dleqf.o)
    0x08003ec4   0x08003ec4   0x00000154   Code   RO         3182    x$fpl$dmul          fz_ws.l(dmul.o)
    0x08004018   0x08004018   0x0000009c   Code   RO         3293    x$fpl$dnaninf       fz_ws.l(dnaninf.o)
    0x080040b4   0x080040b4   0x0000000c   Code   RO         3295    x$fpl$dretinf       fz_ws.l(dretinf.o)
    0x080040c0   0x080040c0   0x000001d4   Code   RO         3172    x$fpl$dsub          fz_ws.l(daddsub_clz.o)
    0x08004294   0x08004294   0x00000056   Code   RO         3184    x$fpl$f2d           fz_ws.l(f2d.o)
    0x080042ea   0x080042ea   0x00000002   PAD
    0x080042ec   0x080042ec   0x000000c4   Code   RO         3186    x$fpl$fadd          fz_ws.l(faddsub_clz.o)
    0x080043b0   0x080043b0   0x00000018   Code   RO         3297    x$fpl$fcmpinf       fz_ws.l(fcmpi.o)
    0x080043c8   0x080043c8   0x00000184   Code   RO         3193    x$fpl$fdiv          fz_ws.l(fdiv.o)
    0x0800454c   0x0800454c   0x00000068   Code   RO         3196    x$fpl$feqf          fz_ws.l(feqf.o)
    0x080045b4   0x080045b4   0x0000003e   Code   RO         3198    x$fpl$ffixu         fz_ws.l(ffixu.o)
    0x080045f2   0x080045f2   0x00000002   PAD
    0x080045f4   0x080045f4   0x00000030   Code   RO         3203    x$fpl$fflt          fz_ws.l(fflt_clz.o)
    0x08004624   0x08004624   0x00000026   Code   RO         3202    x$fpl$ffltu         fz_ws.l(fflt_clz.o)
    0x0800464a   0x0800464a   0x00000002   PAD
    0x0800464c   0x0800464c   0x00000068   Code   RO         3208    x$fpl$fleqf         fz_ws.l(fleqf.o)
    0x080046b4   0x080046b4   0x00000102   Code   RO         3210    x$fpl$fmul          fz_ws.l(fmul.o)
    0x080047b6   0x080047b6   0x0000008c   Code   RO         3299    x$fpl$fnaninf       fz_ws.l(fnaninf.o)
    0x08004842   0x08004842   0x0000000a   Code   RO         3301    x$fpl$fretinf       fz_ws.l(fretinf.o)
    0x0800484c   0x0800484c   0x00000062   Code   RO         3212    x$fpl$frleqf        fz_ws.l(frleqf.o)
    0x080048ae   0x080048ae   0x00000002   PAD
    0x080048b0   0x080048b0   0x000000ea   Code   RO         3188    x$fpl$fsub          fz_ws.l(faddsub_clz.o)
    0x0800499a   0x0800499a   0x00000000   Code   RO         3303    x$fpl$usenofp       fz_ws.l(usenofp.o)
    0x0800499a   0x0800499a   0x00000012   Data   RO         1598    .constdata          stm32f1xx_hal_rcc.o
    0x080049ac   0x080049ac   0x00000018   Data   RO         2792    .constdata          system_stm32f1xx.o
    0x080049c4   0x080049c4   0x00000200   Data   RO         3047    .constdata          crc16.o
    0x08004bc4   0x08004bc4   0x00000020   Data   RO         3426    Region$$Table       anon$$obj.o


    Execution Region RW_IRAM1 (Exec base: 0x20000000, Load base: 0x08004be4, Size: 0x000008d0, Max: 0x00005000, ABSOLUTE)

    Exec Addr    Load Addr    Size         Type   Attr      Idx    E Section Name        Object

    0x20000000   0x08004be4   0x00000020   Data   RW           25    .data               main.o
    0x20000020   0x08004c04   0x00000009   Data   RW         1434    .data               stm32f1xx_hal.o
    0x20000029   0x08004c0d   0x00000003   PAD
    0x2000002c   0x08004c10   0x00000004   Data   RW         2793    .data               system_stm32f1xx.o
    0x20000030   0x08004c14   0x00000004   Data   RW         3069    .data               send_data_to_qt.o
    0x20000034        -       0x00000235   Zero   RW           24    .bss                main.o
    0x20000269   0x08004c18   0x00000003   PAD
    0x2000026c        -       0x00000060   Zero   RW         3307    .bss                c_w.l(libspace.o)
    0x200002cc   0x08004c18   0x00000004   PAD
    0x200002d0        -       0x00000200   Zero   RW            2    HEAP                startup_stm32f103xb.o
    0x200004d0        -       0x00000400   Zero   RW            1    STACK               startup_stm32f103xb.o


==============================================================================

Image component sizes


      Code (inc. data)   RO Data    RW Data    ZI Data      Debug   Object Name

       400         26          0          0          0       3022   cmd_handle.o
        28          6        512          0          0       1121   crc16.o
       418          0          0          0          0       2761   data_transfer_level.o
        50          0          0          0          0       1440   ema_filter.o
        62          0          0          0          0       1943   encoder.o
      1300        196          0         32        565     436111   main.o
       284         32          0          0          0       2802   motor.o
       536         42          0          0          0       3325   pid.o
       196         10          0          4          0       1729   send_data_to_qt.o
        64         26        236          0       1536        836   startup_stm32f103xb.o
       152         32          0          9          0       5453   stm32f1xx_hal.o
       304         22          0          0          0      29583   stm32f1xx_hal_cortex.o
       978         12          0          0          0       5034   stm32f1xx_hal_dma.o
       812         34          0          0          0       2748   stm32f1xx_hal_gpio.o
       680         74          0          0          0       4518   stm32f1xx_hal_msp.o
      1748         98         18          0          0       6168   stm32f1xx_hal_rcc.o
      2740         64          0          0          0      19011   stm32f1xx_hal_tim.o
       252         14          0          0          0       3341   stm32f1xx_hal_tim_ex.o
      2518         34          0          0          0      16799   stm32f1xx_hal_uart.o
        98         24          0          0          0       6118   stm32f1xx_it.o
         2          0         24          4          0       1191   system_stm32f1xx.o

    ----------------------------------------------------------------------
     13644        746        822         52       2104     555054   Object Totals
         0          0         32          0          0          0   (incl. Generated)
        22          0          0          3          3          0   (incl. Padding)

    ----------------------------------------------------------------------

      Code (inc. data)   RO Data    RW Data    ZI Data      Debug   Library Member Name

         8          0          0          0          0         68   __main.o
         0          0          0          0          0          0   __rtentry.o
        12          0          0          0          0          0   __rtentry2.o
         6          0          0          0          0          0   __rtentry4.o
        52          8          0          0          0          0   __scatter.o
        26          0          0          0          0          0   __scatter_copy.o
        28          0          0          0          0          0   __scatter_zi.o
        10          0          0          0          0         68   defsig_exit.o
        50          0          0          0          0         88   defsig_general.o
        80         58          0          0          0         76   defsig_rtmem_inner.o
        14          0          0          0          0         80   defsig_rtmem_outer.o
        18          0          0          0          0         80   exit.o
        94          0          0          0          0         80   h1_alloc.o
        52          0          0          0          0         68   h1_extend.o
        78          0          0          0          0         80   h1_free.o
        14          0          0          0          0         84   h1_init.o
         6          0          0          0          0        152   heapauxi.o
         4          0          0          0          0        136   hguard.o
         0          0          0          0          0          0   indicate_semi.o
       138          0          0          0          0        168   init_alloc.o
         2          0          0          0          0          0   libinit.o
        10          0          0          0          0          0   libinit2.o
         2          0          0          0          0          0   libshutdown.o
         2          0          0          0          0          0   libshutdown2.o
         8          4          0          0         96         68   libspace.o
         0          0          0          0          0          0   maybetermalloc1.o
         8          4          0          0          0         68   rt_heap_descriptor_intlibspace.o
        78          0          0          0          0         80   rt_memclr_w.o
         2          0          0          0          0          0   rtexit.o
        10          0          0          0          0          0   rtexit2.o
        12          4          0          0          0         68   sys_exit.o
        74          0          0          0          0         80   sys_stackheap_outer.o
        14          0          0          0          0         76   sys_wrch.o
         2          0          0          0          0         68   use_no_semi.o
        98          4          0          0          0         92   d2f.o
       804         16          0          0          0        272   daddsub_clz.o
        24          0          0          0          0         68   dcmpi.o
       688        140          0          0          0        208   ddiv.o
       120          4          0          0          0         92   dleqf.o
       340         12          0          0          0        104   dmul.o
       156          4          0          0          0         92   dnaninf.o
        12          0          0          0          0         68   dretinf.o
        86          4          0          0          0         84   f2d.o
       430          8          0          0          0        168   faddsub_clz.o
        24          0          0          0          0         68   fcmpi.o
       388         76          0          0          0         96   fdiv.o
       104          4          0          0          0         84   feqf.o
        62          4          0          0          0         84   ffixu.o
        86          0          0          0          0        136   fflt_clz.o
       104          4          0          0          0         84   fleqf.o
       258          4          0          0          0         84   fmul.o
       140          4          0          0          0         84   fnaninf.o
        10          0          0          0          0         68   fretinf.o
        98          0          0          0          0         68   frleqf.o
         0          0          0          0          0          0   usenofp.o

    ----------------------------------------------------------------------
      4962        366          0          0        100       3840   Library Totals
        16          0          0          0          4          0   (incl. Padding)

    ----------------------------------------------------------------------

      Code (inc. data)   RO Data    RW Data    ZI Data      Debug   Library Name

       914         78          0          0         96       1736   c_w.l
      4032        288          0          0          0       2104   fz_ws.l

    ----------------------------------------------------------------------
      4962        366          0          0        100       3840   Library Totals

    ----------------------------------------------------------------------

==============================================================================


      Code (inc. data)   RO Data    RW Data    ZI Data      Debug   

     18606       1112        822         52       2204     550726   Grand Totals
     18606       1112        822         52       2204     550726   ELF Image Totals
     18606       1112        822         52          0          0   ROM Totals

==============================================================================

    Total RO  Size (Code + RO Data)                19428 (  18.97kB)
    Total RW  Size (RW Data + ZI Data)              2256 (   2.20kB)
    Total ROM Size (Code + RO Data + RW Data)      19480 (  19.02kB)

==============================================================================

