Component: ARM Compiler 5.06 update 6 (build 750) Tool: armlink [4d35ed]

==============================================================================

Section Cross References

    startup_stm32f103xb.o(STACK) refers (Special) to heapauxi.o(.text) for __use_two_region_memory
    startup_stm32f103xb.o(HEAP) refers (Special) to heapauxi.o(.text) for __use_two_region_memory
    startup_stm32f103xb.o(RESET) refers (Special) to heapauxi.o(.text) for __use_two_region_memory
    startup_stm32f103xb.o(RESET) refers to startup_stm32f103xb.o(STACK) for __initial_sp
    startup_stm32f103xb.o(RESET) refers to startup_stm32f103xb.o(.text) for Reset_Handler
    startup_stm32f103xb.o(RESET) refers to stm32f1xx_it.o(i.NMI_Handler) for NMI_Handler
    startup_stm32f103xb.o(RESET) refers to stm32f1xx_it.o(i.HardFault_Handler) for HardFault_Handler
    startup_stm32f103xb.o(RESET) refers to stm32f1xx_it.o(i.MemManage_Handler) for MemManage_Handler
    startup_stm32f103xb.o(RESET) refers to stm32f1xx_it.o(i.BusFault_Handler) for BusFault_Handler
    startup_stm32f103xb.o(RESET) refers to stm32f1xx_it.o(i.UsageFault_Handler) for UsageFault_Handler
    startup_stm32f103xb.o(RESET) refers to stm32f1xx_it.o(i.SVC_Handler) for SVC_Handler
    startup_stm32f103xb.o(RESET) refers to stm32f1xx_it.o(i.DebugMon_Handler) for DebugMon_Handler
    startup_stm32f103xb.o(RESET) refers to stm32f1xx_it.o(i.PendSV_Handler) for PendSV_Handler
    startup_stm32f103xb.o(RESET) refers to stm32f1xx_it.o(i.SysTick_Handler) for SysTick_Handler
    startup_stm32f103xb.o(RESET) refers to stm32f1xx_it.o(i.DMA1_Channel4_IRQHandler) for DMA1_Channel4_IRQHandler
    startup_stm32f103xb.o(RESET) refers to stm32f1xx_it.o(i.DMA1_Channel5_IRQHandler) for DMA1_Channel5_IRQHandler
    startup_stm32f103xb.o(RESET) refers to stm32f1xx_it.o(i.TIM3_IRQHandler) for TIM3_IRQHandler
    startup_stm32f103xb.o(RESET) refers to stm32f1xx_it.o(i.USART1_IRQHandler) for USART1_IRQHandler
    startup_stm32f103xb.o(.text) refers (Special) to heapauxi.o(.text) for __use_two_region_memory
    startup_stm32f103xb.o(.text) refers to system_stm32f1xx.o(i.SystemInit) for SystemInit
    startup_stm32f103xb.o(.text) refers to __main.o(!!!main) for __main
    startup_stm32f103xb.o(.text) refers to startup_stm32f103xb.o(HEAP) for Heap_Mem
    startup_stm32f103xb.o(.text) refers to startup_stm32f103xb.o(STACK) for Stack_Mem
    main.o(i.HAL_TIM_PeriodElapsedCallback) refers to encoder.o(i.read_from_encoder) for read_from_encoder
    main.o(i.HAL_TIM_PeriodElapsedCallback) refers to motor.o(i.calculate_motor) for calculate_motor
    main.o(i.HAL_TIM_PeriodElapsedCallback) refers to pid.o(i.pid_compute_position) for pid_compute_position
    main.o(i.HAL_TIM_PeriodElapsedCallback) refers to ffix.o(x$fpl$ffix) for __aeabi_f2iz
    main.o(i.HAL_TIM_PeriodElapsedCallback) refers to motor.o(i.motor_set_PWM) for motor_set_PWM
    main.o(i.HAL_TIM_PeriodElapsedCallback) refers to pid.o(i.pid_compute_velocity) for pid_compute_velocity
    main.o(i.HAL_TIM_PeriodElapsedCallback) refers to main.o(.bss) for htim2
    main.o(i.HAL_TIM_PeriodElapsedCallback) refers to main.o(.data) for foo_encoder
    main.o(i.HAL_UARTEx_RxEventCallback) refers to stm32f1xx_hal_uart.o(i.HAL_UARTEx_ReceiveToIdle_DMA) for HAL_UARTEx_ReceiveToIdle_DMA
    main.o(i.HAL_UARTEx_RxEventCallback) refers to main.o(.bss) for frame_data_rx
    main.o(i.HAL_UARTEx_RxEventCallback) refers to main.o(.data) for length_frame_rx
    main.o(i.MX_DMA_Init) refers to stm32f1xx_hal_cortex.o(i.HAL_NVIC_SetPriority) for HAL_NVIC_SetPriority
    main.o(i.MX_DMA_Init) refers to stm32f1xx_hal_cortex.o(i.HAL_NVIC_EnableIRQ) for HAL_NVIC_EnableIRQ
    main.o(i.MX_GPIO_Init) refers to stm32f1xx_hal_gpio.o(i.HAL_GPIO_WritePin) for HAL_GPIO_WritePin
    main.o(i.MX_GPIO_Init) refers to stm32f1xx_hal_gpio.o(i.HAL_GPIO_Init) for HAL_GPIO_Init
    main.o(i.MX_TIM1_Init) refers to rt_memclr_w.o(.text) for __aeabi_memclr4
    main.o(i.MX_TIM1_Init) refers to stm32f1xx_hal_tim.o(i.HAL_TIM_PWM_Init) for HAL_TIM_PWM_Init
    main.o(i.MX_TIM1_Init) refers to main.o(i.Error_Handler) for Error_Handler
    main.o(i.MX_TIM1_Init) refers to stm32f1xx_hal_tim_ex.o(i.HAL_TIMEx_MasterConfigSynchronization) for HAL_TIMEx_MasterConfigSynchronization
    main.o(i.MX_TIM1_Init) refers to stm32f1xx_hal_tim.o(i.HAL_TIM_PWM_ConfigChannel) for HAL_TIM_PWM_ConfigChannel
    main.o(i.MX_TIM1_Init) refers to stm32f1xx_hal_tim_ex.o(i.HAL_TIMEx_ConfigBreakDeadTime) for HAL_TIMEx_ConfigBreakDeadTime
    main.o(i.MX_TIM1_Init) refers to stm32f1xx_hal_msp.o(i.HAL_TIM_MspPostInit) for HAL_TIM_MspPostInit
    main.o(i.MX_TIM1_Init) refers to main.o(.bss) for htim1
    main.o(i.MX_TIM2_Init) refers to rt_memclr_w.o(.text) for __aeabi_memclr4
    main.o(i.MX_TIM2_Init) refers to stm32f1xx_hal_tim.o(i.HAL_TIM_Encoder_Init) for HAL_TIM_Encoder_Init
    main.o(i.MX_TIM2_Init) refers to main.o(i.Error_Handler) for Error_Handler
[...]
    ../fplib/fnaninf.s                       0x00000000   Number         0  fnaninf.o ABSOLUTE
    ../fplib/fpinit.s                        0x00000000   Number         0  fpinit.o ABSOLUTE
    ../fplib/fretinf.s                       0x00000000   Number         0  fretinf.o ABSOLUTE
    ../fplib/frleqf.s                        0x00000000   Number         0  frleqf.o ABSOLUTE
    ../fplib/usenofp.s                       0x00000000   Number         0  usenofp.o ABSOLUTE
    ..\..\my_lib\cmd_handle.c                0x00000000   Number         0  cmd_handle.o ABSOLUTE
    ..\..\my_lib\crc16.c                     0x00000000   Number         0  crc16.o ABSOLUTE
    ..\..\my_lib\data_transfer_level.c       0x00000000   Number         0  data_transfer_level.o ABSOLUTE
    ..\..\my_lib\ema_filter.c                0x00000000   Number         0  ema_filter.o ABSOLUTE
    ..\..\my_lib\encoder.c                   0x00000000   Number         0  encoder.o ABSOLUTE
    ..\..\my_lib\motor.c                     0x00000000   Number         0  motor.o ABSOLUTE
    ..\..\my_lib\pid.c                       0x00000000   Number         0  pid.o ABSOLUTE
    ..\Core\Src\main.c                       0x00000000   Number         0  main.o ABSOLUTE
    ..\Core\Src\stm32f1xx_hal_msp.c          0x00000000   Number         0  stm32f1xx_hal_msp.o ABSOLUTE
    ..\Core\Src\stm32f1xx_it.c               0x00000000   Number         0  stm32f1xx_it.o ABSOLUTE
    ..\Core\Src\system_stm32f1xx.c           0x00000000   Number         0  system_stm32f1xx.o ABSOLUTE
    ..\Drivers\STM32F1xx_HAL_Driver\Src\stm32f1xx_hal.c 0x00000000   Number         0  stm32f1xx_hal.o ABSOLUTE
    ..\Drivers\STM32F1xx_HAL_Driver\Src\stm32f1xx_hal_cortex.c 0x00000000   Number         0  stm32f1xx_hal_cortex.o ABSOLUTE
    ..\Drivers\STM32F1xx_HAL_Driver\Src\stm32f1xx_hal_dma.c 0x00000000   Number         0  stm32f1xx_hal_dma.o ABSOLUTE
    ..\Drivers\STM32F1xx_HAL_Driver\Src\stm32f1xx_hal_exti.c 0x00000000   Number         0  stm32f1xx_hal_exti.o ABSOLUTE
    ..\Drivers\STM32F1xx_HAL_Driver\Src\stm32f1xx_hal_flash.c 0x00000000   Number         0  stm32f1xx_hal_flash.o ABSOLUTE
    ..\Drivers\STM32F1xx_HAL_Driver\Src\stm32f1xx_hal_flash_ex.c 0x00000000   Number         0  stm32f1xx_hal_flash_ex.o ABSOLUTE
    ..\Drivers\STM32F1xx_HAL_Driver\Src\stm32f1xx_hal_gpio.c 0x00000000   Number         0  stm32f1xx_hal_gpio.o ABSOLUTE
    ..\Drivers\STM32F1xx_HAL_Driver\Src\stm32f1xx_hal_gpio_ex.c 0x00000000   Number         0  stm32f1xx_hal_gpio_ex.o ABSOLUTE
    ..\Drivers\STM32F1xx_HAL_Driver\Src\stm32f1xx_hal_pwr.c 0x00000000   Number         0  stm32f1xx_hal_pwr.o ABSOLUTE
    ..\Drivers\STM32F1xx_HAL_Driver\Src\stm32f1xx_hal_rcc.c 0x00000000   Number         0  stm32f1xx_hal_rcc.o ABSOLUTE
    ..\Drivers\STM32F1xx_HAL_Driver\Src\stm32f1xx_hal_rcc_ex.c 0x00000000   Number         0  stm32f1xx_hal_rcc_ex.o ABSOLUTE
    ..\Drivers\STM32F1xx_HAL_Driver\Src\stm32f1xx_hal_tim.c 0x00000000   Number         0  stm32f1xx_hal_tim.o ABSOLUTE
    ..\Drivers\STM32F1xx_HAL_Driver\Src\stm32f1xx_hal_tim_ex.c 0x00000000   Number         0  stm32f1xx_hal_tim_ex.o ABSOLUTE
    ..\Drivers\STM32F1xx_HAL_Driver\Src\stm32f1xx_hal_uart.c 0x00000000   Number         0  stm32f1xx_hal_uart.o ABSOLUTE
    ..\\..\\my_lib\\cmd_handle.c             0x00000000   Number         0  cmd_handle.o ABSOLUTE
    ..\\..\\my_lib\\encoder.c                0x00000000   Number         0  encoder.o ABSOLUTE
    ..\\..\\my_lib\\motor.c                  0x00000000   Number         0  motor.o ABSOLUTE
    ..\\..\\my_lib\\pid.c                    0x00000000   Number         0  pid.o ABSOLUTE
    dc.s                                     0x00000000   Number         0  dc.o ABSOLUTE
    startup_stm32f103xb.s                    0x00000000   Number         0  startup_stm32f103xb.o ABSOLUTE
    RESET                                    0x08000000   Section      236  startup_stm32f103xb.o(RESET)
    !!!main                                  0x080000ec   Section        8  __main.o(!!!main)
    !!!scatter                               0x080000f4   Section       52  __scatter.o(!!!scatter)
    !!handler_copy                           0x08000128   Section       26  __scatter_copy.o(!!handler_copy)
    !!handler_zi                             0x08000144   Section       28  __scatter_zi.o(!!handler_zi)
    .ARM.Collect$$libinit$$00000000          0x08000160   Section        2  libinit.o(.ARM.Collect$$libinit$$00000000)
    .ARM.Collect$$libinit$$00000002          0x08000162   Section        0  libinit2.o(.ARM.Collect$$libinit$$00000002)
    .ARM.Collect$$libinit$$00000004          0x08000162   Section        0  libinit2.o(.ARM.Collect$$libinit$$00000004)
    .ARM.Collect$$libinit$$0000000A          0x08000162   Section        0  libinit2.o(.ARM.Collect$$libinit$$0000000A)
    .ARM.Collect$$libinit$$0000000C          0x08000162   Section        0  libinit2.o(.ARM.Collect$$libinit$$0000000C)
    .ARM.Collect$$libinit$$0000000E          0x08000162   Section        0  libinit2.o(.ARM.Collect$$libinit$$0000000E)
    .ARM.Collect$$libinit$$00000011          0x08000162   Section        0  libinit2.o(.ARM.Collect$$libinit$$00000011)
    .ARM.Collect$$libinit$$00000013          0x08000162   Section        0  libinit2.o(.ARM.Collect$$libinit$$00000013)
    .ARM.Collect$$libinit$$00000015          0x08000162   Section        0  libinit2.o(.ARM.Collect$$libinit$$00000015)
    .ARM.Collect$$libinit$$00000017          0x08000162   Section        0  libinit2.o(.ARM.Collect$$libinit$$00000017)
    .ARM.Collect$$libinit$$00000019          0x08000162   Section        0  libinit2.o(.ARM.Collect$$libinit$$00000019)
    .ARM.Collect$$libinit$$0000001B          0x08000162   Section        0  libinit2.o(.ARM.Collect$$libinit$$0000001B)
    .ARM.Collect$$libinit$$0000001D          0x08000162   Section        0  libinit2.o(.ARM.Collect$$libinit$$0000001D)
    .ARM.Collect$$libinit$$0000001F          0x08000162   Section        0  libinit2.o(.ARM.Collect$$libinit$$0000001F)
    .ARM.Collect$$libinit$$00000021          0x08000162   Section        0  libinit2.o(.ARM.Collect$$libinit$$00000021)
    .ARM.Collect$$libinit$$00000023          0x08000162   Section        0  libinit2.o(.ARM.Collect$$libinit$$00000023)
    .ARM.Collect$$libinit$$00000025          0x08000162   Section        0  libinit2.o(.ARM.Collect$$libinit$$00000025)
    .ARM.Collect$$libinit$$0000002C          0x08000162   Section        0  libinit2.o(.ARM.Collect$$libinit$$0000002C)
    .ARM.Collect$$libinit$$0000002E          0x08000162   Section        0  libinit2.o(.ARM.Collect$$libinit$$0000002E)
    .ARM.Collect$$libinit$$00000030          0x08000162   Section        0  libinit2.o(.ARM.Collect$$libinit$$00000030)
    .ARM.Collect$$libinit$$00000032          0x08000162   Section        0  libinit2.o(.ARM.Collect$$libinit$$00000032)
    .ARM.Collect$$libinit$$00000033          0x08000162   Section        2  libinit2.o(.ARM.Collect$$libinit$$00000033)
    .ARM.Collect$$libshutdown$$00000000      0x08000164   Section        2  libshutdown.o(.ARM.Collect$$libshutdown$$00000000)
    .ARM.Collect$$libshutdown$$00000002      0x08000166   Section        0  libshutdown2.o(.ARM.Collect$$libshutdown$$00000002)
    .ARM.Collect$$libshutdown$$00000004      0x08000166   Section        0  libshutdown2.o(.ARM.Collect$$libshutdown$$00000004)
    .ARM.Collect$$libshutdown$$00000007      0x08000166   Section        0  libshutdown2.o(.ARM.Collect$$libshutdown$$00000007)
    .ARM.Collect$$libshutdown$$0000000A      0x08000166   Section        0  libshutdown2.o(.ARM.Collect$$libshutdown$$0000000A)
    .ARM.Collect$$libshutdown$$0000000C      0x08000166   Section        0  libshutdown2.o(.ARM.Collect$$libshutdown$$0000000C)
    .ARM.Collect$$libshutdown$$0000000F      0x08000166   Section        0  libshutdown2.o(.ARM.Collect$$libshutdown$$0000000F)
    .ARM.Collect$$libshutdown$$00000010      0x08000166   Section        2  libshutdown2.o(.ARM.Collect$$libshutdown$$00000010)
    .ARM.Collect$$rtentry$$00000000          0x08000168   Section        0  __rtentry.o(.ARM.Collect$$rtentry$$00000000)
    .ARM.Collect$$rtentry$$00000002          0x08000168   Section        0  __rtentry2.o(.ARM.Collect$$rtentry$$00000002)
    .ARM.Collect$$rtentry$$00000004          0x08000168   Section        6  __rtentry4.o(.ARM.Collect$$rtentry$$00000004)
    .ARM.Collect$$rtentry$$00000009          0x0800016e   Section        0  __rtentry2.o(.ARM.Collect$$rtentry$$00000009)
    .ARM.Collect$$rtentry$$0000000A          0x0800016e   Section        4  __rtentry2.o(.ARM.Collect$$rtentry$$0000000A)
    .ARM.Collect$$rtentry$$0000000C          0x08000172   Section        0  __rtentry2.o(.ARM.Collect$$rtentry$$0000000C)
    .ARM.Collect$$rtentry$$0000000D          0x08000172   Section        8  __rtentry2.o(.ARM.Collect$$rtentry$$0000000D)
    .ARM.Collect$$rtexit$$00000000           0x0800017a   Section        2  rtexit.o(.ARM.Collect$$rtexit$$00000000)
    .ARM.Collect$$rtexit$$00000002           0x0800017c   Section        0  rtexit2.o(.ARM.Collect$$rtexit$$00000002)
    .ARM.Collect$$rtexit$$00000003           0x0800017c   Section        4  rtexit2.o(.ARM.Collect$$rtexit$$00000003)
    .ARM.Collect$$rtexit$$00000004           0x08000180   Section        6  rtexit2.o(.ARM.Collect$$rtexit$$00000004)
    .text                                    0x08000188   Section       64  startup_stm32f103xb.o(.text)
    .text                                    0x080001c8   Section       78  rt_memclr_w.o(.text)
    .text                                    0x08000216   Section        0  heapauxi.o(.text)
    .text                                    0x0800021c   Section       74  sys_stackheap_outer.o(.text)
    .text                                    0x08000266   Section        0  exit.o(.text)
    .text                                    0x08000278   Section        8  libspace.o(.text)
    .text                                    0x08000280   Section        0  sys_exit.o(.text)
    .text                                    0x0800028c   Section        2  use_no_semi.o(.text)
    .text                                    0x0800028e   Section        0  indicate_semi.o(.text)
    i.BusFault_Handler                       0x0800028e   Section        0  stm32f1xx_it.o(i.BusFault_Handler)
    i.DMA1_Channel4_IRQHandler               0x08000294   Section        0  stm32f1xx_it.o(i.DMA1_Channel4_IRQHandler)
    i.DMA1_Channel5_IRQHandler               0x080002a4   Section        0  stm32f1xx_it.o(i.DMA1_Channel5_IRQHandler)
    i.DMA_SetConfig                          0x080002b4   Section        0  stm32f1xx_hal_dma.o(i.DMA_SetConfig)
    DMA_SetConfig                            0x080002b5   Thumb Code    44  stm32f1xx_hal_dma.o(i.DMA_SetConfig)
    i.DebugMon_Handler                       0x080002e0   Section        0  stm32f1xx_it.o(i.DebugMon_Handler)
    i.Error_Handler                          0x080002e2   Section        0  main.o(i.Error_Handler)
    i.HAL_DMA_Abort                          0x080002e8   Section        0  stm32f1xx_hal_dma.o(i.HAL_DMA_Abort)
    i.HAL_DMA_Abort_IT                       0x08000340   Section        0  stm32f1xx_hal_dma.o(i.HAL_DMA_Abort_IT)
    i.HAL_DMA_IRQHandler                     0x080003f0   Section        0  stm32f1xx_hal_dma.o(i.HAL_DMA_IRQHandler)
    i.HAL_DMA_Init                           0x0800058c   Section        0  stm32f1xx_hal_dma.o(i.HAL_DMA_Init)
    i.HAL_DMA_Start_IT                       0x080005f4   Section        0  stm32f1xx_hal_dma.o(i.HAL_DMA_Start_IT)
    i.HAL_GPIO_Init                          0x08000690   Section        0  stm32f1xx_hal_gpio.o(i.HAL_GPIO_Init)
    i.HAL_GPIO_WritePin                      0x080009b0   Section        0  stm32f1xx_hal_gpio.o(i.HAL_GPIO_WritePin)
    i.HAL_GetTick                            0x080009bc   Section        0  stm32f1xx_hal.o(i.HAL_GetTick)
    i.HAL_IncTick                            0x080009c8   Section        0  stm32f1xx_hal.o(i.HAL_IncTick)
    i.HAL_Init                               0x080009e0   Section        0  stm32f1xx_hal.o(i.HAL_Init)
    i.HAL_InitTick                           0x08000a08   Section        0  stm32f1xx_hal.o(i.HAL_InitTick)
    i.HAL_MspInit                            0x08000a54   Section        0  stm32f1xx_hal_msp.o(i.HAL_MspInit)
    i.HAL_NVIC_EnableIRQ                     0x08000aa8   Section        0  stm32f1xx_hal_cortex.o(i.HAL_NVIC_EnableIRQ)
    i.HAL_NVIC_SetPriority                   0x08000ac8   Section        0  stm32f1xx_hal_cortex.o(i.HAL_NVIC_SetPriority)
    i.HAL_NVIC_SetPriorityGrouping           0x08000b44   Section        0  stm32f1xx_hal_cortex.o(i.HAL_NVIC_SetPriorityGrouping)
    i.HAL_RCC_ClockConfig                    0x08000b6c   Section        0  stm32f1xx_hal_rcc.o(i.HAL_RCC_ClockConfig)
    i.HAL_RCC_GetHCLKFreq                    0x08000cf8   Section        0  stm32f1xx_hal_rcc.o(i.HAL_RCC_GetHCLKFreq)
    i.HAL_RCC_GetPCLK1Freq                   0x08000d04   Section        0  stm32f1xx_hal_rcc.o(i.HAL_RCC_GetPCLK1Freq)
    i.HAL_RCC_GetPCLK2Freq                   0x08000d24   Section        0  stm32f1xx_hal_rcc.o(i.HAL_RCC_GetPCLK2Freq)
    i.HAL_RCC_GetSysClockFreq                0x08000d44   Section        0  stm32f1xx_hal_rcc.o(i.HAL_RCC_GetSysClockFreq)
    i.HAL_RCC_OscConfig                      0x08000db4   Section        0  stm32f1xx_hal_rcc.o(i.HAL_RCC_OscConfig)
    i.HAL_SYSTICK_Config                     0x08001218   Section        0  stm32f1xx_hal_cortex.o(i.HAL_SYSTICK_Config)
    i.HAL_TIMEx_BreakCallback                0x0800124c   Section        0  stm32f1xx_hal_tim_ex.o(i.HAL_TIMEx_BreakCallback)
    i.HAL_TIMEx_CommutCallback               0x0800124e   Section        0  stm32f1xx_hal_tim_ex.o(i.HAL_TIMEx_CommutCallback)
    i.HAL_TIMEx_ConfigBreakDeadTime          0x08001250   Section        0  stm32f1xx_hal_tim_ex.o(i.HAL_TIMEx_ConfigBreakDeadTime)
    i.HAL_TIMEx_MasterConfigSynchronization  0x080012c4   Section        0  stm32f1xx_hal_tim_ex.o(i.HAL_TIMEx_MasterConfigSynchronization)
    i.HAL_TIM_Base_Init                      0x08001348   Section        0  stm32f1xx_hal_tim.o(i.HAL_TIM_Base_Init)
    i.HAL_TIM_Base_MspInit                   0x080013b0   Section        0  stm32f1xx_hal_msp.o(i.HAL_TIM_Base_MspInit)
    i.HAL_TIM_Base_Start_IT                  0x080013f4   Section        0  stm32f1xx_hal_tim.o(i.HAL_TIM_Base_Start_IT)
    i.HAL_TIM_Base_Stop_IT                   0x0800146c   Section        0  stm32f1xx_hal_tim.o(i.HAL_TIM_Base_Stop_IT)
    i.HAL_TIM_ConfigClockSource              0x080014aa   Section        0  stm32f1xx_hal_tim.o(i.HAL_TIM_ConfigClockSource)
    i.HAL_TIM_Encoder_Init                   0x080015b6   Section        0  stm32f1xx_hal_tim.o(i.HAL_TIM_Encoder_Init)
    i.HAL_TIM_Encoder_MspInit                0x0800167c   Section        0  stm32f1xx_hal_msp.o(i.HAL_TIM_Encoder_MspInit)
    i.HAL_TIM_Encoder_Start                  0x080016e8   Section        0  stm32f1xx_hal_tim.o(i.HAL_TIM_Encoder_Start)
    i.HAL_TIM_IC_CaptureCallback             0x080017b4   Section        0  stm32f1xx_hal_tim.o(i.HAL_TIM_IC_CaptureCallback)
    i.HAL_TIM_IRQHandler                     0x080017b6   Section        0  stm32f1xx_hal_tim.o(i.HAL_TIM_IRQHandler)
    i.HAL_TIM_MspPostInit                    0x0800194c   Section        0  stm32f1xx_hal_msp.o(i.HAL_TIM_MspPostInit)
    i.HAL_TIM_OC_DelayElapsedCallback        0x080019a4   Section        0  stm32f1xx_hal_tim.o(i.HAL_TIM_OC_DelayElapsedCallback)
    i.HAL_TIM_PWM_ConfigChannel              0x080019a6   Section        0  stm32f1xx_hal_tim.o(i.HAL_TIM_PWM_ConfigChannel)
    i.HAL_TIM_PWM_Init                       0x08001aaa   Section        0  stm32f1xx_hal_tim.o(i.HAL_TIM_PWM_Init)
    i.HAL_TIM_PWM_MspInit                    0x08001b10   Section        0  stm32f1xx_hal_msp.o(i.HAL_TIM_PWM_MspInit)
    i.HAL_TIM_PWM_PulseFinishedCallback      0x08001b40   Section        0  stm32f1xx_hal_tim.o(i.HAL_TIM_PWM_PulseFinishedCallback)
    i.HAL_TIM_PWM_Start                      0x08001b44   Section        0  stm32f1xx_hal_tim.o(i.HAL_TIM_PWM_Start)
    i.HAL_TIM_PeriodElapsedCallback          0x08001c18   Section        0  main.o(i.HAL_TIM_PeriodElapsedCallback)
    i.HAL_TIM_TriggerCallback                0x08001cc0   Section        0  stm32f1xx_hal_tim.o(i.HAL_TIM_TriggerCallback)
    i.HAL_UARTEx_ReceiveToIdle_DMA           0x08001cc2   Section        0  stm32f1xx_hal_uart.o(i.HAL_UARTEx_ReceiveToIdle_DMA)
    i.HAL_UARTEx_RxEventCallback             0x08001d34   Section        0  main.o(i.HAL_UARTEx_RxEventCallback)
    i.HAL_UART_ErrorCallback                 0x08001d74   Section        0  stm32f1xx_hal_uart.o(i.HAL_UART_ErrorCallback)
    i.HAL_UART_IRQHandler                    0x08001d78   Section        0  stm32f1xx_hal_uart.o(i.HAL_UART_IRQHandler)
    i.HAL_UART_Init                          0x0800205c   Section        0  stm32f1xx_hal_uart.o(i.HAL_UART_Init)
    i.HAL_UART_MspInit                       0x080020d4   Section        0  stm32f1xx_hal_msp.o(i.HAL_UART_MspInit)
    i.HAL_UART_RxCpltCallback                0x080021f0   Section        0  stm32f1xx_hal_uart.o(i.HAL_UART_RxCpltCallback)
    i.HAL_UART_RxHalfCpltCallback            0x080021f2   Section        0  stm32f1xx_hal_uart.o(i.HAL_UART_RxHalfCpltCallback)
    i.HAL_UART_TxCpltCallback                0x080021f4   Section        0  stm32f1xx_hal_uart.o(i.HAL_UART_TxCpltCallback)
    i.HardFault_Handler                      0x080021f6   Section        0  stm32f1xx_it.o(i.HardFault_Handler)
    i.MX_DMA_Init                            0x080021fc   Section        0  main.o(i.MX_DMA_Init)
    MX_DMA_Init                              0x080021fd   Thumb Code    64  main.o(i.MX_DMA_Init)
    i.MX_GPIO_Init                           0x08002240   Section        0  main.o(i.MX_GPIO_Init)
    MX_GPIO_Init                             0x08002241   Thumb Code   162  main.o(i.MX_GPIO_Init)
    i.MX_TIM1_Init                           0x080022ec   Section        0  main.o(i.MX_TIM1_Init)
    MX_TIM1_Init                             0x080022ed   Thumb Code   184  main.o(i.MX_TIM1_Init)
    i.MX_TIM2_Init                           0x080023ac   Section        0  main.o(i.MX_TIM2_Init)
    MX_TIM2_Init                             0x080023ad   Thumb Code   122  main.o(i.MX_TIM2_Init)
    i.MX_TIM3_Init                           0x0800242c   Section        0  main.o(i.MX_TIM3_Init)
    MX_TIM3_Init                             0x0800242d   Thumb Code   102  main.o(i.MX_TIM3_Init)
    i.MX_USART1_UART_Init                    0x0800249c   Section        0  main.o(i.MX_USART1_UART_Init)
    MX_USART1_UART_Init                      0x0800249d   Thumb Code    46  main.o(i.MX_USART1_UART_Init)
    i.MemManage_Handler                      0x080024d4   Section        0  stm32f1xx_it.o(i.MemManage_Handler)
    i.NMI_Handler                            0x080024d8   Section        0  stm32f1xx_it.o(i.NMI_Handler)
    i.PendSV_Handler                         0x080024dc   Section        0  stm32f1xx_it.o(i.PendSV_Handler)
    i.RCC_Delay                              0x080024e0   Section        0  stm32f1xx_hal_rcc.o(i.RCC_Delay)
    RCC_Delay                                0x080024e1   Thumb Code    36  stm32f1xx_hal_rcc.o(i.RCC_Delay)
    i.SVC_Handler                            0x08002508   Section        0  stm32f1xx_it.o(i.SVC_Handler)
    i.SysTick_Handler                        0x0800250a   Section        0  stm32f1xx_it.o(i.SysTick_Handler)
    i.SystemClock_Config                     0x08002512   Section        0  main.o(i.SystemClock_Config)
    i.SystemInit                             0x08002574   Section        0  system_stm32f1xx.o(i.SystemInit)
    i.TIM3_IRQHandler                        0x08002578   Section        0  stm32f1xx_it.o(i.TIM3_IRQHandler)
    i.TIM_Base_SetConfig                     0x08002588   Section        0  stm32f1xx_hal_tim.o(i.TIM_Base_SetConfig)
    i.TIM_CCxChannelCmd                      0x080025fc   Section        0  stm32f1xx_hal_tim.o(i.TIM_CCxChannelCmd)
    i.TIM_ETR_SetConfig                      0x0800261e   Section        0  stm32f1xx_hal_tim.o(i.TIM_ETR_SetConfig)
    i.TIM_ITRx_SetConfig                     0x08002634   Section        0  stm32f1xx_hal_tim.o(i.TIM_ITRx_SetConfig)
    TIM_ITRx_SetConfig                       0x08002635   Thumb Code    18  stm32f1xx_hal_tim.o(i.TIM_ITRx_SetConfig)
    i.TIM_OC1_SetConfig                      0x08002648   Section        0  stm32f1xx_hal_tim.o(i.TIM_OC1_SetConfig)
    TIM_OC1_SetConfig                        0x08002649   Thumb Code    90  stm32f1xx_hal_tim.o(i.TIM_OC1_SetConfig)
    i.TIM_OC2_SetConfig                      0x080026a8   Section        0  stm32f1xx_hal_tim.o(i.TIM_OC2_SetConfig)
    i.TIM_OC3_SetConfig                      0x08002710   Section        0  stm32f1xx_hal_tim.o(i.TIM_OC3_SetConfig)
    TIM_OC3_SetConfig                        0x08002711   Thumb Code    98  stm32f1xx_hal_tim.o(i.TIM_OC3_SetConfig)
    i.TIM_OC4_SetConfig                      0x08002778   Section        0  stm32f1xx_hal_tim.o(i.TIM_OC4_SetConfig)
    TIM_OC4_SetConfig                        0x08002779   Thumb Code    68  stm32f1xx_hal_tim.o(i.TIM_OC4_SetConfig)
    i.TIM_TI1_ConfigInputStage               0x080027c0   Section        0  stm32f1xx_hal_tim.o(i.TIM_TI1_ConfigInputStage)
    TIM_TI1_ConfigInputStage                 0x080027c1   Thumb Code    38  stm32f1xx_hal_tim.o(i.TIM_TI1_ConfigInputStage)
    i.TIM_TI2_ConfigInputStage               0x080027e6   Section        0  stm32f1xx_hal_tim.o(i.TIM_TI2_ConfigInputStage)
    TIM_TI2_ConfigInputStage                 0x080027e7   Thumb Code    40  stm32f1xx_hal_tim.o(i.TIM_TI2_ConfigInputStage)
    i.UART_DMAAbortOnError                   0x0800280e   Section        0  stm32f1xx_hal_uart.o(i.UART_DMAAbortOnError)
    UART_DMAAbortOnError                     0x0800280f   Thumb Code    20  stm32f1xx_hal_uart.o(i.UART_DMAAbortOnError)
    i.UART_DMAError                          0x08002822   Section        0  stm32f1xx_hal_uart.o(i.UART_DMAError)
    UART_DMAError                            0x08002823   Thumb Code    80  stm32f1xx_hal_uart.o(i.UART_DMAError)
    i.UART_DMAReceiveCplt                    0x08002872   Section        0  stm32f1xx_hal_uart.o(i.UART_DMAReceiveCplt)
    UART_DMAReceiveCplt                      0x08002873   Thumb Code   180  stm32f1xx_hal_uart.o(i.UART_DMAReceiveCplt)
    i.UART_DMARxHalfCplt                     0x08002926   Section        0  stm32f1xx_hal_uart.o(i.UART_DMARxHalfCplt)
    UART_DMARxHalfCplt                       0x08002927   Thumb Code    36  stm32f1xx_hal_uart.o(i.UART_DMARxHalfCplt)
    i.UART_EndRxTransfer                     0x0800294a   Section        0  stm32f1xx_hal_uart.o(i.UART_EndRxTransfer)
    UART_EndRxTransfer                       0x0800294b   Thumb Code   108  stm32f1xx_hal_uart.o(i.UART_EndRxTransfer)
    i.UART_EndTransmit_IT                    0x080029b6   Section        0  stm32f1xx_hal_uart.o(i.UART_EndTransmit_IT)
    UART_EndTransmit_IT                      0x080029b7   Thumb Code    32  stm32f1xx_hal_uart.o(i.UART_EndTransmit_IT)
    i.UART_EndTxTransfer                     0x080029d6   Section        0  stm32f1xx_hal_uart.o(i.UART_EndTxTransfer)
    UART_EndTxTransfer                       0x080029d7   Thumb Code    38  stm32f1xx_hal_uart.o(i.UART_EndTxTransfer)
    i.UART_Receive_IT                        0x080029fc   Section        0  stm32f1xx_hal_uart.o(i.UART_Receive_IT)
    UART_Receive_IT                          0x080029fd   Thumb Code   252  stm32f1xx_hal_uart.o(i.UART_Receive_IT)
    i.UART_SetConfig                         0x08002af8   Section        0  stm32f1xx_hal_uart.o(i.UART_SetConfig)
    UART_SetConfig                           0x08002af9   Thumb Code   248  stm32f1xx_hal_uart.o(i.UART_SetConfig)
    i.UART_Start_Receive_DMA                 0x08002bf4   Section        0  stm32f1xx_hal_uart.o(i.UART_Start_Receive_DMA)
    i.UART_Transmit_IT                       0x08002cbc   Section        0  stm32f1xx_hal_uart.o(i.UART_Transmit_IT)
    UART_Transmit_IT                         0x08002cbd   Thumb Code    96  stm32f1xx_hal_uart.o(i.UART_Transmit_IT)
    i.USART1_IRQHandler                      0x08002d1c   Section        0  stm32f1xx_it.o(i.USART1_IRQHandler)
    i.UsageFault_Handler                     0x08002d2c   Section        0  stm32f1xx_it.o(i.UsageFault_Handler)
    i.__NVIC_GetPriorityGrouping             0x08002d30   Section        0  stm32f1xx_hal_cortex.o(i.__NVIC_GetPriorityGrouping)
    __NVIC_GetPriorityGrouping               0x08002d31   Thumb Code    10  stm32f1xx_hal_cortex.o(i.__NVIC_GetPriorityGrouping)
    i.__NVIC_SetPriority                     0x08002d40   Section        0  stm32f1xx_hal_cortex.o(i.__NVIC_SetPriority)
    __NVIC_SetPriority                       0x08002d41   Thumb Code    32  stm32f1xx_hal_cortex.o(i.__NVIC_SetPriority)
    i.calculate_motor                        0x08002d68   Section        0  motor.o(i.calculate_motor)
    i.crc16_floating                         0x08002dd8   Section        0  crc16.o(i.crc16_floating)
    i.decode_received_frame_data             0x08002df4   Section        0  data_transfer_level.o(i.decode_received_frame_data)
    i.ema_filter_init                        0x08002f0c   Section        0  ema_filter.o(i.ema_filter_init)
    i.ema_filter_setalpha                    0x08002f16   Section        0  ema_filter.o(i.ema_filter_setalpha)
    i.ema_filter_update                      0x08002f3e   Section        0  ema_filter.o(i.ema_filter_update)
    i.encoder_init                           0x08002f76   Section        0  encoder.o(i.encoder_init)
    i.main                                   0x08002f94   Section        0  main.o(i.main)
    i.motor_init                             0x08003078   Section        0  motor.o(i.motor_init)
    i.motor_set_PWM                          0x0800309a   Section        0  motor.o(i.motor_set_PWM)
    i.pid_compute_position                   0x080030e4   Section        0  pid.o(i.pid_compute_position)
    i.pid_compute_velocity                   0x08003204   Section        0  pid.o(i.pid_compute_velocity)
    i.pid_init                               0x0800332c   Section        0  pid.o(i.pid_init)
    i.read_from_encoder                      0x0800333c   Section        0  encoder.o(i.read_from_encoder)
    i.send_error_signal_t                    0x0800335c   Section        0  cmd_handle.o(i.send_error_signal_t)
    i.test_cmd_handler                       0x08003364   Section        0  cmd_handle.o(i.test_cmd_handler)
    x$fpl$d2f                                0x08003470   Section       98  d2f.o(x$fpl$d2f)
    x$fpl$dadd                               0x080034d4   Section      336  daddsub_clz.o(x$fpl$dadd)
    _dadd1                                   0x080034e5   Thumb Code     0  daddsub_clz.o(x$fpl$dadd)
    x$fpl$dcmpinf                            0x08003624   Section       24  dcmpi.o(x$fpl$dcmpinf)
    x$fpl$ddiv                               0x0800363c   Section      688  ddiv.o(x$fpl$ddiv)
    ddiv_entry                               0x08003643   Thumb Code     0  ddiv.o(x$fpl$ddiv)
    x$fpl$dleqf                              0x080038ec   Section      120  dleqf.o(x$fpl$dleqf)
    x$fpl$dmul                               0x08003964   Section      340  dmul.o(x$fpl$dmul)
    x$fpl$dnaninf                            0x08003ab8   Section      156  dnaninf.o(x$fpl$dnaninf)
    x$fpl$dretinf                            0x08003b54   Section       12  dretinf.o(x$fpl$dretinf)
    x$fpl$drleqf                             0x08003b60   Section      108  drleqf.o(x$fpl$drleqf)
    x$fpl$dsub                               0x08003bcc   Section      468  daddsub_clz.o(x$fpl$dsub)
    _dsub1                                   0x08003bdd   Thumb Code     0  daddsub_clz.o(x$fpl$dsub)
    x$fpl$f2d                                0x08003da0   Section       86  f2d.o(x$fpl$f2d)
    x$fpl$fadd                               0x08003df8   Section      196  faddsub_clz.o(x$fpl$fadd)
    _fadd1                                   0x08003e07   Thumb Code     0  faddsub_clz.o(x$fpl$fadd)
    x$fpl$fcmpinf                            0x08003ebc   Section       24  fcmpi.o(x$fpl$fcmpinf)
    x$fpl$fdiv                               0x08003ed4   Section      388  fdiv.o(x$fpl$fdiv)
    _fdiv1                                   0x08003ed5   Thumb Code     0  fdiv.o(x$fpl$fdiv)
    x$fpl$ffix                               0x08004058   Section       54  ffix.o(x$fpl$ffix)
    x$fpl$fflt                               0x08004090   Section       48  fflt_clz.o(x$fpl$fflt)
    x$fpl$fleqf                              0x080040c0   Section      104  fleqf.o(x$fpl$fleqf)
    x$fpl$fmul                               0x08004128   Section      258  fmul.o(x$fpl$fmul)
    x$fpl$fnaninf                            0x0800422a   Section      140  fnaninf.o(x$fpl$fnaninf)
    x$fpl$fretinf                            0x080042b6   Section       10  fretinf.o(x$fpl$fretinf)
    x$fpl$frleqf                             0x080042c0   Section       98  frleqf.o(x$fpl$frleqf)
    x$fpl$fsub                               0x08004324   Section      234  faddsub_clz.o(x$fpl$fsub)
    _fsub1                                   0x08004333   Thumb Code     0  faddsub_clz.o(x$fpl$fsub)
    .constdata                               0x0800440e   Section       18  stm32f1xx_hal_rcc.o(.constdata)
    x$fpl$usenofp                            0x0800440e   Section        0  usenofp.o(x$fpl$usenofp)
    aPLLMULFactorTable                       0x0800440e   Data          16  stm32f1xx_hal_rcc.o(.constdata)
    aPredivFactorTable                       0x0800441e   Data           2  stm32f1xx_hal_rcc.o(.constdata)
    .constdata                               0x08004420   Section       24  system_stm32f1xx.o(.constdata)
    .constdata                               0x08004438   Section      512  crc16.o(.constdata)
    crc16tab                                 0x08004438   Data         512  crc16.o(.constdata)
    .data                                    0x20000000   Section       22  main.o(.data)
    .data                                    0x20000018   Section        9  stm32f1xx_hal.o(.data)
    .data                                    0x20000024   Section        4  system_stm32f1xx.o(.data)
    .bss                                     0x20000028   Section      549  main.o(.bss)
    .bss                                     0x20000250   Section       96  libspace.o(.bss)
    HEAP                                     0x200002b0   Section      512  startup_stm32f103xb.o(HEAP)
    Heap_Mem                                 0x200002b0   Data         512  startup_stm32f103xb.o(HEAP)
    STACK                                    0x200004b0   Section     1024  startup_stm32f103xb.o(STACK)
    Stack_Mem                                0x200004b0   Data        1024  startup_stm32f103xb.o(STACK)
    __initial_sp                             0x200008b0   Data           0  startup_stm32f103xb.o(STACK)

    Global Symbols

    Symbol Name                              Value     Ov Type        Size  Object(Section)

    BuildAttributes$$THM_ISAv4$P$D$K$B$S$PE$A:L22UL41UL21$X:L11$S22US41US21$IEEE1$IW$USESV6$~STKCKD$USESV7$~SHL$OSPACE$ROPI$EBA8$UX$STANDARDLIB$REQ8$PRES8$EABIv2 0x00000000   Number         0  anon$$obj.o ABSOLUTE
    __ARM_use_no_argv                        0x00000000   Number         0  main.o ABSOLUTE
    __ARM_exceptions_init                     - Undefined Weak Reference
    __alloca_initialize                       - Undefined Weak Reference
    __arm_preinit_                            - Undefined Weak Reference
    __cpp_initialize__aeabi_                  - Undefined Weak Reference
    __cxa_finalize                            - Undefined Weak Reference
    __rt_locale                               - Undefined Weak Reference
    __sigvec_lookup                           - Undefined Weak Reference
    _atexit_init                              - Undefined Weak Reference
    _call_atexit_fns                          - Undefined Weak Reference
    _clock_init                               - Undefined Weak Reference
    _fp_trap_init                             - Undefined Weak Reference
    _fp_trap_shutdown                         - Undefined Weak Reference
    _get_lc_collate                           - Undefined Weak Reference
    _get_lc_ctype                             - Undefined Weak Reference
    _get_lc_monetary                          - Undefined Weak Reference
    _get_lc_numeric                           - Undefined Weak Reference
    _get_lc_time                              - Undefined Weak Reference
    _getenv_init                              - Undefined Weak Reference
    _handle_redirection                       - Undefined Weak Reference
    _init_alloc                               - Undefined Weak Reference
    _init_user_alloc                          - Undefined Weak Reference
    _initio                                   - Undefined Weak Reference
    _rand_init                                - Undefined Weak Reference
    _signal_finish                            - Undefined Weak Reference
    _signal_init                              - Undefined Weak Reference
    _terminate_alloc                          - Undefined Weak Reference
    _terminate_user_alloc                     - Undefined Weak Reference
    _terminateio                              - Undefined Weak Reference
    __Vectors_Size                           0x000000ec   Number         0  startup_stm32f103xb.o ABSOLUTE
    __Vectors                                0x08000000   Data           4  startup_stm32f103xb.o(RESET)
    __Vectors_End                            0x080000ec   Data           0  startup_stm32f103xb.o(RESET)
    __main                                   0x080000ed   Thumb Code     8  __main.o(!!!main)
    __scatterload                            0x080000f5   Thumb Code     0  __scatter.o(!!!scatter)
    __scatterload_rt2                        0x080000f5   Thumb Code    44  __scatter.o(!!!scatter)
    __scatterload_rt2_thumb_only             0x080000f5   Thumb Code     0  __scatter.o(!!!scatter)
    __scatterload_null                       0x08000103   Thumb Code     0  __scatter.o(!!!scatter)
    __scatterload_copy                       0x08000129   Thumb Code    26  __scatter_copy.o(!!handler_copy)
    __scatterload_zeroinit                   0x08000145   Thumb Code    28  __scatter_zi.o(!!handler_zi)
    __rt_lib_init                            0x08000161   Thumb Code     0  libinit.o(.ARM.Collect$$libinit$$00000000)
    __rt_lib_init_alloca_1                   0x08000163   Thumb Code     0  libinit2.o(.ARM.Collect$$libinit$$0000002E)
    __rt_lib_init_argv_1                     0x08000163   Thumb Code     0  libinit2.o(.ARM.Collect$$libinit$$0000002C)
    __rt_lib_init_atexit_1                   0x08000163   Thumb Code     0  libinit2.o(.ARM.Collect$$libinit$$0000001B)
    __rt_lib_init_clock_1                    0x08000163   Thumb Code     0  libinit2.o(.ARM.Collect$$libinit$$00000021)
    __rt_lib_init_cpp_1                      0x08000163   Thumb Code     0  libinit2.o(.ARM.Collect$$libinit$$00000032)
    __rt_lib_init_exceptions_1               0x08000163   Thumb Code     0  libinit2.o(.ARM.Collect$$libinit$$00000030)
    __rt_lib_init_fp_1                       0x08000163   Thumb Code     0  libinit2.o(.ARM.Collect$$libinit$$00000002)
    __rt_lib_init_fp_trap_1                  0x08000163   Thumb Code     0  libinit2.o(.ARM.Collect$$libinit$$0000001F)
    __rt_lib_init_getenv_1                   0x08000163   Thumb Code     0  libinit2.o(.ARM.Collect$$libinit$$00000023)
    __rt_lib_init_heap_1                     0x08000163   Thumb Code     0  libinit2.o(.ARM.Collect$$libinit$$0000000A)
    __rt_lib_init_lc_collate_1               0x08000163   Thumb Code     0  libinit2.o(.ARM.Collect$$libinit$$00000011)
    __rt_lib_init_lc_ctype_1                 0x08000163   Thumb Code     0  libinit2.o(.ARM.Collect$$libinit$$00000013)
    __rt_lib_init_lc_monetary_1              0x08000163   Thumb Code     0  libinit2.o(.ARM.Collect$$libinit$$00000015)
    __rt_lib_init_lc_numeric_1               0x08000163   Thumb Code     0  libinit2.o(.ARM.Collect$$libinit$$00000017)
    __rt_lib_init_lc_time_1                  0x08000163   Thumb Code     0  libinit2.o(.ARM.Collect$$libinit$$00000019)
    __rt_lib_init_preinit_1                  0x08000163   Thumb Code     0  libinit2.o(.ARM.Collect$$libinit$$00000004)
    __rt_lib_init_rand_1                     0x08000163   Thumb Code     0  libinit2.o(.ARM.Collect$$libinit$$0000000E)
    __rt_lib_init_return                     0x08000163   Thumb Code     0  libinit2.o(.ARM.Collect$$libinit$$00000033)
    __rt_lib_init_signal_1                   0x08000163   Thumb Code     0  libinit2.o(.ARM.Collect$$libinit$$0000001D)
    __rt_lib_init_stdio_1                    0x08000163   Thumb Code     0  libinit2.o(.ARM.Collect$$libinit$$00000025)
    __rt_lib_init_user_alloc_1               0x08000163   Thumb Code     0  libinit2.o(.ARM.Collect$$libinit$$0000000C)
    __rt_lib_shutdown                        0x08000165   Thumb Code     0  libshutdown.o(.ARM.Collect$$libshutdown$$00000000)
    __rt_lib_shutdown_cpp_1                  0x08000167   Thumb Code     0  libshutdown2.o(.ARM.Collect$$libshutdown$$00000002)
    __rt_lib_shutdown_fp_trap_1              0x08000167   Thumb Code     0  libshutdown2.o(.ARM.Collect$$libshutdown$$00000007)
    __rt_lib_shutdown_heap_1                 0x08000167   Thumb Code     0  libshutdown2.o(.ARM.Collect$$libshutdown$$0000000F)
    __rt_lib_shutdown_return                 0x08000167   Thumb Code     0  libshutdown2.o(.ARM.Collect$$libshutdown$$00000010)
    __rt_lib_shutdown_signal_1               0x08000167   Thumb Code     0  libshutdown2.o(.ARM.Collect$$libshutdown$$0000000A)
    __rt_lib_shutdown_stdio_1                0x08000167   Thumb Code     0  libshutdown2.o(.ARM.Collect$$libshutdown$$00000004)
    __rt_lib_shutdown_user_alloc_1           0x08000167   Thumb Code     0  libshutdown2.o(.ARM.Collect$$libshutdown$$0000000C)
    __rt_entry                               0x08000169   Thumb Code     0  __rtentry.o(.ARM.Collect$$rtentry$$00000000)
    __rt_entry_presh_1                       0x08000169   Thumb Code     0  __rtentry2.o(.ARM.Collect$$rtentry$$00000002)
    __rt_entry_sh                            0x08000169   Thumb Code     0  __rtentry4.o(.ARM.Collect$$rtentry$$00000004)
    __rt_entry_li                            0x0800016f   Thumb Code     0  __rtentry2.o(.ARM.Collect$$rtentry$$0000000A)
    __rt_entry_postsh_1                      0x0800016f   Thumb Code     0  __rtentry2.o(.ARM.Collect$$rtentry$$00000009)
    __rt_entry_main                          0x08000173   Thumb Code     0  __rtentry2.o(.ARM.Collect$$rtentry$$0000000D)
    __rt_entry_postli_1                      0x08000173   Thumb Code     0  __rtentry2.o(.ARM.Collect$$rtentry$$0000000C)
    __rt_exit                                0x0800017b   Thumb Code     0  rtexit.o(.ARM.Collect$$rtexit$$00000000)
    __rt_exit_ls                             0x0800017d   Thumb Code     0  rtexit2.o(.ARM.Collect$$rtexit$$00000003)
    __rt_exit_prels_1                        0x0800017d   Thumb Code     0  rtexit2.o(.ARM.Collect$$rtexit$$00000002)
    __rt_exit_exit                           0x08000181   Thumb Code     0  rtexit2.o(.ARM.Collect$$rtexit$$00000004)
    Reset_Handler                            0x08000189   Thumb Code     8  startup_stm32f103xb.o(.text)
    ADC1_2_IRQHandler                        0x080001a3   Thumb Code     0  startup_stm32f103xb.o(.text)
    CAN1_RX1_IRQHandler                      0x080001a3   Thumb Code     0  startup_stm32f103xb.o(.text)
    CAN1_SCE_IRQHandler                      0x080001a3   Thumb Code     0  startup_stm32f103xb.o(.text)
    DMA1_Channel1_IRQHandler                 0x080001a3   Thumb Code     0  startup_stm32f103xb.o(.text)
    DMA1_Channel2_IRQHandler                 0x080001a3   Thumb Code     0  startup_stm32f103xb.o(.text)
    DMA1_Channel3_IRQHandler                 0x080001a3   Thumb Code     0  startup_stm32f103xb.o(.text)
    DMA1_Channel6_IRQHandler                 0x080001a3   Thumb Code     0  startup_stm32f103xb.o(.text)
    DMA1_Channel7_IRQHandler                 0x080001a3   Thumb Code     0  startup_stm32f103xb.o(.text)
    EXTI0_IRQHandler                         0x080001a3   Thumb Code     0  startup_stm32f103xb.o(.text)
    EXTI15_10_IRQHandler                     0x080001a3   Thumb Code     0  startup_stm32f103xb.o(.text)
    EXTI1_IRQHandler                         0x080001a3   Thumb Code     0  startup_stm32f103xb.o(.text)
    EXTI2_IRQHandler                         0x080001a3   Thumb Code     0  startup_stm32f103xb.o(.text)
    EXTI3_IRQHandler                         0x080001a3   Thumb Code     0  startup_stm32f103xb.o(.text)
    EXTI4_IRQHandler                         0x080001a3   Thumb Code     0  startup_stm32f103xb.o(.text)
    EXTI9_5_IRQHandler                       0x080001a3   Thumb Code     0  startup_stm32f103xb.o(.text)
    FLASH_IRQHandler                         0x080001a3   Thumb Code     0  startup_stm32f103xb.o(.text)
    I2C1_ER_IRQHandler                       0x080001a3   Thumb Code     0  startup_stm32f103xb.o(.text)
    I2C1_EV_IRQHandler                       0x080001a3   Thumb Code     0  startup_stm32f103xb.o(.text)
    I2C2_ER_IRQHandler                       0x080001a3   Thumb Code     0  startup_stm32f103xb.o(.text)
    I2C2_EV_IRQHandler                       0x080001a3   Thumb Code     0  startup_stm32f103xb.o(.text)
    PVD_IRQHandler                           0x080001a3   Thumb Code     0  startup_stm32f103xb.o(.text)
    RCC_IRQHandler                           0x080001a3   Thumb Code     0  startup_stm32f103xb.o(.text)
    RTC_Alarm_IRQHandler                     0x080001a3   Thumb Code     0  startup_stm32f103xb.o(.text)
    RTC_IRQHandler                           0x080001a3   Thumb Code     0  startup_stm32f103xb.o(.text)
    SPI1_IRQHandler                          0x080001a3   Thumb Code     0  startup_stm32f103xb.o(.text)
    SPI2_IRQHandler                          0x080001a3   Thumb Code     0  startup_stm32f103xb.o(.text)
    TAMPER_IRQHandler                        0x080001a3   Thumb Code     0  startup_stm32f103xb.o(.text)
    TIM1_BRK_IRQHandler                      0x080001a3   Thumb Code     0  startup_stm32f103xb.o(.text)
    TIM1_CC_IRQHandler                       0x080001a3   Thumb Code     0  startup_stm32f103xb.o(.text)
    TIM1_TRG_COM_IRQHandler                  0x080001a3   Thumb Code     0  startup_stm32f103xb.o(.text)
    TIM1_UP_IRQHandler                       0x080001a3   Thumb Code     0  startup_stm32f103xb.o(.text)
    TIM2_IRQHandler                          0x080001a3   Thumb Code     0  startup_stm32f103xb.o(.text)
    TIM4_IRQHandler                          0x080001a3   Thumb Code     0  startup_stm32f103xb.o(.text)
    USART2_IRQHandler                        0x080001a3   Thumb Code     0  startup_stm32f103xb.o(.text)
    USART3_IRQHandler                        0x080001a3   Thumb Code     0  startup_stm32f103xb.o(.text)
    USBWakeUp_IRQHandler                     0x080001a3   Thumb Code     0  startup_stm32f103xb.o(.text)
    USB_HP_CAN1_TX_IRQHandler                0x080001a3   Thumb Code     0  startup_stm32f103xb.o(.text)
    USB_LP_CAN1_RX0_IRQHandler               0x080001a3   Thumb Code     0  startup_stm32f103xb.o(.text)
    WWDG_IRQHandler                          0x080001a3   Thumb Code     0  startup_stm32f103xb.o(.text)
    __user_initial_stackheap                 0x080001a5   Thumb Code     0  startup_stm32f103xb.o(.text)
    __aeabi_memclr4                          0x080001c9   Thumb Code     0  rt_memclr_w.o(.text)
    __aeabi_memclr8                          0x080001c9   Thumb Code     0  rt_memclr_w.o(.text)
    __rt_memclr_w                            0x080001c9   Thumb Code    78  rt_memclr_w.o(.text)
    _memset_w                                0x080001cd   Thumb Code     0  rt_memclr_w.o(.text)
    __use_two_region_memory                  0x08000217   Thumb Code     2  heapauxi.o(.text)
    __rt_heap_escrow$2region                 0x08000219   Thumb Code     2  heapauxi.o(.text)
    __rt_heap_expand$2region                 0x0800021b   Thumb Code     2  heapauxi.o(.text)
    __user_setup_stackheap                   0x0800021d   Thumb Code    74  sys_stackheap_outer.o(.text)
    exit                                     0x08000267   Thumb Code    18  exit.o(.text)
    __user_libspace                          0x08000279   Thumb Code     8  libspace.o(.text)
    __user_perproc_libspace                  0x08000279   Thumb Code     0  libspace.o(.text)
    __user_perthread_libspace                0x08000279   Thumb Code     0  libspace.o(.text)
    _sys_exit                                0x08000281   Thumb Code     8  sys_exit.o(.text)
    __I$use$semihosting                      0x0800028d   Thumb Code     0  use_no_semi.o(.text)
    __use_no_semihosting_swi                 0x0800028d   Thumb Code     2  use_no_semi.o(.text)
    BusFault_Handler                         0x0800028f   Thumb Code     4  stm32f1xx_it.o(i.BusFault_Handler)
    __semihosting_library_function           0x0800028f   Thumb Code     0  indicate_semi.o(.text)
    DMA1_Channel4_IRQHandler                 0x08000295   Thumb Code    10  stm32f1xx_it.o(i.DMA1_Channel4_IRQHandler)
    DMA1_Channel5_IRQHandler                 0x080002a5   Thumb Code    10  stm32f1xx_it.o(i.DMA1_Channel5_IRQHandler)
    DebugMon_Handler                         0x080002e1   Thumb Code     2  stm32f1xx_it.o(i.DebugMon_Handler)
    Error_Handler                            0x080002e3   Thumb Code     6  main.o(i.Error_Handler)
    HAL_DMA_Abort                            0x080002e9   Thumb Code    86  stm32f1xx_hal_dma.o(i.HAL_DMA_Abort)
    HAL_DMA_Abort_IT                         0x08000341   Thumb Code   172  stm32f1xx_hal_dma.o(i.HAL_DMA_Abort_IT)
    HAL_DMA_IRQHandler                       0x080003f1   Thumb Code   408  stm32f1xx_hal_dma.o(i.HAL_DMA_IRQHandler)
    HAL_DMA_Init                             0x0800058d   Thumb Code   100  stm32f1xx_hal_dma.o(i.HAL_DMA_Init)
    HAL_DMA_Start_IT                         0x080005f5   Thumb Code   156  stm32f1xx_hal_dma.o(i.HAL_DMA_Start_IT)
    HAL_GPIO_Init                            0x08000691   Thumb Code   766  stm32f1xx_hal_gpio.o(i.HAL_GPIO_Init)
    HAL_GPIO_WritePin                        0x080009b1   Thumb Code    12  stm32f1xx_hal_gpio.o(i.HAL_GPIO_WritePin)
    HAL_GetTick                              0x080009bd   Thumb Code     6  stm32f1xx_hal.o(i.HAL_GetTick)
    HAL_IncTick                              0x080009c9   Thumb Code    16  stm32f1xx_hal.o(i.HAL_IncTick)
    HAL_Init                                 0x080009e1   Thumb Code    34  stm32f1xx_hal.o(i.HAL_Init)
    HAL_InitTick                             0x08000a09   Thumb Code    64  stm32f1xx_hal.o(i.HAL_InitTick)
    HAL_MspInit                              0x08000a55   Thumb Code    76  stm32f1xx_hal_msp.o(i.HAL_MspInit)
    HAL_NVIC_EnableIRQ                       0x08000aa9   Thumb Code    32  stm32f1xx_hal_cortex.o(i.HAL_NVIC_EnableIRQ)
    HAL_NVIC_SetPriority                     0x08000ac9   Thumb Code   124  stm32f1xx_hal_cortex.o(i.HAL_NVIC_SetPriority)
    HAL_NVIC_SetPriorityGrouping             0x08000b45   Thumb Code    32  stm32f1xx_hal_cortex.o(i.HAL_NVIC_SetPriorityGrouping)
    HAL_RCC_ClockConfig                      0x08000b6d   Thumb Code   376  stm32f1xx_hal_rcc.o(i.HAL_RCC_ClockConfig)
    HAL_RCC_GetHCLKFreq                      0x08000cf9   Thumb Code     6  stm32f1xx_hal_rcc.o(i.HAL_RCC_GetHCLKFreq)
    HAL_RCC_GetPCLK1Freq                     0x08000d05   Thumb Code    22  stm32f1xx_hal_rcc.o(i.HAL_RCC_GetPCLK1Freq)
    HAL_RCC_GetPCLK2Freq                     0x08000d25   Thumb Code    22  stm32f1xx_hal_rcc.o(i.HAL_RCC_GetPCLK2Freq)
    HAL_RCC_GetSysClockFreq                  0x08000d45   Thumb Code    92  stm32f1xx_hal_rcc.o(i.HAL_RCC_GetSysClockFreq)
    HAL_RCC_OscConfig                        0x08000db5   Thumb Code  1114  stm32f1xx_hal_rcc.o(i.HAL_RCC_OscConfig)
    HAL_SYSTICK_Config                       0x08001219   Thumb Code    52  stm32f1xx_hal_cortex.o(i.HAL_SYSTICK_Config)
    HAL_TIMEx_BreakCallback                  0x0800124d   Thumb Code     2  stm32f1xx_hal_tim_ex.o(i.HAL_TIMEx_BreakCallback)
    HAL_TIMEx_CommutCallback                 0x0800124f   Thumb Code     2  stm32f1xx_hal_tim_ex.o(i.HAL_TIMEx_CommutCallback)
    HAL_TIMEx_ConfigBreakDeadTime            0x08001251   Thumb Code   116  stm32f1xx_hal_tim_ex.o(i.HAL_TIMEx_ConfigBreakDeadTime)
    HAL_TIMEx_MasterConfigSynchronization    0x080012c5   Thumb Code   118  stm32f1xx_hal_tim_ex.o(i.HAL_TIMEx_MasterConfigSynchronization)
    HAL_TIM_Base_Init                        0x08001349   Thumb Code   102  stm32f1xx_hal_tim.o(i.HAL_TIM_Base_Init)
    HAL_TIM_Base_MspInit                     0x080013b1   Thumb Code    58  stm32f1xx_hal_msp.o(i.HAL_TIM_Base_MspInit)
    HAL_TIM_Base_Start_IT                    0x080013f5   Thumb Code   106  stm32f1xx_hal_tim.o(i.HAL_TIM_Base_Start_IT)
    HAL_TIM_Base_Stop_IT                     0x0800146d   Thumb Code    62  stm32f1xx_hal_tim.o(i.HAL_TIM_Base_Stop_IT)
    HAL_TIM_ConfigClockSource                0x080014ab   Thumb Code   268  stm32f1xx_hal_tim.o(i.HAL_TIM_ConfigClockSource)
    HAL_TIM_Encoder_Init                     0x080015b7   Thumb Code   196  stm32f1xx_hal_tim.o(i.HAL_TIM_Encoder_Init)
    HAL_TIM_Encoder_MspInit                  0x0800167d   Thumb Code   100  stm32f1xx_hal_msp.o(i.HAL_TIM_Encoder_MspInit)
    HAL_TIM_Encoder_Start                    0x080016e9   Thumb Code   204  stm32f1xx_hal_tim.o(i.HAL_TIM_Encoder_Start)
    HAL_TIM_IC_CaptureCallback               0x080017b5   Thumb Code     2  stm32f1xx_hal_tim.o(i.HAL_TIM_IC_CaptureCallback)
    HAL_TIM_IRQHandler                       0x080017b7   Thumb Code   406  stm32f1xx_hal_tim.o(i.HAL_TIM_IRQHandler)
    HAL_TIM_MspPostInit                      0x0800194d   Thumb Code    76  stm32f1xx_hal_msp.o(i.HAL_TIM_MspPostInit)
    HAL_TIM_OC_DelayElapsedCallback          0x080019a5   Thumb Code     2  stm32f1xx_hal_tim.o(i.HAL_TIM_OC_DelayElapsedCallback)
    HAL_TIM_PWM_ConfigChannel                0x080019a7   Thumb Code   260  stm32f1xx_hal_tim.o(i.HAL_TIM_PWM_ConfigChannel)
    HAL_TIM_PWM_Init                         0x08001aab   Thumb Code   102  stm32f1xx_hal_tim.o(i.HAL_TIM_PWM_Init)
    HAL_TIM_PWM_MspInit                      0x08001b11   Thumb Code    40  stm32f1xx_hal_msp.o(i.HAL_TIM_PWM_MspInit)
    HAL_TIM_PWM_PulseFinishedCallback        0x08001b41   Thumb Code     2  stm32f1xx_hal_tim.o(i.HAL_TIM_PWM_PulseFinishedCallback)
    HAL_TIM_PWM_Start                        0x08001b45   Thumb Code   198  stm32f1xx_hal_tim.o(i.HAL_TIM_PWM_Start)
    HAL_TIM_PeriodElapsedCallback            0x08001c19   Thumb Code   126  main.o(i.HAL_TIM_PeriodElapsedCallback)
    HAL_TIM_TriggerCallback                  0x08001cc1   Thumb Code     2  stm32f1xx_hal_tim.o(i.HAL_TIM_TriggerCallback)
    HAL_UARTEx_ReceiveToIdle_DMA             0x08001cc3   Thumb Code   114  stm32f1xx_hal_uart.o(i.HAL_UARTEx_ReceiveToIdle_DMA)
    HAL_UARTEx_RxEventCallback               0x08001d35   Thumb Code    44  main.o(i.HAL_UARTEx_RxEventCallback)
    HAL_UART_ErrorCallback                   0x08001d75   Thumb Code     2  stm32f1xx_hal_uart.o(i.HAL_UART_ErrorCallback)
    HAL_UART_IRQHandler                      0x08001d79   Thumb Code   736  stm32f1xx_hal_uart.o(i.HAL_UART_IRQHandler)
    HAL_UART_Init                            0x0800205d   Thumb Code   118  stm32f1xx_hal_uart.o(i.HAL_UART_Init)
    HAL_UART_MspInit                         0x080020d5   Thumb Code   256  stm32f1xx_hal_msp.o(i.HAL_UART_MspInit)
    HAL_UART_RxCpltCallback                  0x080021f1   Thumb Code     2  stm32f1xx_hal_uart.o(i.HAL_UART_RxCpltCallback)
    HAL_UART_RxHalfCpltCallback              0x080021f3   Thumb Code     2  stm32f1xx_hal_uart.o(i.HAL_UART_RxHalfCpltCallback)
    HAL_UART_TxCpltCallback                  0x080021f5   Thumb Code     2  stm32f1xx_hal_uart.o(i.HAL_UART_TxCpltCallback)
    HardFault_Handler                        0x080021f7   Thumb Code     4  stm32f1xx_it.o(i.HardFault_Handler)
    MemManage_Handler                        0x080024d5   Thumb Code     4  stm32f1xx_it.o(i.MemManage_Handler)
    NMI_Handler                              0x080024d9   Thumb Code     4  stm32f1xx_it.o(i.NMI_Handler)
    PendSV_Handler                           0x080024dd   Thumb Code     2  stm32f1xx_it.o(i.PendSV_Handler)
    SVC_Handler                              0x08002509   Thumb Code     2  stm32f1xx_it.o(i.SVC_Handler)
    SysTick_Handler                          0x0800250b   Thumb Code     8  stm32f1xx_it.o(i.SysTick_Handler)
    SystemClock_Config                       0x08002513   Thumb Code    98  main.o(i.SystemClock_Config)
    SystemInit                               0x08002575   Thumb Code     2  system_stm32f1xx.o(i.SystemInit)
    TIM3_IRQHandler                          0x08002579   Thumb Code    10  stm32f1xx_it.o(i.TIM3_IRQHandler)
    TIM_Base_SetConfig                       0x08002589   Thumb Code   104  stm32f1xx_hal_tim.o(i.TIM_Base_SetConfig)
    TIM_CCxChannelCmd                        0x080025fd   Thumb Code    34  stm32f1xx_hal_tim.o(i.TIM_CCxChannelCmd)
    TIM_ETR_SetConfig                        0x0800261f   Thumb Code    22  stm32f1xx_hal_tim.o(i.TIM_ETR_SetConfig)
    TIM_OC2_SetConfig                        0x080026a9   Thumb Code   100  stm32f1xx_hal_tim.o(i.TIM_OC2_SetConfig)
    UART_Start_Receive_DMA                   0x08002bf5   Thumb Code   186  stm32f1xx_hal_uart.o(i.UART_Start_Receive_DMA)
    USART1_IRQHandler                        0x08002d1d   Thumb Code    10  stm32f1xx_it.o(i.USART1_IRQHandler)
    UsageFault_Handler                       0x08002d2d   Thumb Code     4  stm32f1xx_it.o(i.UsageFault_Handler)
    calculate_motor                          0x08002d69   Thumb Code    90  motor.o(i.calculate_motor)
    crc16_floating                           0x08002dd9   Thumb Code    22  crc16.o(i.crc16_floating)
    decode_received_frame_data               0x08002df5   Thumb Code   280  data_transfer_level.o(i.decode_received_frame_data)
    ema_filter_init                          0x08002f0d   Thumb Code    10  ema_filter.o(i.ema_filter_init)
    ema_filter_setalpha                      0x08002f17   Thumb Code    40  ema_filter.o(i.ema_filter_setalpha)
    ema_filter_update                        0x08002f3f   Thumb Code    56  ema_filter.o(i.ema_filter_update)
    encoder_init                             0x08002f77   Thumb Code    30  encoder.o(i.encoder_init)
    main                                     0x08002f95   Thumb Code   154  main.o(i.main)
    motor_init                               0x08003079   Thumb Code    34  motor.o(i.motor_init)
    motor_set_PWM                            0x0800309b   Thumb Code    72  motor.o(i.motor_set_PWM)
    pid_compute_position                     0x080030e5   Thumb Code   262  pid.o(i.pid_compute_position)
    pid_compute_velocity                     0x08003205   Thumb Code   266  pid.o(i.pid_compute_velocity)
    pid_init                                 0x0800332d   Thumb Code    16  pid.o(i.pid_init)
    read_from_encoder                        0x0800333d   Thumb Code    32  encoder.o(i.read_from_encoder)
    send_error_signal_t                      0x0800335d   Thumb Code     6  cmd_handle.o(i.send_error_signal_t)
    test_cmd_handler                         0x08003365   Thumb Code   260  cmd_handle.o(i.test_cmd_handler)
    __aeabi_d2f                              0x08003471   Thumb Code     0  d2f.o(x$fpl$d2f)
    _d2f                                     0x08003471   Thumb Code    98  d2f.o(x$fpl$d2f)
    __aeabi_dadd                             0x080034d5   Thumb Code     0  daddsub_clz.o(x$fpl$dadd)
    _dadd                                    0x080034d5   Thumb Code   332  daddsub_clz.o(x$fpl$dadd)
    __fpl_dcmp_Inf                           0x08003625   Thumb Code    24  dcmpi.o(x$fpl$dcmpinf)
    __aeabi_ddiv                             0x0800363d   Thumb Code     0  ddiv.o(x$fpl$ddiv)
    _ddiv                                    0x0800363d   Thumb Code   552  ddiv.o(x$fpl$ddiv)
    __aeabi_cdcmple                          0x080038ed   Thumb Code     0  dleqf.o(x$fpl$dleqf)
    _dcmple                                  0x080038ed   Thumb Code   120  dleqf.o(x$fpl$dleqf)
    __fpl_dcmple_InfNaN                      0x0800394f   Thumb Code     0  dleqf.o(x$fpl$dleqf)
    __aeabi_dmul                             0x08003965   Thumb Code     0  dmul.o(x$fpl$dmul)
    _dmul                                    0x08003965   Thumb Code   332  dmul.o(x$fpl$dmul)
    __fpl_dnaninf                            0x08003ab9   Thumb Code   156  dnaninf.o(x$fpl$dnaninf)
    __fpl_dretinf                            0x08003b55   Thumb Code    12  dretinf.o(x$fpl$dretinf)
    __aeabi_cdrcmple                         0x08003b61   Thumb Code     0  drleqf.o(x$fpl$drleqf)
    _drcmple                                 0x08003b61   Thumb Code   108  drleqf.o(x$fpl$drleqf)
    __aeabi_dsub                             0x08003bcd   Thumb Code     0  daddsub_clz.o(x$fpl$dsub)
    _dsub                                    0x08003bcd   Thumb Code   464  daddsub_clz.o(x$fpl$dsub)
    __aeabi_f2d                              0x08003da1   Thumb Code     0  f2d.o(x$fpl$f2d)
    _f2d                                     0x08003da1   Thumb Code    86  f2d.o(x$fpl$f2d)
    __aeabi_fadd                             0x08003df9   Thumb Code     0  faddsub_clz.o(x$fpl$fadd)
    _fadd                                    0x08003df9   Thumb Code   196  faddsub_clz.o(x$fpl$fadd)
    __fpl_fcmp_Inf                           0x08003ebd   Thumb Code    24  fcmpi.o(x$fpl$fcmpinf)
    __aeabi_fdiv                             0x08003ed5   Thumb Code     0  fdiv.o(x$fpl$fdiv)
    _fdiv                                    0x08003ed5   Thumb Code   384  fdiv.o(x$fpl$fdiv)
    __aeabi_f2iz                             0x08004059   Thumb Code     0  ffix.o(x$fpl$ffix)
    _ffix                                    0x08004059   Thumb Code    54  ffix.o(x$fpl$ffix)
    __aeabi_i2f                              0x08004091   Thumb Code     0  fflt_clz.o(x$fpl$fflt)
    _fflt                                    0x08004091   Thumb Code    48  fflt_clz.o(x$fpl$fflt)
    __aeabi_cfcmple                          0x080040c1   Thumb Code     0  fleqf.o(x$fpl$fleqf)
    _fcmple                                  0x080040c1   Thumb Code   104  fleqf.o(x$fpl$fleqf)
    __fpl_fcmple_InfNaN                      0x08004113   Thumb Code     0  fleqf.o(x$fpl$fleqf)
    __aeabi_fmul                             0x08004129   Thumb Code     0  fmul.o(x$fpl$fmul)
    _fmul                                    0x08004129   Thumb Code   258  fmul.o(x$fpl$fmul)
    __fpl_fnaninf                            0x0800422b   Thumb Code   140  fnaninf.o(x$fpl$fnaninf)
    __fpl_fretinf                            0x080042b7   Thumb Code    10  fretinf.o(x$fpl$fretinf)
    __aeabi_cfrcmple                         0x080042c1   Thumb Code     0  frleqf.o(x$fpl$frleqf)
    _frcmple                                 0x080042c1   Thumb Code    98  frleqf.o(x$fpl$frleqf)
    __aeabi_fsub                             0x08004325   Thumb Code     0  faddsub_clz.o(x$fpl$fsub)
    _fsub                                    0x08004325   Thumb Code   234  faddsub_clz.o(x$fpl$fsub)
    __I$use$fp                               0x0800440e   Number         0  usenofp.o(x$fpl$usenofp)
    AHBPrescTable                            0x08004420   Data          16  system_stm32f1xx.o(.constdata)
    APBPrescTable                            0x08004430   Data           8  system_stm32f1xx.o(.constdata)
    Region$$Table$$Base                      0x08004638   Number         0  anon$$obj.o(Region$$Table)
    Region$$Table$$Limit                     0x08004658   Number         0  anon$$obj.o(Region$$Table)
    foo_encoder                              0x20000000   Data           8  main.o(.data)
    control_mode                             0x20000008   Data           1  main.o(.data)
    control_motor                            0x20000009   Data           1  main.o(.data)
    motor_data                               0x2000000a   Data           5  main.o(.data)
    length_motor_data                        0x2000000f   Data           1  main.o(.data)
    length_frame_tx                          0x20000010   Data           1  main.o(.data)
    length_frame_rx                          0x20000011   Data           1  main.o(.data)
    length_decoded_data                      0x20000012   Data           2  main.o(.data)
    new_incoming_data                        0x20000014   Data           1  main.o(.data)
    check_frame                              0x20000015   Data           1  main.o(.data)
    uwTick                                   0x20000018   Data           4  stm32f1xx_hal.o(.data)
    uwTickPrio                               0x2000001c   Data           4  stm32f1xx_hal.o(.data)
    uwTickFreq                               0x20000020   Data           1  stm32f1xx_hal.o(.data)
    SystemCoreClock                          0x20000024   Data           4  system_stm32f1xx.o(.data)
    htim1                                    0x20000028   Data          72  main.o(.bss)
    htim2                                    0x20000070   Data          72  main.o(.bss)
    htim3                                    0x200000b8   Data          72  main.o(.bss)
    huart1                                   0x20000100   Data          72  main.o(.bss)
    hdma_usart1_rx                           0x20000148   Data          68  main.o(.bss)
    hdma_usart1_tx                           0x2000018c   Data          68  main.o(.bss)
    gear_motor                               0x200001d0   Data          16  main.o(.bss)
    velocity_pid                             0x200001e0   Data          20  main.o(.bss)
    position_pid                             0x200001f4   Data          20  main.o(.bss)
    foo_ema_filter                           0x20000208   Data          12  main.o(.bss)
    frame_data_tx                            0x20000214   Data          14  main.o(.bss)
    frame_data_rx                            0x20000222   Data          30  main.o(.bss)
    decoded_data                             0x20000240   Data          13  main.o(.bss)
    __libspace_start                         0x20000250   Data          96  libspace.o(.bss)
    __temporary_stack_top$libspace           0x200002b0   Data           0  libspace.o(.bss)



==============================================================================

Memory Map of the image

  Image Entry point : 0x080000ed

  Load Region LR_IROM1 (Base: 0x08000000, Size: 0x00004680, Max: 0x00010000, ABSOLUTE)

    Execution Region ER_IROM1 (Exec base: 0x08000000, Load base: 0x08000000, Size: 0x00004658, Max: 0x00010000, ABSOLUTE)

    Exec Addr    Load Addr    Size         Type   Attr      Idx    E Section Name        Object

    0x08000000   0x08000000   0x000000ec   Data   RO            3    RESET               startup_stm32f103xb.o
    0x080000ec   0x080000ec   0x00000008   Code   RO         3066  * !!!main             c_w.l(__main.o)
    0x080000f4   0x080000f4   0x00000034   Code   RO         3282    !!!scatter          c_w.l(__scatter.o)
    0x08000128   0x08000128   0x0000001a   Code   RO         3284    !!handler_copy      c_w.l(__scatter_copy.o)
    0x08000142   0x08000142   0x00000002   PAD
    0x08000144   0x08000144   0x0000001c   Code   RO         3286    !!handler_zi        c_w.l(__scatter_zi.o)
    0x08000160   0x08000160   0x00000002   Code   RO         3152    .ARM.Collect$$libinit$$00000000  c_w.l(libinit.o)
    0x08000162   0x08000162   0x00000000   Code   RO         3159    .ARM.Collect$$libinit$$00000002  c_w.l(libinit2.o)
    0x08000162   0x08000162   0x00000000   Code   RO         3161    .ARM.Collect$$libinit$$00000004  c_w.l(libinit2.o)
    0x08000162   0x08000162   0x00000000   Code   RO         3164    .ARM.Collect$$libinit$$0000000A  c_w.l(libinit2.o)
    0x08000162   0x08000162   0x00000000   Code   RO         3166    .ARM.Collect$$libinit$$0000000C  c_w.l(libinit2.o)
    0x08000162   0x08000162   0x00000000   Code   RO         3168    .ARM.Collect$$libinit$$0000000E  c_w.l(libinit2.o)
    0x08000162   0x08000162   0x00000000   Code   RO         3171    .ARM.Collect$$libinit$$00000011  c_w.l(libinit2.o)
    0x08000162   0x08000162   0x00000000   Code   RO         3173    .ARM.Collect$$libinit$$00000013  c_w.l(libinit2.o)
    0x08000162   0x08000162   0x00000000   Code   RO         3175    .ARM.Collect$$libinit$$00000015  c_w.l(libinit2.o)
    0x08000162   0x08000162   0x00000000   Code   RO         3177    .ARM.Collect$$libinit$$00000017  c_w.l(libinit2.o)
    0x08000162   0x08000162   0x00000000   Code   RO         3179    .ARM.Collect$$libinit$$00000019  c_w.l(libinit2.o)
    0x08000162   0x08000162   0x00000000   Code   RO         3181    .ARM.Collect$$libinit$$0000001B  c_w.l(libinit2.o)
    0x08000162   0x08000162   0x00000000   Code   RO         3183    .ARM.Collect$$libinit$$0000001D  c_w.l(libinit2.o)
    0x08000162   0x08000162   0x00000000   Code   RO         3185    .ARM.Collect$$libinit$$0000001F  c_w.l(libinit2.o)
    0x08000162   0x08000162   0x00000000   Code   RO         3187    .ARM.Collect$$libinit$$00000021  c_w.l(libinit2.o)
    0x08000162   0x08000162   0x00000000   Code   RO         3189    .ARM.Collect$$libinit$$00000023  c_w.l(libinit2.o)
    0x08000162   0x08000162   0x00000000   Code   RO         3191    .ARM.Collect$$libinit$$00000025  c_w.l(libinit2.o)
    0x08000162   0x08000162   0x00000000   Code   RO         3195    .ARM.Collect$$libinit$$0000002C  c_w.l(libinit2.o)
    0x08000162   0x08000162   0x00000000   Code   RO         3197    .ARM.Collect$$libinit$$0000002E  c_w.l(libinit2.o)
    0x08000162   0x08000162   0x00000000   Code   RO         3199    .ARM.Collect$$libinit$$00000030  c_w.l(libinit2.o)
    0x08000162   0x08000162   0x00000000   Code   RO         3201    .ARM.Collect$$libinit$$00000032  c_w.l(libinit2.o)
    0x08000162   0x08000162   0x00000002   Code   RO         3202    .ARM.Collect$$libinit$$00000033  c_w.l(libinit2.o)
    0x08000164   0x08000164   0x00000002   Code   RO         3222    .ARM.Collect$$libshutdown$$00000000  c_w.l(libshutdown.o)
    0x08000166   0x08000166   0x00000000   Code   RO         3235    .ARM.Collect$$libshutdown$$00000002  c_w.l(libshutdown2.o)
    0x08000166   0x08000166   0x00000000   Code   RO         3237    .ARM.Collect$$libshutdown$$00000004  c_w.l(libshutdown2.o)
    0x08000166   0x08000166   0x00000000   Code   RO         3240    .ARM.Collect$$libshutdown$$00000007  c_w.l(libshutdown2.o)
    0x08000166   0x08000166   0x00000000   Code   RO         3243    .ARM.Collect$$libshutdown$$0000000A  c_w.l(libshutdown2.o)
    0x08000166   0x08000166   0x00000000   Code   RO         3245    .ARM.Collect$$libshutdown$$0000000C  c_w.l(libshutdown2.o)
    0x08000166   0x08000166   0x00000000   Code   RO         3248    .ARM.Collect$$libshutdown$$0000000F  c_w.l(libshutdown2.o)
    0x08000166   0x08000166   0x00000002   Code   RO         3249    .ARM.Collect$$libshutdown$$00000010  c_w.l(libshutdown2.o)
    0x08000168   0x08000168   0x00000000   Code   RO         3114    .ARM.Collect$$rtentry$$00000000  c_w.l(__rtentry.o)
    0x08000168   0x08000168   0x00000000   Code   RO         3129    .ARM.Collect$$rtentry$$00000002  c_w.l(__rtentry2.o)
    0x08000168   0x08000168   0x00000006   Code   RO         3141    .ARM.Collect$$rtentry$$00000004  c_w.l(__rtentry4.o)
    0x0800016e   0x0800016e   0x00000000   Code   RO         3131    .ARM.Collect$$rtentry$$00000009  c_w.l(__rtentry2.o)
    0x0800016e   0x0800016e   0x00000004   Code   RO         3132    .ARM.Collect$$rtentry$$0000000A  c_w.l(__rtentry2.o)
    0x08000172   0x08000172   0x00000000   Code   RO         3134    .ARM.Collect$$rtentry$$0000000C  c_w.l(__rtentry2.o)
    0x08000172   0x08000172   0x00000008   Code   RO         3135    .ARM.Collect$$rtentry$$0000000D  c_w.l(__rtentry2.o)
    0x0800017a   0x0800017a   0x00000002   Code   RO         3156    .ARM.Collect$$rtexit$$00000000  c_w.l(rtexit.o)
    0x0800017c   0x0800017c   0x00000000   Code   RO         3204    .ARM.Collect$$rtexit$$00000002  c_w.l(rtexit2.o)
    0x0800017c   0x0800017c   0x00000004   Code   RO         3205    .ARM.Collect$$rtexit$$00000003  c_w.l(rtexit2.o)
    0x08000180   0x08000180   0x00000006   Code   RO         3206    .ARM.Collect$$rtexit$$00000004  c_w.l(rtexit2.o)
    0x08000186   0x08000186   0x00000002   PAD
    0x08000188   0x08000188   0x00000040   Code   RO            4    .text               startup_stm32f103xb.o
    0x080001c8   0x080001c8   0x0000004e   Code   RO         3062    .text               c_w.l(rt_memclr_w.o)
    0x08000216   0x08000216   0x00000006   Code   RO         3064    .text               c_w.l(heapauxi.o)
    0x0800021c   0x0800021c   0x0000004a   Code   RO         3143    .text               c_w.l(sys_stackheap_outer.o)
    0x08000266   0x08000266   0x00000012   Code   RO         3145    .text               c_w.l(exit.o)
    0x08000278   0x08000278   0x00000008   Code   RO         3153    .text               c_w.l(libspace.o)
    0x08000280   0x08000280   0x0000000c   Code   RO         3214    .text               c_w.l(sys_exit.o)
    0x0800028c   0x0800028c   0x00000002   Code   RO         3225    .text               c_w.l(use_no_semi.o)
    0x0800028e   0x0800028e   0x00000000   Code   RO         3227    .text               c_w.l(indicate_semi.o)
    0x0800028e   0x0800028e   0x00000004   Code   RO          204    i.BusFault_Handler  stm32f1xx_it.o
    0x08000292   0x08000292   0x00000002   PAD
    0x08000294   0x08000294   0x00000010   Code   RO          205    i.DMA1_Channel4_IRQHandler  stm32f1xx_it.o
    0x080002a4   0x080002a4   0x00000010   Code   RO          206    i.DMA1_Channel5_IRQHandler  stm32f1xx_it.o
    0x080002b4   0x080002b4   0x0000002c   Code   RO         1788    i.DMA_SetConfig     stm32f1xx_hal_dma.o
    0x080002e0   0x080002e0   0x00000002   Code   RO          207    i.DebugMon_Handler  stm32f1xx_it.o
    0x080002e2   0x080002e2   0x00000006   Code   RO           13    i.Error_Handler     main.o
    0x080002e8   0x080002e8   0x00000056   Code   RO         1789    i.HAL_DMA_Abort     stm32f1xx_hal_dma.o
    0x0800033e   0x0800033e   0x00000002   PAD
    0x08000340   0x08000340   0x000000b0   Code   RO         1790    i.HAL_DMA_Abort_IT  stm32f1xx_hal_dma.o
    0x080003f0   0x080003f0   0x0000019c   Code   RO         1794    i.HAL_DMA_IRQHandler  stm32f1xx_hal_dma.o
    0x0800058c   0x0800058c   0x00000068   Code   RO         1795    i.HAL_DMA_Init      stm32f1xx_hal_dma.o
    0x080005f4   0x080005f4   0x0000009c   Code   RO         1799    i.HAL_DMA_Start_IT  stm32f1xx_hal_dma.o
    0x08000690   0x08000690   0x00000320   Code   RO         1725    i.HAL_GPIO_Init     stm32f1xx_hal_gpio.o
    0x080009b0   0x080009b0   0x0000000c   Code   RO         1729    i.HAL_GPIO_WritePin  stm32f1xx_hal_gpio.o
    0x080009bc   0x080009bc   0x0000000c   Code   RO         1414    i.HAL_GetTick       stm32f1xx_hal.o
    0x080009c8   0x080009c8   0x00000018   Code   RO         1420    i.HAL_IncTick       stm32f1xx_hal.o
    0x080009e0   0x080009e0   0x00000028   Code   RO         1421    i.HAL_Init          stm32f1xx_hal.o
    0x08000a08   0x08000a08   0x0000004c   Code   RO         1422    i.HAL_InitTick      stm32f1xx_hal.o
    0x08000a54   0x08000a54   0x00000054   Code   RO          304    i.HAL_MspInit       stm32f1xx_hal_msp.o
    0x08000aa8   0x08000aa8   0x00000020   Code   RO         1885    i.HAL_NVIC_EnableIRQ  stm32f1xx_hal_cortex.o
    0x08000ac8   0x08000ac8   0x0000007c   Code   RO         1891    i.HAL_NVIC_SetPriority  stm32f1xx_hal_cortex.o
    0x08000b44   0x08000b44   0x00000028   Code   RO         1892    i.HAL_NVIC_SetPriorityGrouping  stm32f1xx_hal_cortex.o
    0x08000b6c   0x08000b6c   0x0000018c   Code   RO         1578    i.HAL_RCC_ClockConfig  stm32f1xx_hal_rcc.o
    0x08000cf8   0x08000cf8   0x0000000c   Code   RO         1583    i.HAL_RCC_GetHCLKFreq  stm32f1xx_hal_rcc.o
    0x08000d04   0x08000d04   0x00000020   Code   RO         1585    i.HAL_RCC_GetPCLK1Freq  stm32f1xx_hal_rcc.o
    0x08000d24   0x08000d24   0x00000020   Code   RO         1586    i.HAL_RCC_GetPCLK2Freq  stm32f1xx_hal_rcc.o
    0x08000d44   0x08000d44   0x00000070   Code   RO         1587    i.HAL_RCC_GetSysClockFreq  stm32f1xx_hal_rcc.o
    0x08000db4   0x08000db4   0x00000464   Code   RO         1590    i.HAL_RCC_OscConfig  stm32f1xx_hal_rcc.o
    0x08001218   0x08001218   0x00000034   Code   RO         1896    i.HAL_SYSTICK_Config  stm32f1xx_hal_cortex.o
    0x0800124c   0x0800124c   0x00000002   Code   RO         1136    i.HAL_TIMEx_BreakCallback  stm32f1xx_hal_tim_ex.o
    0x0800124e   0x0800124e   0x00000002   Code   RO         1137    i.HAL_TIMEx_CommutCallback  stm32f1xx_hal_tim_ex.o
    0x08001250   0x08001250   0x00000074   Code   RO         1139    i.HAL_TIMEx_ConfigBreakDeadTime  stm32f1xx_hal_tim_ex.o
    0x080012c4   0x080012c4   0x00000084   Code   RO         1155    i.HAL_TIMEx_MasterConfigSynchronization  stm32f1xx_hal_tim_ex.o
    0x08001348   0x08001348   0x00000066   Code   RO          421    i.HAL_TIM_Base_Init  stm32f1xx_hal_tim.o
    0x080013ae   0x080013ae   0x00000002   PAD
    0x080013b0   0x080013b0   0x00000044   Code   RO          306    i.HAL_TIM_Base_MspInit  stm32f1xx_hal_msp.o
    0x080013f4   0x080013f4   0x00000078   Code   RO          426    i.HAL_TIM_Base_Start_IT  stm32f1xx_hal_tim.o
    0x0800146c   0x0800146c   0x0000003e   Code   RO          429    i.HAL_TIM_Base_Stop_IT  stm32f1xx_hal_tim.o
    0x080014aa   0x080014aa   0x0000010c   Code   RO          430    i.HAL_TIM_ConfigClockSource  stm32f1xx_hal_tim.o
    0x080015b6   0x080015b6   0x000000c4   Code   RO          442    i.HAL_TIM_Encoder_Init  stm32f1xx_hal_tim.o
    0x0800167a   0x0800167a   0x00000002   PAD
    0x0800167c   0x0800167c   0x0000006c   Code   RO          308    i.HAL_TIM_Encoder_MspInit  stm32f1xx_hal_msp.o
    0x080016e8   0x080016e8   0x000000cc   Code   RO          445    i.HAL_TIM_Encoder_Start  stm32f1xx_hal_tim.o
    0x080017b4   0x080017b4   0x00000002   Code   RO          455    i.HAL_TIM_IC_CaptureCallback  stm32f1xx_hal_tim.o
    0x080017b6   0x080017b6   0x00000196   Code   RO          469    i.HAL_TIM_IRQHandler  stm32f1xx_hal_tim.o
    0x0800194c   0x0800194c   0x00000058   Code   RO          309    i.HAL_TIM_MspPostInit  stm32f1xx_hal_msp.o
    0x080019a4   0x080019a4   0x00000002   Code   RO          472    i.HAL_TIM_OC_DelayElapsedCallback  stm32f1xx_hal_tim.o
    0x080019a6   0x080019a6   0x00000104   Code   RO          493    i.HAL_TIM_PWM_ConfigChannel  stm32f1xx_hal_tim.o
    0x08001aaa   0x08001aaa   0x00000066   Code   RO          496    i.HAL_TIM_PWM_Init  stm32f1xx_hal_tim.o
    0x08001b10   0x08001b10   0x00000030   Code   RO          311    i.HAL_TIM_PWM_MspInit  stm32f1xx_hal_msp.o
    0x08001b40   0x08001b40   0x00000002   Code   RO          499    i.HAL_TIM_PWM_PulseFinishedCallback  stm32f1xx_hal_tim.o
    0x08001b42   0x08001b42   0x00000002   PAD
    0x08001b44   0x08001b44   0x000000d4   Code   RO          501    i.HAL_TIM_PWM_Start  stm32f1xx_hal_tim.o
    0x08001c18   0x08001c18   0x000000a8   Code   RO           14    i.HAL_TIM_PeriodElapsedCallback  main.o
    0x08001cc0   0x08001cc0   0x00000002   Code   RO          512    i.HAL_TIM_TriggerCallback  stm32f1xx_hal_tim.o
    0x08001cc2   0x08001cc2   0x00000072   Code   RO         2421    i.HAL_UARTEx_ReceiveToIdle_DMA  stm32f1xx_hal_uart.o
    0x08001d34   0x08001d34   0x00000040   Code   RO           15    i.HAL_UARTEx_RxEventCallback  main.o
    0x08001d74   0x08001d74   0x00000002   Code   RO         2437    i.HAL_UART_ErrorCallback  stm32f1xx_hal_uart.o
    0x08001d76   0x08001d76   0x00000002   PAD
    0x08001d78   0x08001d78   0x000002e4   Code   RO         2440    i.HAL_UART_IRQHandler  stm32f1xx_hal_uart.o
    0x0800205c   0x0800205c   0x00000076   Code   RO         2441    i.HAL_UART_Init     stm32f1xx_hal_uart.o
    0x080020d2   0x080020d2   0x00000002   PAD
    0x080020d4   0x080020d4   0x0000011c   Code   RO          313    i.HAL_UART_MspInit  stm32f1xx_hal_msp.o
    0x080021f0   0x080021f0   0x00000002   Code   RO         2447    i.HAL_UART_RxCpltCallback  stm32f1xx_hal_uart.o
    0x080021f2   0x080021f2   0x00000002   Code   RO         2448    i.HAL_UART_RxHalfCpltCallback  stm32f1xx_hal_uart.o
    0x080021f4   0x080021f4   0x00000002   Code   RO         2452    i.HAL_UART_TxCpltCallback  stm32f1xx_hal_uart.o
    0x080021f6   0x080021f6   0x00000004   Code   RO          208    i.HardFault_Handler  stm32f1xx_it.o
    0x080021fa   0x080021fa   0x00000002   PAD
    0x080021fc   0x080021fc   0x00000044   Code   RO           16    i.MX_DMA_Init       main.o
    0x08002240   0x08002240   0x000000ac   Code   RO           17    i.MX_GPIO_Init      main.o
    0x080022ec   0x080022ec   0x000000c0   Code   RO           18    i.MX_TIM1_Init      main.o
    0x080023ac   0x080023ac   0x00000080   Code   RO           19    i.MX_TIM2_Init      main.o
    0x0800242c   0x0800242c   0x00000070   Code   RO           20    i.MX_TIM3_Init      main.o
    0x0800249c   0x0800249c   0x00000038   Code   RO           21    i.MX_USART1_UART_Init  main.o
    0x080024d4   0x080024d4   0x00000004   Code   RO          209    i.MemManage_Handler  stm32f1xx_it.o
    0x080024d8   0x080024d8   0x00000004   Code   RO          210    i.NMI_Handler       stm32f1xx_it.o
    0x080024dc   0x080024dc   0x00000002   Code   RO          211    i.PendSV_Handler    stm32f1xx_it.o
    0x080024de   0x080024de   0x00000002   PAD
    0x080024e0   0x080024e0   0x00000028   Code   RO         1591    i.RCC_Delay         stm32f1xx_hal_rcc.o
    0x08002508   0x08002508   0x00000002   Code   RO          212    i.SVC_Handler       stm32f1xx_it.o
    0x0800250a   0x0800250a   0x00000008   Code   RO          213    i.SysTick_Handler   stm32f1xx_it.o
    0x08002512   0x08002512   0x00000062   Code   RO           22    i.SystemClock_Config  main.o
    0x08002574   0x08002574   0x00000002   Code   RO         2785    i.SystemInit        system_stm32f1xx.o
    0x08002576   0x08002576   0x00000002   PAD
    0x08002578   0x08002578   0x00000010   Code   RO          214    i.TIM3_IRQHandler   stm32f1xx_it.o
    0x08002588   0x08002588   0x00000074   Code   RO          514    i.TIM_Base_SetConfig  stm32f1xx_hal_tim.o
    0x080025fc   0x080025fc   0x00000022   Code   RO          515    i.TIM_CCxChannelCmd  stm32f1xx_hal_tim.o
    0x0800261e   0x0800261e   0x00000016   Code   RO          525    i.TIM_ETR_SetConfig  stm32f1xx_hal_tim.o
    0x08002634   0x08002634   0x00000012   Code   RO          526    i.TIM_ITRx_SetConfig  stm32f1xx_hal_tim.o
    0x08002646   0x08002646   0x00000002   PAD
    0x08002648   0x08002648   0x00000060   Code   RO          527    i.TIM_OC1_SetConfig  stm32f1xx_hal_tim.o
    0x080026a8   0x080026a8   0x00000068   Code   RO          528    i.TIM_OC2_SetConfig  stm32f1xx_hal_tim.o
    0x08002710   0x08002710   0x00000068   Code   RO          529    i.TIM_OC3_SetConfig  stm32f1xx_hal_tim.o
    0x08002778   0x08002778   0x00000048   Code   RO          530    i.TIM_OC4_SetConfig  stm32f1xx_hal_tim.o
    0x080027c0   0x080027c0   0x00000026   Code   RO          532    i.TIM_TI1_ConfigInputStage  stm32f1xx_hal_tim.o
    0x080027e6   0x080027e6   0x00000028   Code   RO          534    i.TIM_TI2_ConfigInputStage  stm32f1xx_hal_tim.o
    0x0800280e   0x0800280e   0x00000014   Code   RO         2454    i.UART_DMAAbortOnError  stm32f1xx_hal_uart.o
    0x08002822   0x08002822   0x00000050   Code   RO         2455    i.UART_DMAError     stm32f1xx_hal_uart.o
    0x08002872   0x08002872   0x000000b4   Code   RO         2456    i.UART_DMAReceiveCplt  stm32f1xx_hal_uart.o
    0x08002926   0x08002926   0x00000024   Code   RO         2458    i.UART_DMARxHalfCplt  stm32f1xx_hal_uart.o
    0x0800294a   0x0800294a   0x0000006c   Code   RO         2464    i.UART_EndRxTransfer  stm32f1xx_hal_uart.o
    0x080029b6   0x080029b6   0x00000020   Code   RO         2465    i.UART_EndTransmit_IT  stm32f1xx_hal_uart.o
    0x080029d6   0x080029d6   0x00000026   Code   RO         2466    i.UART_EndTxTransfer  stm32f1xx_hal_uart.o
    0x080029fc   0x080029fc   0x000000fc   Code   RO         2467    i.UART_Receive_IT   stm32f1xx_hal_uart.o
    0x08002af8   0x08002af8   0x000000fc   Code   RO         2468    i.UART_SetConfig    stm32f1xx_hal_uart.o
    0x08002bf4   0x08002bf4   0x000000c8   Code   RO         2469    i.UART_Start_Receive_DMA  stm32f1xx_hal_uart.o
    0x08002cbc   0x08002cbc   0x00000060   Code   RO         2471    i.UART_Transmit_IT  stm32f1xx_hal_uart.o
    0x08002d1c   0x08002d1c   0x00000010   Code   RO          215    i.USART1_IRQHandler  stm32f1xx_it.o
    0x08002d2c   0x08002d2c   0x00000004   Code   RO          216    i.UsageFault_Handler  stm32f1xx_it.o
    0x08002d30   0x08002d30   0x00000010   Code   RO         1898    i.__NVIC_GetPriorityGrouping  stm32f1xx_hal_cortex.o
    0x08002d40   0x08002d40   0x00000028   Code   RO         1899    i.__NVIC_SetPriority  stm32f1xx_hal_cortex.o
    0x08002d68   0x08002d68   0x00000070   Code   RO         2854    i.calculate_motor   motor.o
    0x08002dd8   0x08002dd8   0x0000001c   Code   RO         3039    i.crc16_floating    crc16.o
    0x08002df4   0x08002df4   0x00000118   Code   RO         3007    i.decode_received_frame_data  data_transfer_level.o
    0x08002f0c   0x08002f0c   0x0000000a   Code   RO         2944    i.ema_filter_init   ema_filter.o
    0x08002f16   0x08002f16   0x00000028   Code   RO         2945    i.ema_filter_setalpha  ema_filter.o
    0x08002f3e   0x08002f3e   0x00000038   Code   RO         2946    i.ema_filter_update  ema_filter.o
    0x08002f76   0x08002f76   0x0000001e   Code   RO         2821    i.encoder_init      encoder.o
    0x08002f94   0x08002f94   0x000000e4   Code   RO           23    i.main              main.o
    0x08003078   0x08003078   0x00000022   Code   RO         2855    i.motor_init        motor.o
    0x0800309a   0x0800309a   0x00000048   Code   RO         2856    i.motor_set_PWM     motor.o
    0x080030e2   0x080030e2   0x00000002   PAD
    0x080030e4   0x080030e4   0x00000120   Code   RO         2905    i.pid_compute_position  pid.o
    0x08003204   0x08003204   0x00000128   Code   RO         2906    i.pid_compute_velocity  pid.o
    0x0800332c   0x0800332c   0x00000010   Code   RO         2907    i.pid_init          pid.o
    0x0800333c   0x0800333c   0x00000020   Code   RO         2822    i.read_from_encoder  encoder.o
    0x0800335c   0x0800335c   0x00000006   Code   RO         2971    i.send_error_signal_t  cmd_handle.o
    0x08003362   0x08003362   0x00000002   PAD
    0x08003364   0x08003364   0x0000010c   Code   RO         2972    i.test_cmd_handler  cmd_handle.o
    0x08003470   0x08003470   0x00000062   Code   RO         3068    x$fpl$d2f           fz_ws.l(d2f.o)
    0x080034d2   0x080034d2   0x00000002   PAD
    0x080034d4   0x080034d4   0x00000150   Code   RO         3070    x$fpl$dadd          fz_ws.l(daddsub_clz.o)
    0x08003624   0x08003624   0x00000018   Code   RO         3115    x$fpl$dcmpinf       fz_ws.l(dcmpi.o)
    0x0800363c   0x0800363c   0x000002b0   Code   RO         3077    x$fpl$ddiv          fz_ws.l(ddiv.o)
    0x080038ec   0x080038ec   0x00000078   Code   RO         3080    x$fpl$dleqf         fz_ws.l(dleqf.o)
    0x08003964   0x08003964   0x00000154   Code   RO         3082    x$fpl$dmul          fz_ws.l(dmul.o)
    0x08003ab8   0x08003ab8   0x0000009c   Code   RO         3117    x$fpl$dnaninf       fz_ws.l(dnaninf.o)
    0x08003b54   0x08003b54   0x0000000c   Code   RO         3119    x$fpl$dretinf       fz_ws.l(dretinf.o)
    0x08003b60   0x08003b60   0x0000006c   Code   RO         3084    x$fpl$drleqf        fz_ws.l(drleqf.o)
    0x08003bcc   0x08003bcc   0x000001d4   Code   RO         3072    x$fpl$dsub          fz_ws.l(daddsub_clz.o)
    0x08003da0   0x08003da0   0x00000056   Code   RO         3086    x$fpl$f2d           fz_ws.l(f2d.o)
    0x08003df6   0x08003df6   0x00000002   PAD
    0x08003df8   0x08003df8   0x000000c4   Code   RO         3088    x$fpl$fadd          fz_ws.l(faddsub_clz.o)
    0x08003ebc   0x08003ebc   0x00000018   Code   RO         3121    x$fpl$fcmpinf       fz_ws.l(fcmpi.o)
    0x08003ed4   0x08003ed4   0x00000184   Code   RO         3095    x$fpl$fdiv          fz_ws.l(fdiv.o)
    0x08004058   0x08004058   0x00000036   Code   RO         3098    x$fpl$ffix          fz_ws.l(ffix.o)
    0x0800408e   0x0800408e   0x00000002   PAD
    0x08004090   0x08004090   0x00000030   Code   RO         3103    x$fpl$fflt          fz_ws.l(fflt_clz.o)
    0x080040c0   0x080040c0   0x00000068   Code   RO         3108    x$fpl$fleqf         fz_ws.l(fleqf.o)
    0x08004128   0x08004128   0x00000102   Code   RO         3110    x$fpl$fmul          fz_ws.l(fmul.o)
    0x0800422a   0x0800422a   0x0000008c   Code   RO         3123    x$fpl$fnaninf       fz_ws.l(fnaninf.o)
    0x080042b6   0x080042b6   0x0000000a   Code   RO         3125    x$fpl$fretinf       fz_ws.l(fretinf.o)
    0x080042c0   0x080042c0   0x00000062   Code   RO         3112    x$fpl$frleqf        fz_ws.l(frleqf.o)
    0x08004322   0x08004322   0x00000002   PAD
    0x08004324   0x08004324   0x000000ea   Code   RO         3090    x$fpl$fsub          fz_ws.l(faddsub_clz.o)
    0x0800440e   0x0800440e   0x00000000   Code   RO         3127    x$fpl$usenofp       fz_ws.l(usenofp.o)
    0x0800440e   0x0800440e   0x00000012   Data   RO         1592    .constdata          stm32f1xx_hal_rcc.o
    0x08004420   0x08004420   0x00000018   Data   RO         2786    .constdata          system_stm32f1xx.o
    0x08004438   0x08004438   0x00000200   Data   RO         3040    .constdata          crc16.o
    0x08004638   0x08004638   0x00000020   Data   RO         3280    Region$$Table       anon$$obj.o


    Execution Region RW_IRAM1 (Exec base: 0x20000000, Load base: 0x08004658, Size: 0x000008b0, Max: 0x00005000, ABSOLUTE)

    Exec Addr    Load Addr    Size         Type   Attr      Idx    E Section Name        Object

    0x20000000   0x08004658   0x00000016   Data   RW           25    .data               main.o
    0x20000016   0x0800466e   0x00000002   PAD
    0x20000018   0x08004670   0x00000009   Data   RW         1428    .data               stm32f1xx_hal.o
    0x20000021   0x08004679   0x00000003   PAD
    0x20000024   0x0800467c   0x00000004   Data   RW         2787    .data               system_stm32f1xx.o
    0x20000028        -       0x00000225   Zero   RW           24    .bss                main.o
    0x2000024d   0x08004680   0x00000003   PAD
    0x20000250        -       0x00000060   Zero   RW         3154    .bss                c_w.l(libspace.o)
    0x200002b0        -       0x00000200   Zero   RW            2    HEAP                startup_stm32f103xb.o
    0x200004b0        -       0x00000400   Zero   RW            1    STACK               startup_stm32f103xb.o


==============================================================================

Image component sizes


      Code (inc. data)   RO Data    RW Data    ZI Data      Debug   Object Name

       274          8          0          0          0       2045   cmd_handle.o
        28          6        512          0          0       1121   crc16.o
       280          0          0          0          0       1873   data_transfer_level.o
       106          0          0          0          0       2064   ema_filter.o
        62          0          0          0          0       1943   encoder.o
      1292        184          0         22        549     435853   main.o
       218         22          0          0          0       2759   motor.o
       600         56          0          0          0       3349   pid.o
        64         26        236          0       1536        836   startup_stm32f103xb.o
       152         32          0          9          0       5453   stm32f1xx_hal.o
       304         22          0          0          0      29583   stm32f1xx_hal_cortex.o
       978         12          0          0          0       5034   stm32f1xx_hal_dma.o
       812         34          0          0          0       2748   stm32f1xx_hal_gpio.o
       680         74          0          0          0       4518   stm32f1xx_hal_msp.o
      1748         98         18          0          0       6168   stm32f1xx_hal_rcc.o
      2584         60          0          0          0      18284   stm32f1xx_hal_tim.o
       252         14          0          0          0       3341   stm32f1xx_hal_tim_ex.o
      2274         22          0          0          0      14045   stm32f1xx_hal_uart.o
        98         24          0          0          0       6118   stm32f1xx_it.o
         2          0         24          4          0       1191   system_stm32f1xx.o

    ----------------------------------------------------------------------
     12834        694        822         40       2088     548326   Object Totals
         0          0         32          0          0          0   (incl. Generated)
        26          0          0          5          3          0   (incl. Padding)

    ----------------------------------------------------------------------

      Code (inc. data)   RO Data    RW Data    ZI Data      Debug   Library Member Name

         8          0          0          0          0         68   __main.o
         0          0          0          0          0          0   __rtentry.o
        12          0          0          0          0          0   __rtentry2.o
         6          0          0          0          0          0   __rtentry4.o
        52          8          0          0          0          0   __scatter.o
        26          0          0          0          0          0   __scatter_copy.o
        28          0          0          0          0          0   __scatter_zi.o
        18          0          0          0          0         80   exit.o
         6          0          0          0          0        152   heapauxi.o
         0          0          0          0          0          0   indicate_semi.o
         2          0          0          0          0          0   libinit.o
         2          0          0          0          0          0   libinit2.o
         2          0          0          0          0          0   libshutdown.o
         2          0          0          0          0          0   libshutdown2.o
         8          4          0          0         96         68   libspace.o
        78          0          0          0          0         80   rt_memclr_w.o
         2          0          0          0          0          0   rtexit.o
        10          0          0          0          0          0   rtexit2.o
        12          4          0          0          0         68   sys_exit.o
        74          0          0          0          0         80   sys_stackheap_outer.o
         2          0          0          0          0         68   use_no_semi.o
        98          4          0          0          0         92   d2f.o
       804         16          0          0          0        272   daddsub_clz.o
        24          0          0          0          0         68   dcmpi.o
       688        140          0          0          0        208   ddiv.o
       120          4          0          0          0         92   dleqf.o
       340         12          0          0          0        104   dmul.o
       156          4          0          0          0         92   dnaninf.o
        12          0          0          0          0         68   dretinf.o
       108          0          0          0          0         80   drleqf.o
        86          4          0          0          0         84   f2d.o
       430          8          0          0          0        168   faddsub_clz.o
        24          0          0          0          0         68   fcmpi.o
       388         76          0          0          0         96   fdiv.o
        54          4          0          0          0         84   ffix.o
        48          0          0          0          0         68   fflt_clz.o
       104          4          0          0          0         84   fleqf.o
       258          4          0          0          0         84   fmul.o
       140          4          0          0          0         84   fnaninf.o
        10          0          0          0          0         68   fretinf.o
        98          0          0          0          0         68   frleqf.o
         0          0          0          0          0          0   usenofp.o

    ----------------------------------------------------------------------
      4352        300          0          0         96       2696   Library Totals
        12          0          0          0          0          0   (incl. Padding)

    ----------------------------------------------------------------------

      Code (inc. data)   RO Data    RW Data    ZI Data      Debug   Library Name

       350         16          0          0         96        664   c_w.l
      3990        284          0          0          0       2032   fz_ws.l

    ----------------------------------------------------------------------
      4352        300          0          0         96       2696   Library Totals

    ----------------------------------------------------------------------

==============================================================================


      Code (inc. data)   RO Data    RW Data    ZI Data      Debug   

     17186        994        822         40       2184     543894   Grand Totals
     17186        994        822         40       2184     543894   ELF Image Totals
     17186        994        822         40          0          0   ROM Totals

==============================================================================

    Total RO  Size (Code + RO Data)                18008 (  17.59kB)
    Total RW  Size (RW Data + ZI Data)              2224 (   2.17kB)
    Total ROM Size (Code + RO Data + RW Data)      18048 (  17.63kB)

==============================================================================

